2019-08-28 12:52:10,522 - mylogger - INFO - adding test result to TC49577
2019-08-28 12:54:07,873 - mylogger - INFO - adding test result to TC49577
2019-08-28 12:57:28,166 - mylogger - INFO - adding test result to TC49577
2019-08-28 13:04:13,800 - mylogger - INFO - adding test result to TC49577
2019-09-02 21:02:49,116 - mylogger - INFO - adding test result to TC22169
2019-09-02 21:19:44,187 - mylogger - INFO - adding test result to TC22169
2019-09-02 21:26:05,481 - mylogger - INFO - adding test result to TC22169
2019-09-02 21:27:18,782 - mylogger - INFO - adding test result to TC22169
2019-09-02 21:55:52,393 - mylogger - ERROR - fail to add test result to TC22169 for the given user Jine does not exist
2019-09-02 21:55:52,393 - mylogger - ERROR - fail to add test result to TC22169 for the given user Jine does not exist
2019-09-02 21:57:17,606 - mylogger - ERROR - fail to add test result to TC22169 for the given user Jine does not exist
2019-09-02 21:57:17,606 - mylogger - ERROR - fail to add test result to TC22169 for the given user Jine does not exist
2019-09-02 22:01:31,436 - mylogger - ERROR - fail to add test result to TC22169 for the given user Jine does not exist
2019-09-02 22:01:31,436 - mylogger - ERROR - fail to add test result to TC22169 for the given user Jine does not exist
2019-09-02 22:03:33,007 - mylogger - ERROR - fail to add test result to TC22169 for the given user Jine does not exist
2019-09-02 22:03:33,007 - mylogger - ERROR - fail to add test result to TC22169 for the given user Jine does not exist
2019-09-02 22:07:10,084 - mylogger - ERROR - fail to add test result to TC22169 for the given user Jine does not exist
2019-09-02 22:07:10,084 - mylogger - ERROR - fail to add test result to TC22169 for the given user Jine does not exist
2019-09-02 22:11:51,301 - mylogger - ERROR - fail to add test result to TC22169 for the given user Jine does not exist
2019-09-02 22:21:33,909 - mylogger - ERROR - fail to add test result to TC22169 for the given user Jine does not exist
2019-09-03 21:57:44,593 - mylogger - INFO - adding test result to TC40878
2019-09-03 21:58:03,545 - mylogger - INFO - adding test result to TC40876
2019-09-03 22:04:06,427 - mylogger - INFO - adding test result to TC40878
2019-09-03 22:04:09,258 - mylogger - INFO - adding test result to TC40876
2019-09-03 22:11:57,687 - mylogger - INFO - adding test result to TC22903
2019-09-03 22:13:40,223 - mylogger - INFO - adding test result to TC22903
2019-09-05 09:07:27,956 - mylogger - INFO - done
2019-09-05 09:08:34,277 - mylogger - INFO - done
2019-09-05 21:15:59,818 - mylogger - INFO - done
2019-09-05 21:19:37,064 - mylogger - INFO - done
2019-09-17 17:25:48,178 - mylogger - INFO - adding test result to TC49577
2019-09-17 17:27:26,536 - mylogger - INFO - adding test result to TC53238
2019-09-17 17:37:26,341 - mylogger - INFO - adding test result to TC53238
2019-09-17 17:39:06,992 - mylogger - INFO - adding test result to TC53238
2019-09-17 17:40:43,219 - mylogger - INFO - adding test result to TC53238
2019-09-17 17:40:45,963 - mylogger - INFO - adding test result to TC53239
2019-09-17 17:41:58,934 - mylogger - INFO - adding test result to TC53238
2019-09-17 17:42:01,392 - mylogger - INFO - adding test result to TC53239
2019-09-17 17:42:03,594 - mylogger - INFO - adding test result to TC54311
2019-09-17 17:42:05,714 - mylogger - INFO - adding test result to TC54312
2019-09-17 17:42:08,255 - mylogger - INFO - adding test result to TC54313
2019-09-17 17:42:11,180 - mylogger - INFO - adding test result to TC54315
2019-09-17 17:42:15,317 - mylogger - INFO - adding test result to TC54316
2019-09-17 17:42:17,952 - mylogger - INFO - adding test result to TC54317
2019-09-17 17:42:20,043 - mylogger - INFO - adding test result to TC54318
2019-09-17 17:42:21,975 - mylogger - INFO - adding test result to TC54319
2019-09-17 17:42:24,150 - mylogger - INFO - adding test result to TC54320
2019-09-17 17:42:26,472 - mylogger - INFO - adding test result to TC54321
2019-09-17 17:42:28,936 - mylogger - INFO - adding test result to TC54329
2019-09-17 17:42:30,983 - mylogger - INFO - adding test result to TC54330
2019-09-17 17:42:33,039 - mylogger - INFO - adding test result to TC54331
2019-09-17 17:42:35,285 - mylogger - INFO - adding test result to TC54332
2019-09-17 17:42:37,537 - mylogger - INFO - adding test result to TC54333
2019-09-17 17:42:39,684 - mylogger - INFO - adding test result to TC54335
2019-09-17 17:42:41,612 - mylogger - INFO - adding test result to TC54338
2019-09-17 17:42:43,798 - mylogger - INFO - adding test result to TC54339
2019-09-17 17:42:45,830 - mylogger - INFO - adding test result to TC54340
2019-09-17 17:42:47,792 - mylogger - INFO - adding test result to TC54341
2019-09-17 17:42:50,032 - mylogger - INFO - adding test result to TC54342
2019-09-17 17:42:52,088 - mylogger - INFO - adding test result to TC54343
2019-09-17 17:42:54,230 - mylogger - INFO - adding test result to TC54344
2019-09-17 17:42:56,583 - mylogger - INFO - adding test result to TC54345
2019-09-17 17:42:58,426 - mylogger - ERROR - fail to add test result to None for the given user None does not exist
2019-09-17 21:42:44,026 - mylogger - INFO - adding test result to <pyral.entity.TestCase object at 0x10d6ef9d0>
2019-09-17 21:48:11,909 - mylogger - INFO - adding test result to <pyral.entity.TestCase object at 0x106f44190>
2019-09-17 21:50:47,796 - mylogger - INFO - adding test result to TC8929
2019-09-17 21:53:53,690 - mylogger - INFO - adding test result to TC8929
2019-09-17 21:58:12,351 - mylogger - INFO - adding test result to TC8929
2019-09-17 21:58:14,437 - mylogger - INFO - adding test result to TC8944
2019-09-17 21:58:16,335 - mylogger - INFO - adding test result to TC8948
2019-09-17 21:58:18,650 - mylogger - INFO - adding test result to TC8949
2019-09-17 21:58:20,150 - mylogger - INFO - adding test result to TC8950
2019-09-17 21:58:21,980 - mylogger - INFO - adding test result to TC8952
2019-09-17 21:58:23,669 - mylogger - INFO - adding test result to TC8951
2019-09-17 21:58:27,723 - mylogger - ERROR - fail to add test result to TC8951 for the given user None does not exist
2019-09-17 21:58:28,386 - mylogger - ERROR - fail to add test result to TC8951 for the given user None does not exist
2019-09-17 21:58:29,041 - mylogger - ERROR - fail to add test result to TC8951 for the given user None does not exist
2019-09-17 21:58:29,762 - mylogger - ERROR - fail to add test result to TC8951 for the given user None does not exist
2019-09-17 22:03:46,435 - mylogger - INFO - adding test result to TC8929
2019-09-17 22:04:02,382 - mylogger - INFO - adding test result to TC8944
2019-09-17 22:04:13,569 - mylogger - INFO - adding test result to TC8948
2019-09-17 22:04:18,320 - mylogger - INFO - adding test result to TC8949
2019-09-17 22:04:47,825 - mylogger - INFO - adding test result to TC8929
2019-09-17 22:04:50,804 - mylogger - INFO - adding test result to TC8944
2019-09-17 22:04:56,614 - mylogger - INFO - adding test result to TC8948
2019-09-17 22:04:58,778 - mylogger - INFO - adding test result to TC8949
2019-09-17 22:05:01,029 - mylogger - INFO - adding test result to TC8950
2019-09-17 22:05:06,097 - mylogger - INFO - adding test result to TC8952
2019-09-17 22:05:13,878 - mylogger - INFO - adding test result to TC8951
2019-09-17 22:05:16,799 - mylogger - ERROR - fail to add test result to TC8951 for the given user None does not exist
2019-09-17 22:05:17,625 - mylogger - ERROR - fail to add test result to TC8951 for the given user None does not exist
2019-09-17 22:05:18,721 - mylogger - ERROR - fail to add test result to TC8951 for the given user None does not exist
2019-09-17 22:05:19,359 - mylogger - ERROR - fail to add test result to TC8951 for the given user None does not exist
2019-09-17 22:06:54,066 - mylogger - INFO - adding test result to TC8929
2019-09-17 22:06:57,525 - mylogger - INFO - adding test result to TC8944
2019-09-17 22:06:59,922 - mylogger - INFO - adding test result to TC8948
2019-09-17 22:07:01,238 - mylogger - INFO - adding test result to TC8949
2019-09-17 22:07:04,110 - mylogger - INFO - adding test result to TC8950
2019-09-17 22:07:05,373 - mylogger - INFO - adding test result to TC8952
2019-09-17 22:07:07,497 - mylogger - INFO - adding test result to TC8951
2019-09-17 22:14:35,143 - mylogger - INFO - adding test result to TC8929
2019-09-17 22:14:37,139 - mylogger - INFO - adding test result to TC8944
2019-09-17 22:14:39,095 - mylogger - INFO - adding test result to TC8948
2019-09-17 22:14:44,209 - mylogger - INFO - adding test result to TC8949
2019-09-17 22:14:46,664 - mylogger - INFO - adding test result to TC8950
2019-09-17 22:14:48,479 - mylogger - INFO - adding test result to TC8952
2019-09-17 22:14:50,258 - mylogger - INFO - adding test result to TC8951
2019-09-17 22:17:07,674 - mylogger - INFO - adding test result to TC8929
2019-09-17 22:17:10,696 - mylogger - INFO - adding test result to TC8944
2019-09-17 22:17:12,482 - mylogger - INFO - adding test result to TC8948
2019-09-17 22:17:25,501 - mylogger - INFO - adding test result to TC8949
2019-09-17 22:17:27,953 - mylogger - INFO - adding test result to TC8950
2019-09-17 22:17:29,275 - mylogger - INFO - adding test result to TC8952
2019-09-17 22:17:31,501 - mylogger - INFO - adding test result to TC8951
2019-09-18 21:28:26,741 - mylogger - INFO - adding test result to TC53238
2019-09-18 22:22:26,109 - mylogger - INFO - adding test result to TC53238
2019-09-18 22:25:10,785 - mylogger - INFO - adding test result to TC53238
2019-09-18 22:26:02,096 - mylogger - INFO - adding test result to TC53238
2019-09-20 19:13:52,429 - mylogger - ERROR - fail to add test result to TC15199 for the given testcase TC15199 does not exist
2019-09-20 19:13:53,047 - mylogger - ERROR - fail to add test result to TC53200 for the given testcase TC53200 does not exist
2019-09-20 19:13:54,271 - mylogger - ERROR - fail to add test result to TC48802 for the given testcase TC48802 does not exist
2019-09-20 19:13:54,871 - mylogger - ERROR - fail to add test result to TC48803 for the given testcase TC48803 does not exist
2019-09-20 19:13:55,703 - mylogger - ERROR - fail to add test result to TC48804 for the given testcase TC48804 does not exist
2019-09-20 19:13:57,034 - mylogger - ERROR - fail to add test result to TC48805 for the given testcase TC48805 does not exist
2019-09-20 19:13:57,641 - mylogger - ERROR - fail to add test result to TC48806 for the given testcase TC48806 does not exist
2019-09-20 19:13:58,240 - mylogger - ERROR - fail to add test result to TC48810 for the given testcase TC48810 does not exist
2019-09-20 19:13:58,837 - mylogger - ERROR - fail to add test result to TC48811 for the given testcase TC48811 does not exist
2019-09-20 19:13:59,595 - mylogger - ERROR - fail to add test result to TC48812 for the given testcase TC48812 does not exist
2019-09-20 19:14:00,220 - mylogger - ERROR - fail to add test result to TC7778 for the given testcase TC7778 does not exist
2019-09-20 19:14:00,926 - mylogger - ERROR - fail to add test result to TC44037 for the given testcase TC44037 does not exist
2019-09-20 19:14:01,647 - mylogger - ERROR - fail to add test result to TC44044 for the given testcase TC44044 does not exist
2019-09-20 19:14:42,175 - mylogger - INFO - adding test result to TC15199
2019-09-20 19:15:39,027 - mylogger - INFO - adding test result to TC15199
2019-09-20 19:15:41,878 - mylogger - INFO - adding test result to TC53200
2019-09-20 19:15:44,629 - mylogger - INFO - adding test result to TC48802
2019-09-20 19:15:47,630 - mylogger - INFO - adding test result to TC48803
2019-09-20 19:15:50,004 - mylogger - INFO - adding test result to TC48804
2019-09-20 19:15:52,554 - mylogger - INFO - adding test result to TC48805
2019-09-20 19:15:55,412 - mylogger - INFO - adding test result to TC48806
2019-09-20 19:15:58,046 - mylogger - INFO - adding test result to TC48810
2019-09-20 19:16:01,275 - mylogger - INFO - adding test result to TC48811
2019-09-20 19:16:03,696 - mylogger - INFO - adding test result to TC48812
2019-09-20 19:16:06,852 - mylogger - INFO - adding test result to TC7778
2019-09-20 19:16:09,542 - mylogger - INFO - adding test result to TC44037
2019-09-20 19:16:12,000 - mylogger - INFO - adding test result to TC44044
2019-09-20 19:25:32,260 - mylogger - INFO - adding test result to TC15199
2019-09-20 19:25:34,874 - mylogger - INFO - adding test result to TC53200
2019-09-20 19:25:36,844 - mylogger - INFO - adding test result to TC48802
2019-09-20 19:25:39,623 - mylogger - INFO - adding test result to TC48803
2019-09-20 19:25:41,868 - mylogger - INFO - adding test result to TC48804
2019-09-20 19:25:44,421 - mylogger - INFO - adding test result to TC48805
2019-09-20 19:25:46,454 - mylogger - INFO - adding test result to TC48806
2019-09-20 19:25:48,306 - mylogger - INFO - adding test result to TC48810
2019-09-20 19:25:50,194 - mylogger - INFO - adding test result to TC48811
2019-09-20 19:25:52,101 - mylogger - INFO - adding test result to TC48812
2019-09-20 19:25:54,866 - mylogger - INFO - adding test result to TC7778
2019-09-20 19:25:57,119 - mylogger - INFO - adding test result to TC44037
2019-09-20 19:25:58,950 - mylogger - INFO - adding test result to TC44044
2019-09-20 19:40:49,778 - mylogger - INFO - adding test result to TC15199
2019-09-20 19:40:53,025 - mylogger - INFO - adding test result to TC53200
2019-09-20 19:40:55,636 - mylogger - INFO - adding test result to TC48802
2019-09-20 19:40:57,836 - mylogger - INFO - adding test result to TC48803
2019-09-20 19:40:59,884 - mylogger - INFO - adding test result to TC48804
2019-09-20 19:41:01,727 - mylogger - INFO - adding test result to TC48805
2019-09-20 19:41:03,558 - mylogger - INFO - adding test result to TC48806
2019-09-20 19:41:05,413 - mylogger - INFO - adding test result to TC48810
2019-09-20 19:41:07,666 - mylogger - INFO - adding test result to TC48811
2019-09-20 19:41:09,419 - mylogger - INFO - adding test result to TC48812
2019-09-20 19:41:11,654 - mylogger - INFO - adding test result to TC7778
2019-09-20 19:41:13,643 - mylogger - INFO - adding test result to TC44037
2019-09-20 19:41:15,845 - mylogger - INFO - adding test result to TC44044
2019-09-20 19:41:17,703 - mylogger - INFO - adding test result to TC48772
2019-09-23 13:07:33,732 - mylogger - INFO - adding test result to TC22169
2019-09-23 13:07:36,186 - mylogger - INFO - adding test result to TC24567
2019-09-23 13:07:38,523 - mylogger - INFO - adding test result to TC37209
2019-09-23 13:07:40,626 - mylogger - INFO - adding test result to TC37211
2019-09-23 13:07:42,843 - mylogger - INFO - adding test result to TC37213
2019-09-23 13:07:45,409 - mylogger - INFO - adding test result to TC40873
2019-09-23 13:07:48,724 - mylogger - INFO - adding test result to TC53475
2019-09-23 13:07:50,729 - mylogger - INFO - adding test result to TC53476
2019-09-23 13:12:41,856 - mylogger - ERROR - fail to get test result for the given testcase TC22169
2019-09-23 13:12:42,166 - mylogger - ERROR - fail to get test result for the given testcase TC24567
2019-09-23 13:12:42,471 - mylogger - ERROR - fail to get test result for the given testcase TC37209
2019-09-23 13:12:42,762 - mylogger - ERROR - fail to get test result for the given testcase TC37211
2019-09-23 13:12:43,190 - mylogger - ERROR - fail to get test result for the given testcase TC37213
2019-09-23 13:12:44,110 - mylogger - ERROR - fail to get test result for the given testcase TC40873
2019-09-23 13:12:44,422 - mylogger - ERROR - fail to get test result for the given testcase TC53475
2019-09-23 13:12:44,709 - mylogger - ERROR - fail to get test result for the given testcase TC53476
2019-09-23 13:19:45,465 - mylogger - INFO - adding testcase TC40873 to testset TS35612
2019-09-23 13:26:07,545 - mylogger - INFO - adding testcase TC40873 to testset TS35612
2019-09-23 14:27:48,288 - mylogger - INFO - adding testcase TC54578 to testset TS35586
2019-09-23 14:27:49,500 - mylogger - INFO - adding testcase TC54577 to testset TS35586
2019-09-23 14:27:50,717 - mylogger - INFO - adding testcase TC54576 to testset TS35586
2019-09-23 14:27:51,883 - mylogger - INFO - adding testcase TC54575 to testset TS35586
2019-09-23 14:27:53,318 - mylogger - INFO - adding testcase TC54574 to testset TS35586
2019-09-23 14:27:54,750 - mylogger - INFO - adding testcase TC54458 to testset TS35586
2019-09-23 14:27:55,981 - mylogger - INFO - adding testcase TC48816 to testset TS35586
2019-09-23 14:27:57,181 - mylogger - INFO - adding testcase TC48815 to testset TS35586
2019-09-23 14:27:58,435 - mylogger - INFO - adding testcase TC48812 to testset TS35586
2019-09-23 14:27:59,954 - mylogger - INFO - adding testcase TC48811 to testset TS35586
2019-09-23 14:28:01,201 - mylogger - INFO - adding testcase TC48810 to testset TS35586
2019-09-23 14:28:02,634 - mylogger - INFO - adding testcase TC48807 to testset TS35586
2019-09-23 14:28:04,163 - mylogger - INFO - adding testcase TC48806 to testset TS35586
2019-09-23 14:28:05,308 - mylogger - INFO - adding testcase TC48805 to testset TS35586
2019-09-23 14:28:06,527 - mylogger - INFO - adding testcase TC48804 to testset TS35586
2019-09-23 14:28:07,754 - mylogger - INFO - adding testcase TC48803 to testset TS35586
2019-09-23 14:28:08,985 - mylogger - INFO - adding testcase TC48802 to testset TS35586
2019-09-23 14:28:10,470 - mylogger - INFO - adding testcase TC48772 to testset TS35586
2019-09-23 14:28:11,727 - mylogger - INFO - adding testcase TC41063 to testset TS35586
2019-09-23 14:28:13,082 - mylogger - INFO - adding testcase TC41006 to testset TS35586
2019-09-23 14:28:14,274 - mylogger - INFO - adding testcase TC41003 to testset TS35586
2019-09-23 14:28:15,970 - mylogger - INFO - adding testcase TC41001 to testset TS35586
2019-09-23 14:28:17,395 - mylogger - INFO - adding testcase TC40999 to testset TS35586
2019-09-23 14:28:18,814 - mylogger - INFO - adding testcase TC40948 to testset TS35586
2019-09-23 14:28:19,944 - mylogger - INFO - adding testcase TC34470 to testset TS35586
2019-09-23 14:28:21,501 - mylogger - INFO - adding testcase TC19956 to testset TS35586
2019-09-23 14:45:08,893 - mylogger - INFO - adding testcase TC8818 to testset TS35586
2019-09-23 14:45:10,222 - mylogger - INFO - adding testcase TC9201 to testset TS35586
2019-09-23 14:45:11,360 - mylogger - INFO - adding testcase TC15629 to testset TS35586
2019-09-23 14:45:12,582 - mylogger - INFO - adding testcase TC19953 to testset TS35586
2019-09-23 14:45:13,694 - mylogger - INFO - adding testcase TC19956 to testset TS35586
2019-09-23 14:45:14,950 - mylogger - INFO - adding testcase TC19959 to testset TS35586
2019-09-23 14:45:16,880 - mylogger - INFO - adding testcase TC26244 to testset TS35586
2019-09-23 14:45:18,313 - mylogger - INFO - adding testcase TC34183 to testset TS35586
2019-09-23 14:45:19,542 - mylogger - INFO - adding testcase TC34470 to testset TS35586
2019-09-23 14:45:20,924 - mylogger - INFO - adding testcase TC38970 to testset TS35586
2019-09-23 14:45:22,203 - mylogger - INFO - adding testcase TC38974 to testset TS35586
2019-09-23 14:45:23,462 - mylogger - INFO - adding testcase TC39684 to testset TS35586
2019-09-23 14:45:24,657 - mylogger - INFO - adding testcase TC40948 to testset TS35586
2019-09-23 14:45:25,908 - mylogger - INFO - adding testcase TC40995 to testset TS35586
2019-09-23 14:45:27,120 - mylogger - INFO - adding testcase TC40999 to testset TS35586
2019-09-23 14:45:28,348 - mylogger - INFO - adding testcase TC41001 to testset TS35586
2019-09-23 14:45:29,577 - mylogger - INFO - adding testcase TC41003 to testset TS35586
2019-09-23 14:45:30,806 - mylogger - INFO - adding testcase TC41006 to testset TS35586
2019-09-23 14:45:32,035 - mylogger - INFO - adding testcase TC41063 to testset TS35586
2019-09-23 14:45:33,365 - mylogger - INFO - adding testcase TC41342 to testset TS35586
2019-09-23 14:45:34,635 - mylogger - INFO - adding testcase TC41343 to testset TS35586
2019-09-23 14:45:36,012 - mylogger - INFO - adding testcase TC41344 to testset TS35586
2019-09-23 14:45:37,258 - mylogger - INFO - adding testcase TC41345 to testset TS35586
2019-09-23 14:45:38,426 - mylogger - INFO - adding testcase TC41347 to testset TS35586
2019-09-23 14:45:39,818 - mylogger - INFO - adding testcase TC41348 to testset TS35586
2019-09-23 14:45:41,183 - mylogger - INFO - adding testcase TC41349 to testset TS35586
2019-09-23 14:45:43,049 - mylogger - INFO - adding testcase TC41350 to testset TS35586
2019-09-23 14:45:44,426 - mylogger - INFO - adding testcase TC41897 to testset TS35586
2019-09-23 14:45:45,655 - mylogger - INFO - adding testcase TC42260 to testset TS35586
2019-09-23 14:45:46,884 - mylogger - INFO - adding testcase TC42273 to testset TS35586
2019-09-23 14:45:49,751 - mylogger - INFO - adding testcase TC42646 to testset TS35586
2019-09-23 14:45:51,748 - mylogger - INFO - adding testcase TC46448 to testset TS35586
2019-09-23 14:45:53,048 - mylogger - INFO - adding testcase TC48772 to testset TS35586
2019-09-23 14:45:54,267 - mylogger - INFO - adding testcase TC48802 to testset TS35586
2019-09-23 14:45:55,587 - mylogger - INFO - adding testcase TC48803 to testset TS35586
2019-09-23 14:45:56,583 - mylogger - INFO - adding testcase TC48804 to testset TS35586
2019-09-23 14:45:57,585 - mylogger - INFO - adding testcase TC48805 to testset TS35586
2019-09-23 14:45:59,269 - mylogger - INFO - adding testcase TC48806 to testset TS35586
2019-09-23 14:46:00,271 - mylogger - INFO - adding testcase TC48807 to testset TS35586
2019-09-23 14:46:01,527 - mylogger - INFO - adding testcase TC48810 to testset TS35586
2019-09-23 14:46:02,757 - mylogger - INFO - adding testcase TC48811 to testset TS35586
2019-09-23 14:46:04,087 - mylogger - INFO - adding testcase TC48812 to testset TS35586
2019-09-23 14:46:05,213 - mylogger - INFO - adding testcase TC48815 to testset TS35586
2019-09-23 14:46:06,420 - mylogger - INFO - adding testcase TC48816 to testset TS35586
2019-09-23 14:46:07,664 - mylogger - INFO - adding testcase TC49856 to testset TS35586
2019-09-23 14:46:08,817 - mylogger - INFO - adding testcase TC49857 to testset TS35586
2019-09-23 14:46:10,059 - mylogger - INFO - adding testcase TC49858 to testset TS35586
2019-09-23 14:46:11,834 - mylogger - INFO - adding testcase TC49860 to testset TS35586
2019-09-23 14:46:12,983 - mylogger - INFO - adding testcase TC49861 to testset TS35586
2019-09-23 14:46:14,261 - mylogger - INFO - adding testcase TC50175 to testset TS35586
2019-09-23 14:46:15,494 - mylogger - INFO - adding testcase TC50176 to testset TS35586
2019-09-23 14:46:16,784 - mylogger - INFO - adding testcase TC50177 to testset TS35586
2019-09-23 14:46:18,116 - mylogger - INFO - adding testcase TC50178 to testset TS35586
2019-09-23 14:46:19,447 - mylogger - INFO - adding testcase TC50179 to testset TS35586
2019-09-23 14:46:20,676 - mylogger - INFO - adding testcase TC50435 to testset TS35586
2019-09-23 14:46:22,006 - mylogger - INFO - adding testcase TC50876 to testset TS35586
2019-09-23 14:46:23,170 - mylogger - INFO - adding testcase TC51842 to testset TS35586
2019-09-23 14:46:24,363 - mylogger - INFO - adding testcase TC53941 to testset TS35586
2019-09-23 14:46:25,694 - mylogger - INFO - adding testcase TC54159 to testset TS35586
2019-09-23 14:46:26,868 - mylogger - INFO - adding testcase TC54305 to testset TS35586
2019-09-23 14:46:27,947 - mylogger - INFO - adding testcase TC54458 to testset TS35586
2019-09-23 14:46:29,893 - mylogger - INFO - adding testcase TC54565 to testset TS35586
2019-09-23 14:46:31,178 - mylogger - INFO - adding testcase TC54566 to testset TS35586
2019-09-23 14:46:32,451 - mylogger - INFO - adding testcase TC54567 to testset TS35586
2019-09-23 14:46:33,886 - mylogger - INFO - adding testcase TC54568 to testset TS35586
2019-09-23 14:46:35,217 - mylogger - INFO - adding testcase TC54569 to testset TS35586
2019-09-23 14:46:36,471 - mylogger - INFO - adding testcase TC54570 to testset TS35586
2019-09-23 14:46:37,728 - mylogger - INFO - adding testcase TC54571 to testset TS35586
2019-09-23 14:46:38,904 - mylogger - INFO - adding testcase TC54572 to testset TS35586
2019-09-23 14:46:40,305 - mylogger - INFO - adding testcase TC54573 to testset TS35586
2019-09-23 14:46:41,354 - mylogger - INFO - adding testcase TC54574 to testset TS35586
2019-09-23 14:46:42,588 - mylogger - INFO - adding testcase TC54575 to testset TS35586
2019-09-23 14:46:43,920 - mylogger - INFO - adding testcase TC54576 to testset TS35586
2019-09-23 14:46:45,086 - mylogger - INFO - adding testcase TC54577 to testset TS35586
2019-09-23 14:46:46,378 - mylogger - INFO - adding testcase TC54578 to testset TS35586
2019-09-23 14:46:47,655 - mylogger - INFO - adding testcase TC54579 to testset TS35586
2019-09-23 14:46:48,829 - mylogger - INFO - adding testcase TC54580 to testset TS35586
2019-09-23 14:46:50,167 - mylogger - INFO - adding testcase TC54621 to testset TS35586
2019-09-23 14:46:51,347 - mylogger - INFO - adding testcase TC54622 to testset TS35586
2019-09-24 10:33:59,037 - mylogger - INFO - adding testcase TC8870 to testset TS34763
2019-09-24 10:34:00,470 - mylogger - INFO - adding testcase TC10047 to testset TS34763
2019-09-24 10:34:02,174 - mylogger - INFO - adding testcase TC19965 to testset TS34763
2019-09-24 10:34:04,566 - mylogger - INFO - adding testcase TC19966 to testset TS34763
2019-09-24 10:34:06,039 - mylogger - INFO - adding testcase TC21620 to testset TS34763
2019-09-24 10:34:07,227 - mylogger - INFO - adding testcase TC22169 to testset TS34763
2019-09-24 10:34:08,765 - mylogger - INFO - adding testcase TC22187 to testset TS34763
2019-09-24 10:34:10,095 - mylogger - INFO - adding testcase TC22237 to testset TS34763
2019-09-24 10:34:11,631 - mylogger - INFO - adding testcase TC22849 to testset TS34763
2019-09-24 10:34:12,753 - mylogger - INFO - adding testcase TC24136 to testset TS34763
2019-09-24 10:34:14,017 - mylogger - INFO - adding testcase TC24139 to testset TS34763
2019-09-24 10:34:15,196 - mylogger - INFO - adding testcase TC24141 to testset TS34763
2019-09-24 10:34:16,324 - mylogger - INFO - adding testcase TC24345 to testset TS34763
2019-09-24 10:34:17,991 - mylogger - INFO - adding testcase TC24567 to testset TS34763
2019-09-24 10:34:19,073 - mylogger - INFO - adding testcase TC32292 to testset TS34763
2019-09-24 10:34:20,695 - mylogger - INFO - adding testcase TC37209 to testset TS34763
2019-09-24 10:34:21,872 - mylogger - INFO - adding testcase TC37211 to testset TS34763
2019-09-24 10:34:24,431 - mylogger - INFO - adding testcase TC37213 to testset TS34763
2019-09-24 10:34:25,645 - mylogger - INFO - adding testcase TC40145 to testset TS34763
2019-09-24 10:34:26,968 - mylogger - INFO - adding testcase TC40146 to testset TS34763
2019-09-24 10:34:28,189 - mylogger - INFO - adding testcase TC40419 to testset TS34763
2019-09-24 10:34:29,629 - mylogger - INFO - adding testcase TC40423 to testset TS34763
2019-09-24 10:34:31,069 - mylogger - INFO - adding testcase TC40427 to testset TS34763
2019-09-24 10:34:32,318 - mylogger - INFO - adding testcase TC40428 to testset TS34763
2019-09-24 10:34:33,628 - mylogger - INFO - adding testcase TC40429 to testset TS34763
2019-09-24 10:34:35,373 - mylogger - INFO - adding testcase TC40432 to testset TS34763
2019-09-24 10:34:36,719 - mylogger - INFO - adding testcase TC40870 to testset TS34763
2019-09-24 10:34:38,054 - mylogger - INFO - adding testcase TC40873 to testset TS34763
2019-09-24 10:34:39,516 - mylogger - INFO - adding testcase TC42267 to testset TS34763
2019-09-24 10:34:40,786 - mylogger - INFO - adding testcase TC42275 to testset TS34763
2019-09-24 10:34:41,991 - mylogger - INFO - adding testcase TC42276 to testset TS34763
2019-09-24 10:34:43,273 - mylogger - INFO - adding testcase TC46128 to testset TS34763
2019-09-24 10:34:44,823 - mylogger - INFO - adding testcase TC46904 to testset TS34763
2019-09-24 10:34:45,847 - mylogger - INFO - adding testcase TC46909 to testset TS34763
2019-09-24 10:34:47,521 - mylogger - INFO - adding testcase TC46914 to testset TS34763
2019-09-24 10:34:49,520 - mylogger - INFO - adding testcase TC50923 to testset TS34763
2019-09-24 10:34:50,704 - mylogger - INFO - adding testcase TC50924 to testset TS34763
2019-09-24 10:34:51,897 - mylogger - INFO - adding testcase TC50925 to testset TS34763
2019-09-24 10:34:53,122 - mylogger - INFO - adding testcase TC50926 to testset TS34763
2019-09-24 10:34:54,574 - mylogger - INFO - adding testcase TC50927 to testset TS34763
2019-09-24 10:34:55,853 - mylogger - INFO - adding testcase TC50928 to testset TS34763
2019-09-24 10:34:57,096 - mylogger - INFO - adding testcase TC50929 to testset TS34763
2019-09-24 10:34:58,311 - mylogger - INFO - adding testcase TC50931 to testset TS34763
2019-09-24 10:34:59,554 - mylogger - INFO - adding testcase TC50932 to testset TS34763
2019-09-24 10:35:00,806 - mylogger - INFO - adding testcase TC50933 to testset TS34763
2019-09-24 10:35:02,128 - mylogger - INFO - adding testcase TC50934 to testset TS34763
2019-09-24 10:35:03,339 - mylogger - INFO - adding testcase TC50935 to testset TS34763
2019-09-24 10:35:04,573 - mylogger - INFO - adding testcase TC51634 to testset TS34763
2019-09-24 10:35:05,918 - mylogger - INFO - adding testcase TC51635 to testset TS34763
2019-09-24 10:35:07,339 - mylogger - INFO - adding testcase TC51636 to testset TS34763
2019-09-24 10:35:08,669 - mylogger - INFO - adding testcase TC51637 to testset TS34763
2019-09-24 10:35:09,898 - mylogger - INFO - adding testcase TC51638 to testset TS34763
2019-09-24 10:35:11,228 - mylogger - INFO - adding testcase TC51640 to testset TS34763
2019-09-24 10:35:12,531 - mylogger - INFO - adding testcase TC51644 to testset TS34763
2019-09-24 10:35:13,861 - mylogger - INFO - adding testcase TC53021 to testset TS34763
2019-09-24 10:35:15,357 - mylogger - INFO - adding testcase TC53143 to testset TS34763
2019-09-24 10:35:16,667 - mylogger - INFO - adding testcase TC53235 to testset TS34763
2019-09-24 10:35:17,884 - mylogger - INFO - adding testcase TC53238 to testset TS34763
2019-09-24 10:35:19,216 - mylogger - INFO - adding testcase TC53239 to testset TS34763
2019-09-24 10:35:20,754 - mylogger - INFO - adding testcase TC53475 to testset TS34763
2019-09-24 10:35:22,731 - mylogger - INFO - adding testcase TC53476 to testset TS34763
2019-09-24 10:35:24,726 - mylogger - INFO - adding testcase TC53477 to testset TS34763
2019-09-24 10:35:26,112 - mylogger - INFO - adding testcase TC53479 to testset TS34763
2019-09-24 10:35:27,540 - mylogger - INFO - adding testcase TC53482 to testset TS34763
2019-09-24 10:35:29,457 - mylogger - INFO - adding testcase TC54311 to testset TS34763
2019-09-24 10:35:30,861 - mylogger - INFO - adding testcase TC54312 to testset TS34763
2019-09-24 10:35:32,330 - mylogger - INFO - adding testcase TC54313 to testset TS34763
2019-09-24 10:35:33,759 - mylogger - INFO - adding testcase TC54315 to testset TS34763
2019-09-24 10:35:35,091 - mylogger - INFO - adding testcase TC54316 to testset TS34763
2019-09-24 10:35:36,421 - mylogger - INFO - adding testcase TC54317 to testset TS34763
2019-09-24 10:35:37,837 - mylogger - INFO - adding testcase TC54318 to testset TS34763
2019-09-24 10:35:39,289 - mylogger - INFO - adding testcase TC54319 to testset TS34763
2019-09-24 10:35:40,566 - mylogger - INFO - adding testcase TC54320 to testset TS34763
2019-09-24 10:35:42,873 - mylogger - INFO - adding testcase TC54321 to testset TS34763
2019-09-24 10:35:44,956 - mylogger - INFO - adding testcase TC54329 to testset TS34763
2019-09-24 10:35:46,191 - mylogger - INFO - adding testcase TC54330 to testset TS34763
2019-09-24 10:35:47,556 - mylogger - INFO - adding testcase TC54331 to testset TS34763
2019-09-24 10:35:49,123 - mylogger - INFO - adding testcase TC54332 to testset TS34763
2019-09-24 10:35:50,356 - mylogger - INFO - adding testcase TC54333 to testset TS34763
2019-09-24 10:35:51,568 - mylogger - INFO - adding testcase TC54335 to testset TS34763
2019-09-24 10:35:52,692 - mylogger - INFO - adding testcase TC54338 to testset TS34763
2019-09-24 10:35:54,012 - mylogger - INFO - adding testcase TC54339 to testset TS34763
2019-09-24 10:35:55,346 - mylogger - INFO - adding testcase TC54340 to testset TS34763
2019-09-24 10:35:56,698 - mylogger - INFO - adding testcase TC54341 to testset TS34763
2019-09-24 10:35:59,020 - mylogger - INFO - adding testcase TC54342 to testset TS34763
2019-09-24 10:36:00,958 - mylogger - INFO - adding testcase TC54343 to testset TS34763
2019-09-24 10:36:02,251 - mylogger - INFO - adding testcase TC54344 to testset TS34763
2019-09-24 10:36:03,559 - mylogger - INFO - adding testcase TC54345 to testset TS34763
2019-09-24 10:36:04,787 - mylogger - INFO - adding testcase TC54354 to testset TS34763
2019-09-24 10:36:06,082 - mylogger - INFO - adding testcase TC54474 to testset TS34763
2019-09-24 10:36:07,752 - mylogger - INFO - adding testcase TC54479 to testset TS34763
2019-09-24 11:46:05,576 - mylogger - INFO - adding test result to TC8870
2019-09-24 11:49:28,997 - mylogger - INFO - adding test result to TC8870
2019-09-24 11:49:31,686 - mylogger - INFO - adding test result to TC10047
2019-09-24 11:49:32,944 - mylogger - INFO - adding test result to TC19965
2019-09-24 11:55:48,492 - mylogger - ERROR - fail to add test result to TC8870 for the given testcase TC8870 does not exist
2019-09-24 11:55:49,721 - mylogger - ERROR - fail to add test result to TC10047 for the given testcase TC10047 does not exist
2019-09-24 11:55:50,843 - mylogger - ERROR - fail to add test result to TC19965 for the given testcase TC19965 does not exist
2019-09-24 11:55:52,054 - mylogger - ERROR - fail to add test result to TC19966 for the given testcase TC19966 does not exist
2019-09-24 11:55:52,782 - mylogger - ERROR - fail to add test result to TC21620 for the given testcase TC21620 does not exist
2019-09-24 11:55:53,401 - mylogger - ERROR - fail to add test result to TC22169 for the given testcase TC22169 does not exist
2019-09-24 11:55:54,301 - mylogger - ERROR - fail to add test result to TC22187 for the given testcase TC22187 does not exist
2019-09-24 11:55:55,298 - mylogger - ERROR - fail to add test result to TC22237 for the given testcase TC22237 does not exist
2019-09-24 11:55:55,917 - mylogger - ERROR - fail to add test result to TC22849 for the given testcase TC22849 does not exist
2019-09-24 11:55:57,107 - mylogger - ERROR - fail to add test result to TC24136 for the given testcase TC24136 does not exist
2019-09-24 11:55:57,806 - mylogger - ERROR - fail to add test result to TC24139 for the given testcase TC24139 does not exist
2019-09-24 11:55:58,431 - mylogger - ERROR - fail to add test result to TC24141 for the given testcase TC24141 does not exist
2019-09-24 11:55:59,531 - mylogger - ERROR - fail to add test result to TC24345 for the given testcase TC24345 does not exist
2019-09-24 11:56:00,153 - mylogger - ERROR - fail to add test result to TC24567 for the given testcase TC24567 does not exist
2019-09-24 11:56:00,882 - mylogger - ERROR - fail to add test result to TC32292 for the given testcase TC32292 does not exist
2019-09-24 11:56:01,502 - mylogger - ERROR - fail to add test result to TC37209 for the given testcase TC37209 does not exist
2019-09-24 11:56:03,042 - mylogger - ERROR - fail to add test result to TC37211 for the given testcase TC37211 does not exist
2019-09-24 11:56:03,664 - mylogger - ERROR - fail to add test result to TC37213 for the given testcase TC37213 does not exist
2019-09-24 11:56:04,362 - mylogger - ERROR - fail to add test result to TC40145 for the given testcase TC40145 does not exist
2019-09-24 11:56:04,975 - mylogger - ERROR - fail to add test result to TC40146 for the given testcase TC40146 does not exist
2019-09-24 11:56:05,583 - mylogger - ERROR - fail to add test result to TC40419 for the given testcase TC40419 does not exist
2019-09-24 11:56:06,355 - mylogger - ERROR - fail to add test result to TC40423 for the given testcase TC40423 does not exist
2019-09-24 11:56:07,655 - mylogger - ERROR - fail to add test result to TC40427 for the given testcase TC40427 does not exist
2019-09-24 11:56:08,560 - mylogger - ERROR - fail to add test result to TC40428 for the given testcase TC40428 does not exist
2019-09-24 11:56:09,348 - mylogger - ERROR - fail to add test result to TC40429 for the given testcase TC40429 does not exist
2019-09-24 11:56:10,575 - mylogger - ERROR - fail to add test result to TC40432 for the given testcase TC40432 does not exist
2019-09-24 11:56:11,365 - mylogger - ERROR - fail to add test result to TC40870 for the given testcase TC40870 does not exist
2019-09-24 11:56:12,238 - mylogger - ERROR - fail to add test result to TC40873 for the given testcase TC40873 does not exist
2019-09-24 11:56:13,690 - mylogger - ERROR - fail to add test result to TC42267 for the given testcase TC42267 does not exist
2019-09-24 11:56:14,615 - mylogger - ERROR - fail to add test result to TC42275 for the given testcase TC42275 does not exist
2019-09-24 11:56:15,247 - mylogger - ERROR - fail to add test result to TC42276 for the given testcase TC42276 does not exist
2019-09-24 11:56:16,228 - mylogger - ERROR - fail to add test result to TC46128 for the given testcase TC46128 does not exist
2019-09-24 11:56:17,143 - mylogger - ERROR - fail to add test result to TC46904 for the given testcase TC46904 does not exist
2019-09-24 11:56:18,638 - mylogger - ERROR - fail to add test result to TC46909 for the given testcase TC46909 does not exist
2019-09-24 11:56:19,543 - mylogger - ERROR - fail to add test result to TC46914 for the given testcase TC46914 does not exist
2019-09-24 11:56:20,238 - mylogger - ERROR - fail to add test result to TC50923 for the given testcase TC50923 does not exist
2019-09-24 11:56:20,882 - mylogger - ERROR - fail to add test result to TC50924 for the given testcase TC50924 does not exist
2019-09-24 11:56:21,651 - mylogger - ERROR - fail to add test result to TC50925 for the given testcase TC50925 does not exist
2019-09-24 11:56:23,053 - mylogger - ERROR - fail to add test result to TC50926 for the given testcase TC50926 does not exist
2019-09-24 11:56:23,865 - mylogger - ERROR - fail to add test result to TC50927 for the given testcase TC50927 does not exist
2019-09-24 11:56:24,520 - mylogger - ERROR - fail to add test result to TC50928 for the given testcase TC50928 does not exist
2019-09-24 11:56:25,305 - mylogger - ERROR - fail to add test result to TC50929 for the given testcase TC50929 does not exist
2019-09-24 11:56:26,165 - mylogger - ERROR - fail to add test result to TC50931 for the given testcase TC50931 does not exist
2019-09-24 11:56:28,221 - mylogger - ERROR - fail to add test result to TC50932 for the given testcase TC50932 does not exist
2019-09-24 11:56:29,318 - mylogger - ERROR - fail to add test result to TC50933 for the given testcase TC50933 does not exist
2019-09-24 11:56:30,421 - mylogger - ERROR - fail to add test result to TC50934 for the given testcase TC50934 does not exist
2019-09-24 11:56:31,087 - mylogger - ERROR - fail to add test result to TC50935 for the given testcase TC50935 does not exist
2019-09-24 11:56:33,238 - mylogger - ERROR - fail to add test result to TC51634 for the given testcase TC51634 does not exist
2019-09-24 11:56:33,894 - mylogger - ERROR - fail to add test result to TC51635 for the given testcase TC51635 does not exist
2019-09-24 11:56:35,395 - mylogger - ERROR - fail to add test result to TC51636 for the given testcase TC51636 does not exist
2019-09-24 11:56:36,225 - mylogger - ERROR - fail to add test result to TC51637 for the given testcase TC51637 does not exist
2019-09-24 11:56:37,003 - mylogger - ERROR - fail to add test result to TC51638 for the given testcase TC51638 does not exist
2019-09-24 11:56:37,628 - mylogger - ERROR - fail to add test result to TC51640 for the given testcase TC51640 does not exist
2019-09-24 11:56:38,506 - mylogger - ERROR - fail to add test result to TC51644 for the given testcase TC51644 does not exist
2019-09-24 11:56:39,302 - mylogger - ERROR - fail to add test result to TC53021 for the given testcase TC53021 does not exist
2019-09-24 11:56:39,948 - mylogger - ERROR - fail to add test result to TC53143 for the given testcase TC53143 does not exist
2019-09-24 11:56:41,030 - mylogger - ERROR - fail to add test result to TC53235 for the given testcase TC53235 does not exist
2019-09-24 11:56:41,655 - mylogger - ERROR - fail to add test result to TC53238 for the given testcase TC53238 does not exist
2019-09-24 11:56:42,905 - mylogger - ERROR - fail to add test result to TC53239 for the given testcase TC53239 does not exist
2019-09-24 11:56:43,685 - mylogger - ERROR - fail to add test result to TC53475 for the given testcase TC53475 does not exist
2019-09-24 11:56:44,616 - mylogger - ERROR - fail to add test result to TC53476 for the given testcase TC53476 does not exist
2019-09-24 11:56:45,897 - mylogger - ERROR - fail to add test result to TC53477 for the given testcase TC53477 does not exist
2019-09-24 11:56:46,569 - mylogger - ERROR - fail to add test result to TC53479 for the given testcase TC53479 does not exist
2019-09-24 11:56:48,904 - mylogger - ERROR - fail to add test result to TC53482 for the given testcase TC53482 does not exist
2019-09-24 11:56:50,305 - mylogger - ERROR - fail to add test result to TC54311 for the given testcase TC54311 does not exist
2019-09-24 11:56:52,176 - mylogger - ERROR - fail to add test result to TC54312 for the given testcase TC54312 does not exist
2019-09-24 11:56:52,951 - mylogger - ERROR - fail to add test result to TC54313 for the given testcase TC54313 does not exist
2019-09-24 11:56:53,723 - mylogger - ERROR - fail to add test result to TC54315 for the given testcase TC54315 does not exist
2019-09-24 11:56:54,355 - mylogger - ERROR - fail to add test result to TC54316 for the given testcase TC54316 does not exist
2019-09-24 11:56:55,253 - mylogger - ERROR - fail to add test result to TC54317 for the given testcase TC54317 does not exist
2019-09-24 11:56:56,025 - mylogger - ERROR - fail to add test result to TC54318 for the given testcase TC54318 does not exist
2019-09-24 11:56:57,863 - mylogger - ERROR - fail to add test result to TC54319 for the given testcase TC54319 does not exist
2019-09-24 11:56:58,659 - mylogger - ERROR - fail to add test result to TC54320 for the given testcase TC54320 does not exist
2019-09-24 11:56:59,596 - mylogger - ERROR - fail to add test result to TC54321 for the given testcase TC54321 does not exist
2019-09-24 11:57:01,000 - mylogger - ERROR - fail to add test result to TC54329 for the given testcase TC54329 does not exist
2019-09-24 11:57:01,638 - mylogger - ERROR - fail to add test result to TC54330 for the given testcase TC54330 does not exist
2019-09-24 11:57:02,396 - mylogger - ERROR - fail to add test result to TC54331 for the given testcase TC54331 does not exist
2019-09-24 11:57:03,600 - mylogger - ERROR - fail to add test result to TC54332 for the given testcase TC54332 does not exist
2019-09-24 11:57:04,247 - mylogger - ERROR - fail to add test result to TC54333 for the given testcase TC54333 does not exist
2019-09-24 11:57:05,193 - mylogger - ERROR - fail to add test result to TC54335 for the given testcase TC54335 does not exist
2019-09-24 11:57:05,832 - mylogger - ERROR - fail to add test result to TC54338 for the given testcase TC54338 does not exist
2019-09-24 11:57:07,062 - mylogger - ERROR - fail to add test result to TC54339 for the given testcase TC54339 does not exist
2019-09-24 11:57:08,157 - mylogger - ERROR - fail to add test result to TC54340 for the given testcase TC54340 does not exist
2019-09-24 11:57:09,664 - mylogger - ERROR - fail to add test result to TC54341 for the given testcase TC54341 does not exist
2019-09-24 11:57:10,602 - mylogger - ERROR - fail to add test result to TC54342 for the given testcase TC54342 does not exist
2019-09-24 11:57:11,888 - mylogger - ERROR - fail to add test result to TC54343 for the given testcase TC54343 does not exist
2019-09-24 11:57:12,559 - mylogger - ERROR - fail to add test result to TC54344 for the given testcase TC54344 does not exist
2019-09-24 11:57:13,303 - mylogger - ERROR - fail to add test result to TC54345 for the given testcase TC54345 does not exist
2019-09-24 11:57:14,302 - mylogger - ERROR - fail to add test result to TC54354 for the given testcase TC54354 does not exist
2019-09-24 11:57:16,144 - mylogger - ERROR - fail to add test result to TC54474 for the given testcase TC54474 does not exist
2019-09-24 11:57:17,268 - mylogger - ERROR - fail to add test result to TC54479 for the given testcase TC54479 does not exist
2019-09-24 11:59:35,124 - mylogger - ERROR - fail to add test result to TC8870 for the given testcase TC8870 does not exist
2019-09-24 11:59:35,791 - mylogger - ERROR - fail to add test result to TC10047 for the given testcase TC10047 does not exist
2019-09-24 11:59:36,570 - mylogger - ERROR - fail to add test result to TC19965 for the given testcase TC19965 does not exist
2019-09-24 11:59:37,304 - mylogger - ERROR - fail to add test result to TC19966 for the given testcase TC19966 does not exist
2019-09-24 11:59:38,208 - mylogger - ERROR - fail to add test result to TC21620 for the given testcase TC21620 does not exist
2019-09-24 11:59:38,994 - mylogger - ERROR - fail to add test result to TC22169 for the given testcase TC22169 does not exist
2019-09-24 11:59:39,613 - mylogger - ERROR - fail to add test result to TC22187 for the given testcase TC22187 does not exist
2019-09-24 11:59:40,283 - mylogger - ERROR - fail to add test result to TC22237 for the given testcase TC22237 does not exist
2019-09-24 11:59:40,896 - mylogger - ERROR - fail to add test result to TC22849 for the given testcase TC22849 does not exist
2019-09-24 11:59:41,635 - mylogger - ERROR - fail to add test result to TC24136 for the given testcase TC24136 does not exist
2019-09-24 12:01:21,480 - mylogger - INFO - adding test result to TC8870
2019-09-24 12:01:24,755 - mylogger - INFO - adding test result to TC10047
2019-09-24 12:01:28,050 - mylogger - INFO - adding test result to TC19965
2019-09-24 12:01:31,185 - mylogger - INFO - adding test result to TC19966
2019-09-24 12:01:34,152 - mylogger - INFO - adding test result to TC21620
2019-09-24 12:01:36,325 - mylogger - INFO - adding test result to TC22169
2019-09-24 12:09:35,170 - mylogger - INFO - adding test result to TC22187
2019-09-24 12:09:37,078 - mylogger - INFO - adding test result to TC22237
2019-09-24 12:09:38,705 - mylogger - INFO - adding test result to TC22849
2019-09-24 12:09:40,388 - mylogger - INFO - adding test result to TC24136
2019-09-24 12:09:42,255 - mylogger - INFO - adding test result to TC24139
2019-09-24 12:09:44,966 - mylogger - INFO - adding test result to TC24141
2019-09-24 12:09:46,697 - mylogger - INFO - adding test result to TC24345
2019-09-24 12:09:48,379 - mylogger - INFO - adding test result to TC24567
2019-09-24 12:09:50,349 - mylogger - INFO - adding test result to TC32292
2019-09-24 12:09:52,187 - mylogger - INFO - adding test result to TC37209
2019-09-24 12:09:53,748 - mylogger - INFO - adding test result to TC37211
2019-09-24 12:09:55,304 - mylogger - INFO - adding test result to TC37213
2019-09-24 12:09:57,021 - mylogger - INFO - adding test result to TC40145
2019-09-24 12:09:58,735 - mylogger - INFO - adding test result to TC40146
2019-09-24 12:10:00,676 - mylogger - INFO - adding test result to TC40419
2019-09-24 12:10:02,928 - mylogger - INFO - adding test result to TC40423
2019-09-24 12:10:04,555 - mylogger - INFO - adding test result to TC40427
2019-09-24 12:10:06,190 - mylogger - INFO - adding test result to TC40428
2019-09-24 12:10:07,822 - mylogger - INFO - adding test result to TC40429
2019-09-24 12:10:09,888 - mylogger - INFO - adding test result to TC40432
2019-09-24 12:10:11,500 - mylogger - INFO - adding test result to TC40870
2019-09-24 12:10:13,101 - mylogger - INFO - adding test result to TC40873
2019-09-24 12:10:14,743 - mylogger - INFO - adding test result to TC42267
2019-09-24 12:10:16,676 - mylogger - INFO - adding test result to TC42275
2019-09-24 12:10:18,416 - mylogger - INFO - adding test result to TC42276
2019-09-24 12:10:20,271 - mylogger - INFO - adding test result to TC46128
2019-09-24 12:10:21,843 - mylogger - INFO - adding test result to TC46904
2019-09-24 12:10:23,632 - mylogger - INFO - adding test result to TC46909
2019-09-24 12:10:25,354 - mylogger - INFO - adding test result to TC46914
2019-09-24 12:10:27,352 - mylogger - INFO - adding test result to TC50923
2019-09-24 12:10:29,377 - mylogger - INFO - adding test result to TC50924
2019-09-24 12:10:31,014 - mylogger - INFO - adding test result to TC50925
2019-09-24 12:10:32,577 - mylogger - INFO - adding test result to TC50926
2019-09-24 12:10:34,144 - mylogger - INFO - adding test result to TC50927
2019-09-24 12:10:35,780 - mylogger - INFO - adding test result to TC50928
2019-09-24 12:10:37,342 - mylogger - INFO - adding test result to TC50929
2019-09-24 12:10:38,979 - mylogger - INFO - adding test result to TC50931
2019-09-24 12:10:40,634 - mylogger - INFO - adding test result to TC50932
2019-09-24 12:10:42,519 - mylogger - INFO - adding test result to TC50933
2019-09-24 12:10:44,125 - mylogger - INFO - adding test result to TC50934
2019-09-24 12:10:45,679 - mylogger - INFO - adding test result to TC50935
2019-09-24 12:10:47,361 - mylogger - INFO - adding test result to TC51634
2019-09-24 12:10:49,095 - mylogger - INFO - adding test result to TC51635
2019-09-24 12:10:50,745 - mylogger - INFO - adding test result to TC51636
2019-09-24 12:10:52,509 - mylogger - INFO - adding test result to TC51637
2019-09-24 12:10:54,161 - mylogger - INFO - adding test result to TC51638
2019-09-24 12:10:55,977 - mylogger - INFO - adding test result to TC51640
2019-09-24 12:10:57,712 - mylogger - INFO - adding test result to TC51644
2019-09-24 12:10:59,448 - mylogger - INFO - adding test result to TC53021
2019-09-24 12:11:01,113 - mylogger - INFO - adding test result to TC53143
2019-09-24 12:11:02,854 - mylogger - INFO - adding test result to TC53235
2019-09-24 12:11:04,476 - mylogger - INFO - adding test result to TC53238
2019-09-24 12:11:06,142 - mylogger - INFO - adding test result to TC53239
2019-09-24 12:11:07,860 - mylogger - INFO - adding test result to TC53475
2019-09-24 12:11:09,541 - mylogger - INFO - adding test result to TC53476
2019-09-24 12:11:11,073 - mylogger - INFO - adding test result to TC53477
2019-09-24 12:11:12,793 - mylogger - INFO - adding test result to TC53479
2019-09-24 12:11:14,377 - mylogger - INFO - adding test result to TC53482
2019-09-24 12:11:15,939 - mylogger - INFO - adding test result to TC54311
2019-09-24 12:11:17,572 - mylogger - INFO - adding test result to TC54312
2019-09-24 12:11:19,389 - mylogger - INFO - adding test result to TC54313
2019-09-24 12:11:21,038 - mylogger - INFO - adding test result to TC54315
2019-09-24 12:11:22,764 - mylogger - INFO - adding test result to TC54316
2019-09-24 12:11:24,465 - mylogger - INFO - adding test result to TC54317
2019-09-24 12:11:26,136 - mylogger - INFO - adding test result to TC54318
2019-09-24 12:11:27,831 - mylogger - INFO - adding test result to TC54319
2019-09-24 12:11:29,558 - mylogger - INFO - adding test result to TC54320
2019-09-24 12:11:31,370 - mylogger - INFO - adding test result to TC54321
2019-09-24 12:11:33,764 - mylogger - INFO - adding test result to TC54329
2019-09-24 12:11:35,454 - mylogger - INFO - adding test result to TC54330
2019-09-24 12:11:37,212 - mylogger - INFO - adding test result to TC54331
2019-09-24 12:11:39,014 - mylogger - INFO - adding test result to TC54332
2019-09-24 12:11:41,054 - mylogger - INFO - adding test result to TC54333
2019-09-24 12:11:42,891 - mylogger - INFO - adding test result to TC54335
2019-09-24 12:11:44,593 - mylogger - INFO - adding test result to TC54338
2019-09-24 12:11:46,318 - mylogger - INFO - adding test result to TC54339
2019-09-24 12:11:48,072 - mylogger - INFO - adding test result to TC54340
2019-09-24 12:11:49,890 - mylogger - INFO - adding test result to TC54341
2019-09-24 12:11:51,578 - mylogger - INFO - adding test result to TC54342
2019-09-24 12:11:53,341 - mylogger - INFO - adding test result to TC54343
2019-09-24 12:11:55,014 - mylogger - INFO - adding test result to TC54344
2019-09-24 12:11:56,752 - mylogger - INFO - adding test result to TC54345
2019-09-24 12:11:58,394 - mylogger - INFO - adding test result to TC54354
2019-09-24 12:12:00,017 - mylogger - INFO - adding test result to TC54474
2019-09-24 12:12:01,568 - mylogger - INFO - adding test result to TC54479
2019-09-24 13:14:13,726 - mylogger - INFO - adding testcase TC22849 to testset TS34763
2019-09-24 13:15:23,499 - mylogger - INFO - remove testcase <pyral.entity.TestCase object at 0x11a25a2d0> from testset TS34763
2019-09-24 13:17:42,432 - mylogger - INFO - remove testcase TC22849 from testset TS34763
2019-09-24 14:17:56,230 - mylogger - ERROR - fail to add test result to TC50179 for the given testcase TC50179 does not exist
2019-09-24 14:17:56,827 - mylogger - ERROR - fail to add test result to TC50876 for the given testcase TC50876 does not exist
2019-09-24 14:17:57,483 - mylogger - ERROR - fail to add test result to TC51842 for the given testcase TC51842 does not exist
2019-09-24 14:17:58,095 - mylogger - ERROR - fail to add test result to TC54305 for the given testcase TC54305 does not exist
2019-09-24 14:17:58,827 - mylogger - ERROR - fail to add test result to TC54458 for the given testcase TC54458 does not exist
2019-09-24 14:17:59,496 - mylogger - ERROR - fail to add test result to TC54573 for the given testcase TC54573 does not exist
2019-09-24 14:18:00,265 - mylogger - ERROR - fail to add test result to TC54578 for the given testcase TC54578 does not exist
2019-09-24 14:18:00,949 - mylogger - ERROR - fail to add test result to TC54621 for the given testcase TC54621 does not exist
2019-09-24 14:18:01,596 - mylogger - ERROR - fail to add test result to TC34183 for the given testcase TC34183 does not exist
2019-09-24 14:18:02,467 - mylogger - ERROR - fail to add test result to TC38970 for the given testcase TC38970 does not exist
2019-09-24 14:18:03,090 - mylogger - ERROR - fail to add test result to TC38974 for the given testcase TC38974 does not exist
2019-09-24 14:18:25,874 - mylogger - INFO - adding test result to TC50179
2019-09-24 14:18:29,002 - mylogger - INFO - adding test result to TC50876
2019-09-24 14:18:31,697 - mylogger - INFO - adding test result to TC51842
2019-09-24 14:18:33,810 - mylogger - INFO - adding test result to TC54305
2019-09-24 14:18:35,862 - mylogger - INFO - adding test result to TC54458
2019-09-24 14:18:37,724 - mylogger - INFO - adding test result to TC54573
2019-09-24 14:18:40,377 - mylogger - INFO - adding test result to TC54578
2019-09-24 14:18:42,943 - mylogger - INFO - adding test result to TC54621
2019-09-24 14:18:44,887 - mylogger - INFO - adding test result to TC34183
2019-09-24 14:18:46,921 - mylogger - INFO - adding test result to TC38970
2019-09-24 14:18:50,502 - mylogger - INFO - adding test result to TC38974
2019-09-24 14:18:53,061 - mylogger - INFO - adding test result to TC48815
2019-09-24 14:18:55,383 - mylogger - INFO - adding test result to TC8818
2019-09-24 14:18:57,206 - mylogger - INFO - adding test result to TC15629
2019-09-24 14:18:59,460 - mylogger - INFO - adding test result to TC19953
2019-09-24 14:19:01,720 - mylogger - INFO - adding test result to TC19956
2019-09-24 14:19:03,601 - mylogger - INFO - adding test result to TC19959
2019-09-24 14:19:06,891 - mylogger - INFO - adding test result to TC25625
2019-09-24 14:19:09,836 - mylogger - INFO - adding test result to TC26244
2019-09-24 14:19:11,779 - mylogger - INFO - adding test result to TC34470
2019-09-24 14:19:13,674 - mylogger - INFO - adding test result to TC39684
2019-09-24 14:19:15,716 - mylogger - INFO - adding test result to TC40948
2019-09-24 14:19:17,604 - mylogger - INFO - adding test result to TC40995
2019-09-24 14:19:20,380 - mylogger - INFO - adding test result to TC40999
2019-09-24 14:19:22,628 - mylogger - INFO - adding test result to TC41001
2019-09-24 14:19:25,526 - mylogger - INFO - adding test result to TC41003
2019-09-24 14:19:27,622 - mylogger - INFO - adding test result to TC41006
2019-09-24 14:19:30,036 - mylogger - INFO - adding test result to TC41063
2019-09-24 14:19:32,103 - mylogger - INFO - adding test result to TC41343
2019-09-24 14:19:34,024 - mylogger - INFO - adding test result to TC41344
2019-09-24 14:19:36,889 - mylogger - INFO - adding test result to TC41345
2019-09-24 14:19:39,431 - mylogger - INFO - adding test result to TC41347
2019-09-24 14:19:41,419 - mylogger - INFO - adding test result to TC41348
2019-09-24 14:19:43,704 - mylogger - INFO - adding test result to TC41349
2019-09-24 14:19:45,806 - mylogger - INFO - adding test result to TC41350
2019-09-24 14:19:47,947 - mylogger - INFO - adding test result to TC42273
2019-09-24 14:19:50,100 - mylogger - INFO - adding test result to TC48772
2019-09-24 14:19:52,684 - mylogger - INFO - adding test result to TC48802
2019-09-24 14:19:54,706 - mylogger - INFO - adding test result to TC48803
2019-09-24 14:19:57,191 - mylogger - INFO - adding test result to TC48804
2019-09-24 14:19:58,995 - mylogger - INFO - adding test result to TC48805
2019-09-24 14:20:01,157 - mylogger - INFO - adding test result to TC48806
2019-09-24 14:20:03,072 - mylogger - INFO - adding test result to TC48807
2019-09-24 14:20:05,773 - mylogger - INFO - adding test result to TC48810
2019-09-24 14:20:07,670 - mylogger - INFO - adding test result to TC48811
2019-09-24 14:20:09,656 - mylogger - INFO - adding test result to TC48812
2019-09-24 14:20:11,526 - mylogger - INFO - adding test result to TC48816
2019-09-24 14:20:14,167 - mylogger - INFO - adding test result to TC49856
2019-09-24 14:20:16,441 - mylogger - INFO - adding test result to TC49857
2019-09-24 14:20:18,625 - mylogger - INFO - adding test result to TC49858
2019-09-24 14:20:20,860 - mylogger - INFO - adding test result to TC49860
2019-09-24 14:20:23,295 - mylogger - INFO - adding test result to TC49861
2019-09-24 14:20:25,569 - mylogger - INFO - adding test result to TC50175
2019-09-24 14:20:27,446 - mylogger - INFO - adding test result to TC50176
2019-09-24 14:20:30,051 - mylogger - INFO - adding test result to TC50177
2019-09-24 14:20:32,085 - mylogger - INFO - adding test result to TC50178
2019-09-24 14:20:34,035 - mylogger - INFO - adding test result to TC50435
2019-09-24 14:20:35,893 - mylogger - INFO - adding test result to TC53941
2019-09-24 14:20:38,125 - mylogger - INFO - adding test result to TC54565
2019-09-24 14:20:40,299 - mylogger - INFO - adding test result to TC54566
2019-09-24 14:20:43,318 - mylogger - INFO - adding test result to TC54568
2019-09-24 14:20:45,683 - mylogger - INFO - adding test result to TC54569
2019-09-24 14:20:47,621 - mylogger - INFO - adding test result to TC54570
2019-09-24 14:20:49,460 - mylogger - INFO - adding test result to TC54571
2019-09-24 14:20:51,650 - mylogger - INFO - adding test result to TC54572
2019-09-24 14:20:53,509 - mylogger - INFO - adding test result to TC54575
2019-09-24 14:20:55,739 - mylogger - INFO - adding test result to TC54576
2019-09-24 14:20:57,639 - mylogger - INFO - adding test result to TC54577
2019-09-24 14:20:59,668 - mylogger - INFO - adding test result to TC54579
2019-09-24 14:21:02,176 - mylogger - INFO - adding test result to TC54580
2019-09-24 14:21:04,286 - mylogger - INFO - adding test result to TC41342
2019-09-24 14:21:06,728 - mylogger - INFO - adding test result to TC41897
2019-09-24 14:21:08,540 - mylogger - INFO - adding test result to TC54159
2019-09-24 14:21:10,352 - mylogger - INFO - adding test result to TC54574
2019-09-24 14:21:12,144 - mylogger - INFO - adding test result to TC54622
2019-09-24 14:21:14,443 - mylogger - ERROR - fail to add test result to None for the given user None does not exist
2019-09-24 14:21:14,735 - mylogger - ERROR - fail to add test result to None for the given user None does not exist
2019-09-24 14:21:15,193 - mylogger - ERROR - fail to add test result to None for the given user None does not exist
2019-09-24 14:21:15,492 - mylogger - ERROR - fail to add test result to None for the given user None does not exist
2019-09-24 14:21:15,797 - mylogger - ERROR - fail to add test result to None for the given user None does not exist
2019-09-24 14:21:16,093 - mylogger - ERROR - fail to add test result to None for the given user None does not exist
2019-09-24 14:21:16,406 - mylogger - ERROR - fail to add test result to None for the given user None does not exist
2019-09-24 14:21:16,708 - mylogger - ERROR - fail to add test result to None for the given user None does not exist
2019-09-24 14:21:17,037 - mylogger - ERROR - fail to add test result to None for the given user None does not exist
2019-09-24 14:21:17,335 - mylogger - ERROR - fail to add test result to None for the given user None does not exist
2019-09-24 17:51:13,134 - mylogger - INFO - adding test result to TC22169
2019-09-24 17:51:15,437 - mylogger - INFO - adding test result to TC46909
2019-09-24 17:51:17,035 - mylogger - ERROR - fail to add test result to None for the given user None does not exist
2019-09-24 17:51:17,650 - mylogger - ERROR - fail to add test result to None for the given user None does not exist
2019-09-24 17:51:17,946 - mylogger - ERROR - fail to add test result to None for the given user None does not exist
2019-09-24 17:51:18,413 - mylogger - ERROR - fail to add test result to None for the given user None does not exist
2019-09-24 17:51:18,775 - mylogger - ERROR - fail to add test result to None for the given user None does not exist
2019-09-24 17:51:19,068 - mylogger - ERROR - fail to add test result to None for the given user None does not exist
2019-09-24 17:51:19,364 - mylogger - ERROR - fail to add test result to None for the given user None does not exist
2019-09-24 17:51:19,700 - mylogger - ERROR - fail to add test result to None for the given user None does not exist
2019-09-24 17:51:19,994 - mylogger - ERROR - fail to add test result to None for the given user None does not exist
2019-09-24 17:51:20,289 - mylogger - ERROR - fail to add test result to None for the given user None does not exist
2019-09-24 17:51:20,617 - mylogger - ERROR - fail to add test result to None for the given user None does not exist
2019-09-24 17:51:20,913 - mylogger - ERROR - fail to add test result to None for the given user None does not exist
2019-09-24 17:51:21,232 - mylogger - ERROR - fail to add test result to None for the given user None does not exist
2019-09-24 17:51:21,539 - mylogger - ERROR - fail to add test result to None for the given user None does not exist
2019-09-24 17:51:21,949 - mylogger - ERROR - fail to add test result to None for the given user None does not exist
2019-09-24 17:51:22,256 - mylogger - ERROR - fail to add test result to None for the given user None does not exist
2019-09-24 17:51:22,554 - mylogger - ERROR - fail to add test result to None for the given user None does not exist
2019-09-24 17:51:22,850 - mylogger - ERROR - fail to add test result to None for the given user None does not exist
2019-09-24 17:51:23,723 - mylogger - ERROR - fail to add test result to None for the given user None does not exist
2019-09-24 17:51:24,008 - mylogger - ERROR - fail to add test result to None for the given user None does not exist
2019-09-24 17:51:24,299 - mylogger - ERROR - fail to add test result to None for the given user None does not exist
2019-09-24 17:51:24,595 - mylogger - ERROR - fail to add test result to None for the given user None does not exist
2019-09-24 17:51:24,886 - mylogger - ERROR - fail to add test result to None for the given user None does not exist
2019-09-24 17:53:11,044 - mylogger - INFO - adding test result to TC22849
2019-09-24 17:53:12,940 - mylogger - ERROR - fail to add test result to None for the given user None does not exist
2019-09-24 17:53:13,229 - mylogger - ERROR - fail to add test result to None for the given user None does not exist
2019-09-24 17:53:13,517 - mylogger - ERROR - fail to add test result to None for the given user None does not exist
2019-09-24 17:53:13,809 - mylogger - ERROR - fail to add test result to None for the given user None does not exist
2019-09-24 17:53:14,121 - mylogger - ERROR - fail to add test result to None for the given user None does not exist
2019-09-24 17:53:14,408 - mylogger - ERROR - fail to add test result to None for the given user None does not exist
2019-09-24 17:53:14,798 - mylogger - ERROR - fail to add test result to None for the given user None does not exist
2019-09-24 17:53:15,307 - mylogger - ERROR - fail to add test result to None for the given user None does not exist
2019-09-24 17:53:15,603 - mylogger - ERROR - fail to add test result to None for the given user None does not exist
2019-09-24 17:53:16,024 - mylogger - ERROR - fail to add test result to None for the given user None does not exist
2019-09-24 17:53:16,472 - mylogger - ERROR - fail to add test result to None for the given user None does not exist
2019-09-24 17:53:16,844 - mylogger - ERROR - fail to add test result to None for the given user None does not exist
2019-09-24 17:53:17,355 - mylogger - ERROR - fail to add test result to None for the given user None does not exist
2019-09-24 17:53:17,663 - mylogger - ERROR - fail to add test result to None for the given user None does not exist
2019-09-24 17:53:18,072 - mylogger - ERROR - fail to add test result to None for the given user None does not exist
2019-09-24 17:53:18,380 - mylogger - ERROR - fail to add test result to None for the given user None does not exist
2019-09-24 17:53:18,814 - mylogger - ERROR - fail to add test result to None for the given user None does not exist
2019-09-24 17:53:19,099 - mylogger - ERROR - fail to add test result to None for the given user None does not exist
2019-09-24 17:53:19,392 - mylogger - ERROR - fail to add test result to None for the given user None does not exist
2019-09-24 17:53:19,683 - mylogger - ERROR - fail to add test result to None for the given user None does not exist
2019-09-24 17:53:19,975 - mylogger - ERROR - fail to add test result to None for the given user None does not exist
2019-09-24 17:53:20,330 - mylogger - ERROR - fail to add test result to None for the given user None does not exist
2019-09-24 17:53:20,632 - mylogger - ERROR - fail to add test result to None for the given user None does not exist
2019-09-24 18:15:48,157 - mylogger - INFO - adding test result to TC40873
2019-09-24 18:17:12,159 - mylogger - INFO - adding test result to TC40873
2019-09-24 18:17:52,927 - mylogger - INFO - adding test result to TC40873
2019-09-24 18:17:54,950 - mylogger - ERROR - fail to add test result to None for the given user None does not exist
2019-09-24 18:17:55,246 - mylogger - ERROR - fail to add test result to None for the given user None does not exist
2019-09-24 18:17:55,539 - mylogger - ERROR - fail to add test result to None for the given user None does not exist
2019-09-24 18:17:55,922 - mylogger - ERROR - fail to add test result to None for the given user None does not exist
2019-09-24 18:17:56,220 - mylogger - ERROR - fail to add test result to None for the given user None does not exist
2019-09-24 18:17:56,518 - mylogger - ERROR - fail to add test result to None for the given user None does not exist
2019-09-24 18:17:56,844 - mylogger - ERROR - fail to add test result to None for the given user None does not exist
2019-09-24 18:17:57,138 - mylogger - ERROR - fail to add test result to None for the given user None does not exist
2019-09-24 18:17:57,581 - mylogger - ERROR - fail to add test result to None for the given user None does not exist
2019-09-24 18:17:57,970 - mylogger - ERROR - fail to add test result to None for the given user None does not exist
2019-09-24 18:17:58,266 - mylogger - ERROR - fail to add test result to None for the given user None does not exist
2019-09-24 18:17:58,584 - mylogger - ERROR - fail to add test result to None for the given user None does not exist
2019-09-24 18:17:58,896 - mylogger - ERROR - fail to add test result to None for the given user None does not exist
2019-09-24 18:17:59,200 - mylogger - ERROR - fail to add test result to None for the given user None does not exist
2019-09-24 18:17:59,525 - mylogger - ERROR - fail to add test result to None for the given user None does not exist
2019-09-24 18:17:59,828 - mylogger - ERROR - fail to add test result to None for the given user None does not exist
2019-09-24 18:18:00,144 - mylogger - ERROR - fail to add test result to None for the given user None does not exist
2019-09-24 18:18:00,445 - mylogger - ERROR - fail to add test result to None for the given user None does not exist
2019-09-24 18:18:00,740 - mylogger - ERROR - fail to add test result to None for the given user None does not exist
2019-09-24 18:18:01,047 - mylogger - ERROR - fail to add test result to None for the given user None does not exist
2019-09-24 18:18:01,346 - mylogger - ERROR - fail to add test result to None for the given user None does not exist
2019-09-24 18:18:01,644 - mylogger - ERROR - fail to add test result to None for the given user None does not exist
2019-09-24 18:18:01,964 - mylogger - ERROR - fail to add test result to None for the given user None does not exist
2019-09-24 20:54:11,483 - mylogger - INFO - adding test result to TC2044
2019-09-25 12:50:35,103 - mylogger - ERROR - Fail to add test case TC7837 to test set TS27649, 'str' object has no attribute '_type'
2019-09-25 12:51:52,060 - mylogger - INFO - adding test case TC7837 to test set TS27649
2019-09-25 12:53:16,800 - mylogger - INFO - adding test case TC7837 to test set TS27649
2019-09-25 12:58:41,307 - mylogger - INFO - adding test case TC7837 to test set TS27649
2019-09-25 13:05:07,452 - mylogger - INFO - remove testcase TC7837 from testset TS27649
2019-09-25 13:06:30,766 - mylogger - INFO - adding test case TC7837 to test set TS27649
2019-09-25 13:08:37,486 - mylogger - INFO - remove testcase TC7837 from testset TS27649
2019-09-25 13:09:55,851 - mylogger - INFO - adding test case TC7837 to test set TS27649
2019-09-25 17:34:05,999 - mylogger - INFO - test case result for test case TC53477 is added
2019-09-25 17:34:06,329 - mylogger - ERROR - fail to add test result to None for the given user None does not exist
2019-09-25 17:34:06,646 - mylogger - ERROR - fail to add test result to None for the given user None does not exist
2019-09-25 17:34:07,019 - mylogger - ERROR - fail to add test result to None for the given user None does not exist
2019-09-25 17:34:07,333 - mylogger - ERROR - fail to add test result to None for the given user None does not exist
2019-09-25 17:34:07,798 - mylogger - ERROR - fail to add test result to None for the given user None does not exist
2019-09-25 17:34:08,108 - mylogger - ERROR - fail to add test result to None for the given user None does not exist
2019-09-25 17:34:08,425 - mylogger - ERROR - fail to add test result to None for the given user None does not exist
2019-09-25 17:34:08,736 - mylogger - ERROR - fail to add test result to None for the given user None does not exist
2019-09-25 17:34:09,059 - mylogger - ERROR - fail to add test result to None for the given user None does not exist
2019-09-25 17:34:09,357 - mylogger - ERROR - fail to add test result to None for the given user None does not exist
2019-09-25 17:34:09,681 - mylogger - ERROR - fail to add test result to None for the given user None does not exist
2019-09-25 17:34:10,170 - mylogger - ERROR - fail to add test result to None for the given user None does not exist
2019-09-25 17:34:10,773 - mylogger - ERROR - fail to add test result to None for the given user None does not exist
2019-09-25 17:34:11,091 - mylogger - ERROR - fail to add test result to None for the given user None does not exist
2019-09-25 17:34:11,398 - mylogger - ERROR - fail to add test result to None for the given user None does not exist
2019-09-25 17:34:11,987 - mylogger - ERROR - fail to add test result to None for the given user None does not exist
2019-09-25 17:34:12,281 - mylogger - ERROR - fail to add test result to None for the given user None does not exist
2019-09-25 17:34:12,739 - mylogger - ERROR - fail to add test result to None for the given user None does not exist
2019-09-25 17:34:13,274 - mylogger - ERROR - fail to add test result to None for the given user None does not exist
2019-09-25 17:34:13,778 - mylogger - ERROR - fail to add test result to None for the given user None does not exist
2019-09-25 17:34:14,230 - mylogger - ERROR - fail to add test result to None for the given user None does not exist
2019-09-25 17:34:14,603 - mylogger - ERROR - fail to add test result to None for the given user None does not exist
2019-09-25 17:34:14,933 - mylogger - ERROR - fail to add test result to None for the given user None does not exist
2019-09-25 17:36:54,857 - mylogger - INFO - test case result for test case TC22237 is added
2019-09-25 17:36:55,266 - mylogger - ERROR - fail to add test result to None for the given user None does not exist
2019-09-25 17:36:55,585 - mylogger - ERROR - fail to add test result to None for the given user None does not exist
2019-09-25 17:36:55,892 - mylogger - ERROR - fail to add test result to None for the given user None does not exist
2019-09-25 17:36:56,211 - mylogger - ERROR - fail to add test result to None for the given user None does not exist
2019-09-25 17:36:56,525 - mylogger - ERROR - fail to add test result to None for the given user None does not exist
2019-09-25 17:36:56,832 - mylogger - ERROR - fail to add test result to None for the given user None does not exist
2019-09-25 17:36:57,701 - mylogger - ERROR - fail to add test result to None for the given user None does not exist
2019-09-25 17:36:58,030 - mylogger - ERROR - fail to add test result to None for the given user None does not exist
2019-09-25 17:36:58,346 - mylogger - ERROR - fail to add test result to None for the given user None does not exist
2019-09-25 17:36:58,657 - mylogger - ERROR - fail to add test result to None for the given user None does not exist
2019-09-25 17:36:59,056 - mylogger - ERROR - fail to add test result to None for the given user None does not exist
2019-09-25 17:36:59,410 - mylogger - ERROR - fail to add test result to None for the given user None does not exist
2019-09-25 17:36:59,716 - mylogger - ERROR - fail to add test result to None for the given user None does not exist
2019-09-25 17:37:00,022 - mylogger - ERROR - fail to add test result to None for the given user None does not exist
2019-09-25 17:37:00,342 - mylogger - ERROR - fail to add test result to None for the given user None does not exist
2019-09-25 17:37:00,659 - mylogger - ERROR - fail to add test result to None for the given user None does not exist
2019-09-25 17:37:00,978 - mylogger - ERROR - fail to add test result to None for the given user None does not exist
2019-09-25 17:37:01,308 - mylogger - ERROR - fail to add test result to None for the given user None does not exist
2019-09-25 17:37:01,718 - mylogger - ERROR - fail to add test result to None for the given user None does not exist
2019-09-25 17:37:02,099 - mylogger - ERROR - fail to add test result to None for the given user None does not exist
2019-09-25 17:37:02,414 - mylogger - ERROR - fail to add test result to None for the given user None does not exist
2019-09-25 17:37:02,734 - mylogger - ERROR - fail to add test result to None for the given user None does not exist
2019-09-25 17:37:03,152 - mylogger - ERROR - fail to add test result to None for the given user None does not exist
2019-09-25 18:43:09,087 - mylogger - INFO - remove testcase TC46904 from testset TS34763
2019-09-25 18:43:11,013 - mylogger - INFO - remove testcase TC50923 from testset TS34763
2019-09-25 18:43:13,549 - mylogger - INFO - remove testcase TC50924 from testset TS34763
2019-09-25 18:43:15,435 - mylogger - INFO - remove testcase TC50925 from testset TS34763
2019-09-25 18:43:17,451 - mylogger - INFO - remove testcase TC50926 from testset TS34763
2019-09-25 18:43:19,470 - mylogger - INFO - remove testcase TC50927 from testset TS34763
2019-09-25 18:43:21,741 - mylogger - INFO - remove testcase TC50928 from testset TS34763
2019-09-25 18:43:23,702 - mylogger - INFO - remove testcase TC50929 from testset TS34763
2019-09-25 18:43:26,430 - mylogger - INFO - remove testcase TC50931 from testset TS34763
2019-09-25 18:43:28,477 - mylogger - INFO - remove testcase TC50932 from testset TS34763
2019-09-25 18:43:30,626 - mylogger - INFO - remove testcase TC50933 from testset TS34763
2019-09-25 18:43:32,868 - mylogger - INFO - remove testcase TC50935 from testset TS34763
2019-09-25 18:43:34,889 - mylogger - INFO - remove testcase TC54479 from testset TS34763
2019-09-25 18:43:36,875 - mylogger - INFO - remove testcase TC53238 from testset TS34763
2019-09-25 18:43:38,889 - mylogger - INFO - remove testcase TC50934 from testset TS34763
2019-09-25 18:43:40,977 - mylogger - INFO - remove testcase TC53239 from testset TS34763
2019-09-25 18:43:43,459 - mylogger - INFO - remove testcase TC54311 from testset TS34763
2019-09-25 18:43:45,526 - mylogger - INFO - remove testcase TC54312 from testset TS34763
2019-09-25 18:43:47,447 - mylogger - INFO - remove testcase TC54313 from testset TS34763
2019-09-25 18:43:49,471 - mylogger - INFO - remove testcase TC54315 from testset TS34763
2019-09-25 18:43:51,475 - mylogger - INFO - remove testcase TC54316 from testset TS34763
2019-09-25 18:43:53,410 - mylogger - INFO - remove testcase TC54317 from testset TS34763
2019-09-25 18:43:55,449 - mylogger - INFO - remove testcase TC54318 from testset TS34763
2019-09-25 18:43:57,415 - mylogger - INFO - remove testcase TC54319 from testset TS34763
2019-09-25 18:43:59,402 - mylogger - INFO - remove testcase TC54320 from testset TS34763
2019-09-25 18:44:02,578 - mylogger - INFO - remove testcase TC54321 from testset TS34763
2019-09-25 18:44:04,728 - mylogger - INFO - remove testcase TC54329 from testset TS34763
2019-09-25 18:44:07,273 - mylogger - INFO - remove testcase TC54330 from testset TS34763
2019-09-25 18:44:09,506 - mylogger - INFO - remove testcase TC54331 from testset TS34763
2019-09-25 18:44:11,595 - mylogger - INFO - remove testcase TC54332 from testset TS34763
2019-09-25 18:44:13,665 - mylogger - INFO - remove testcase TC54333 from testset TS34763
2019-09-25 18:44:16,787 - mylogger - INFO - remove testcase TC54335 from testset TS34763
2019-09-25 18:44:18,756 - mylogger - INFO - remove testcase TC54338 from testset TS34763
2019-09-25 18:44:21,014 - mylogger - INFO - remove testcase TC54339 from testset TS34763
2019-09-25 18:44:22,961 - mylogger - INFO - remove testcase TC54340 from testset TS34763
2019-09-25 18:44:24,949 - mylogger - INFO - remove testcase TC54341 from testset TS34763
2019-09-25 18:44:27,054 - mylogger - INFO - remove testcase TC54342 from testset TS34763
2019-09-25 18:44:29,611 - mylogger - INFO - remove testcase TC54343 from testset TS34763
2019-09-25 18:44:31,659 - mylogger - INFO - remove testcase TC54344 from testset TS34763
2019-09-25 18:44:34,785 - mylogger - INFO - remove testcase TC54345 from testset TS34763
2019-09-25 18:44:37,175 - mylogger - INFO - remove testcase TC54354 from testset TS34763
2019-09-26 08:18:45,101 - mylogger - ERROR - Fail to add test case TC8870 to test set TS36624: name 'testcasesList' is not defined
2019-09-26 08:18:45,108 - mylogger - ERROR - Fail to add test case TC10047 to test set TS36624: name 'testcasesList' is not defined
2019-09-26 08:18:45,109 - mylogger - ERROR - Fail to add test case TC19965 to test set TS36624: name 'testcasesList' is not defined
2019-09-26 08:18:45,109 - mylogger - ERROR - Fail to add test case TC19966 to test set TS36624: name 'testcasesList' is not defined
2019-09-26 08:18:45,110 - mylogger - ERROR - Fail to add test case TC21620 to test set TS36624: name 'testcasesList' is not defined
2019-09-26 08:18:45,110 - mylogger - ERROR - Fail to add test case TC22169 to test set TS36624: name 'testcasesList' is not defined
2019-09-26 08:18:45,111 - mylogger - ERROR - Fail to add test case TC22187 to test set TS36624: name 'testcasesList' is not defined
2019-09-26 08:18:45,111 - mylogger - ERROR - Fail to add test case TC22237 to test set TS36624: name 'testcasesList' is not defined
2019-09-26 08:18:45,112 - mylogger - ERROR - Fail to add test case TC22849 to test set TS36624: name 'testcasesList' is not defined
2019-09-26 08:18:45,112 - mylogger - ERROR - Fail to add test case TC24136 to test set TS36624: name 'testcasesList' is not defined
2019-09-26 08:18:45,112 - mylogger - ERROR - Fail to add test case TC24139 to test set TS36624: name 'testcasesList' is not defined
2019-09-26 08:18:45,113 - mylogger - ERROR - Fail to add test case TC24141 to test set TS36624: name 'testcasesList' is not defined
2019-09-26 08:18:45,113 - mylogger - ERROR - Fail to add test case TC24345 to test set TS36624: name 'testcasesList' is not defined
2019-09-26 08:18:45,113 - mylogger - ERROR - Fail to add test case TC24567 to test set TS36624: name 'testcasesList' is not defined
2019-09-26 08:18:45,114 - mylogger - ERROR - Fail to add test case TC32292 to test set TS36624: name 'testcasesList' is not defined
2019-09-26 08:18:45,114 - mylogger - ERROR - Fail to add test case TC37209 to test set TS36624: name 'testcasesList' is not defined
2019-09-26 08:18:45,114 - mylogger - ERROR - Fail to add test case TC37211 to test set TS36624: name 'testcasesList' is not defined
2019-09-26 08:18:45,115 - mylogger - ERROR - Fail to add test case TC37213 to test set TS36624: name 'testcasesList' is not defined
2019-09-26 08:18:45,115 - mylogger - ERROR - Fail to add test case TC40145 to test set TS36624: name 'testcasesList' is not defined
2019-09-26 08:18:45,115 - mylogger - ERROR - Fail to add test case TC40146 to test set TS36624: name 'testcasesList' is not defined
2019-09-26 08:18:45,116 - mylogger - ERROR - Fail to add test case TC40419 to test set TS36624: name 'testcasesList' is not defined
2019-09-26 08:18:45,116 - mylogger - ERROR - Fail to add test case TC40423 to test set TS36624: name 'testcasesList' is not defined
2019-09-26 08:18:45,116 - mylogger - ERROR - Fail to add test case TC40427 to test set TS36624: name 'testcasesList' is not defined
2019-09-26 08:18:45,116 - mylogger - ERROR - Fail to add test case TC40428 to test set TS36624: name 'testcasesList' is not defined
2019-09-26 08:18:45,117 - mylogger - ERROR - Fail to add test case TC40429 to test set TS36624: name 'testcasesList' is not defined
2019-09-26 08:18:45,117 - mylogger - ERROR - Fail to add test case TC40432 to test set TS36624: name 'testcasesList' is not defined
2019-09-26 08:18:45,117 - mylogger - ERROR - Fail to add test case TC40870 to test set TS36624: name 'testcasesList' is not defined
2019-09-26 08:18:45,118 - mylogger - ERROR - Fail to add test case TC40873 to test set TS36624: name 'testcasesList' is not defined
2019-09-26 08:18:45,118 - mylogger - ERROR - Fail to add test case TC42267 to test set TS36624: name 'testcasesList' is not defined
2019-09-26 08:18:45,118 - mylogger - ERROR - Fail to add test case TC42275 to test set TS36624: name 'testcasesList' is not defined
2019-09-26 08:18:45,119 - mylogger - ERROR - Fail to add test case TC42276 to test set TS36624: name 'testcasesList' is not defined
2019-09-26 08:18:45,119 - mylogger - ERROR - Fail to add test case TC46128 to test set TS36624: name 'testcasesList' is not defined
2019-09-26 08:18:45,119 - mylogger - ERROR - Fail to add test case TC46909 to test set TS36624: name 'testcasesList' is not defined
2019-09-26 08:18:45,119 - mylogger - ERROR - Fail to add test case TC46914 to test set TS36624: name 'testcasesList' is not defined
2019-09-26 08:18:45,120 - mylogger - ERROR - Fail to add test case TC51634 to test set TS36624: name 'testcasesList' is not defined
2019-09-26 08:18:45,121 - mylogger - ERROR - Fail to add test case TC51635 to test set TS36624: name 'testcasesList' is not defined
2019-09-26 08:18:45,122 - mylogger - ERROR - Fail to add test case TC51636 to test set TS36624: name 'testcasesList' is not defined
2019-09-26 08:18:45,122 - mylogger - ERROR - Fail to add test case TC51637 to test set TS36624: name 'testcasesList' is not defined
2019-09-26 08:18:45,122 - mylogger - ERROR - Fail to add test case TC51638 to test set TS36624: name 'testcasesList' is not defined
2019-09-26 08:18:45,122 - mylogger - ERROR - Fail to add test case TC51640 to test set TS36624: name 'testcasesList' is not defined
2019-09-26 08:18:45,123 - mylogger - ERROR - Fail to add test case TC51644 to test set TS36624: name 'testcasesList' is not defined
2019-09-26 08:18:45,123 - mylogger - ERROR - Fail to add test case TC53021 to test set TS36624: name 'testcasesList' is not defined
2019-09-26 08:18:45,123 - mylogger - ERROR - Fail to add test case TC53143 to test set TS36624: name 'testcasesList' is not defined
2019-09-26 08:18:45,124 - mylogger - ERROR - Fail to add test case TC53235 to test set TS36624: name 'testcasesList' is not defined
2019-09-26 08:18:45,124 - mylogger - ERROR - Fail to add test case TC53475 to test set TS36624: name 'testcasesList' is not defined
2019-09-26 08:18:45,124 - mylogger - ERROR - Fail to add test case TC53476 to test set TS36624: name 'testcasesList' is not defined
2019-09-26 08:18:45,124 - mylogger - ERROR - Fail to add test case TC53477 to test set TS36624: name 'testcasesList' is not defined
2019-09-26 08:18:45,125 - mylogger - ERROR - Fail to add test case TC53479 to test set TS36624: name 'testcasesList' is not defined
2019-09-26 08:18:45,125 - mylogger - ERROR - Fail to add test case TC53482 to test set TS36624: name 'testcasesList' is not defined
2019-09-26 08:18:45,125 - mylogger - ERROR - Fail to add test case TC54474 to test set TS36624: name 'testcasesList' is not defined
2019-09-26 08:24:41,895 - mylogger - INFO - adding test case TC8870 to test set TS36625
2019-09-26 08:24:42,277 - mylogger - INFO - adding test case TC10047 to test set TS36625
2019-09-26 08:24:42,674 - mylogger - INFO - adding test case TC19965 to test set TS36625
2019-09-26 08:24:43,073 - mylogger - INFO - adding test case TC19966 to test set TS36625
2019-09-26 08:24:43,553 - mylogger - INFO - adding test case TC21620 to test set TS36625
2019-09-26 08:24:43,968 - mylogger - INFO - adding test case TC22169 to test set TS36625
2019-09-26 08:24:44,371 - mylogger - INFO - adding test case TC22187 to test set TS36625
2019-09-26 08:24:44,764 - mylogger - INFO - adding test case TC22237 to test set TS36625
2019-09-26 08:24:45,166 - mylogger - INFO - adding test case TC22849 to test set TS36625
2019-09-26 08:24:45,602 - mylogger - INFO - adding test case TC24136 to test set TS36625
2019-09-26 08:24:46,005 - mylogger - INFO - adding test case TC24139 to test set TS36625
2019-09-26 08:24:46,875 - mylogger - INFO - adding test case TC24141 to test set TS36625
2019-09-26 08:24:47,411 - mylogger - INFO - adding test case TC24345 to test set TS36625
2019-09-26 08:24:47,913 - mylogger - INFO - adding test case TC24567 to test set TS36625
2019-09-26 08:24:48,381 - mylogger - INFO - adding test case TC32292 to test set TS36625
2019-09-26 08:24:48,880 - mylogger - INFO - adding test case TC37209 to test set TS36625
2019-09-26 08:24:49,377 - mylogger - INFO - adding test case TC37211 to test set TS36625
2019-09-26 08:24:49,885 - mylogger - INFO - adding test case TC37213 to test set TS36625
2019-09-26 08:24:50,464 - mylogger - INFO - adding test case TC40145 to test set TS36625
2019-09-26 08:24:50,900 - mylogger - INFO - adding test case TC40146 to test set TS36625
2019-09-26 08:24:51,337 - mylogger - INFO - adding test case TC40419 to test set TS36625
2019-09-26 08:24:51,880 - mylogger - INFO - adding test case TC40423 to test set TS36625
2019-09-26 08:24:52,310 - mylogger - INFO - adding test case TC40427 to test set TS36625
2019-09-26 08:24:52,777 - mylogger - INFO - adding test case TC40428 to test set TS36625
2019-09-26 08:24:53,234 - mylogger - INFO - adding test case TC40429 to test set TS36625
2019-09-26 08:24:53,484 - mylogger - ERROR - Fail to add test case TC40432 to test set TS36625: 'Results'
2019-09-26 08:24:53,736 - mylogger - ERROR - Fail to add test case TC40870 to test set TS36625: 'Results'
2019-09-26 08:24:53,991 - mylogger - ERROR - Fail to add test case TC40873 to test set TS36625: 'Results'
2019-09-26 08:24:54,236 - mylogger - ERROR - Fail to add test case TC42267 to test set TS36625: 'Results'
2019-09-26 08:24:54,483 - mylogger - ERROR - Fail to add test case TC42275 to test set TS36625: 'Results'
2019-09-26 08:24:54,738 - mylogger - ERROR - Fail to add test case TC42276 to test set TS36625: 'Results'
2019-09-26 08:24:55,017 - mylogger - ERROR - Fail to add test case TC46128 to test set TS36625: 'Results'
2019-09-26 08:24:55,787 - mylogger - ERROR - Fail to add test case TC46909 to test set TS36625: 'Results'
2019-09-26 08:24:56,085 - mylogger - ERROR - Fail to add test case TC46914 to test set TS36625: 'Results'
2019-09-26 08:24:56,334 - mylogger - ERROR - Fail to add test case TC51634 to test set TS36625: 'Results'
2019-09-26 08:24:56,580 - mylogger - ERROR - Fail to add test case TC51635 to test set TS36625: 'Results'
2019-09-26 08:24:56,832 - mylogger - ERROR - Fail to add test case TC51636 to test set TS36625: 'Results'
2019-09-26 08:24:57,080 - mylogger - ERROR - Fail to add test case TC51637 to test set TS36625: 'Results'
2019-09-26 08:24:57,336 - mylogger - ERROR - Fail to add test case TC51638 to test set TS36625: 'Results'
2019-09-26 08:24:57,628 - mylogger - ERROR - Fail to add test case TC51640 to test set TS36625: 'Results'
2019-09-26 08:24:57,884 - mylogger - ERROR - Fail to add test case TC51644 to test set TS36625: 'Results'
2019-09-26 08:24:58,401 - mylogger - ERROR - Fail to add test case TC53021 to test set TS36625: 'Results'
2019-09-26 08:24:58,983 - mylogger - ERROR - Fail to add test case TC53143 to test set TS36625: 'Results'
2019-09-26 08:24:59,491 - mylogger - ERROR - Fail to add test case TC53235 to test set TS36625: 'Results'
2019-09-26 08:24:59,835 - mylogger - ERROR - Fail to add test case TC53475 to test set TS36625: 'Results'
2019-09-26 08:25:00,081 - mylogger - ERROR - Fail to add test case TC53476 to test set TS36625: 'Results'
2019-09-26 08:25:00,653 - mylogger - ERROR - Fail to add test case TC53477 to test set TS36625: 'Results'
2019-09-26 08:25:01,108 - mylogger - ERROR - Fail to add test case TC53479 to test set TS36625: 'Results'
2019-09-26 08:25:01,474 - mylogger - ERROR - Fail to add test case TC53482 to test set TS36625: 'Results'
2019-09-26 08:25:02,001 - mylogger - ERROR - Fail to add test case TC54474 to test set TS36625: 'Results'
2019-09-26 08:29:47,991 - mylogger - ERROR - Fail to add test case TC54474 to test set TS36626: 'Results'
2019-09-26 08:34:28,180 - mylogger - INFO - create test set TS36627
2019-09-26 08:34:39,544 - mylogger - INFO - adding test case TC8870 to test set TS36627
2019-09-26 08:34:39,869 - mylogger - INFO - adding test case TC10047 to test set TS36627
2019-09-26 08:34:40,185 - mylogger - INFO - adding test case TC19965 to test set TS36627
2019-09-26 08:34:40,981 - mylogger - INFO - adding test case TC19966 to test set TS36627
2019-09-26 08:34:41,783 - mylogger - INFO - adding test case TC21620 to test set TS36627
2019-09-26 08:34:42,099 - mylogger - INFO - adding test case TC22169 to test set TS36627
2019-09-26 08:34:42,404 - mylogger - INFO - adding test case TC22187 to test set TS36627
2019-09-26 08:34:42,819 - mylogger - INFO - adding test case TC22237 to test set TS36627
2019-09-26 08:34:43,524 - mylogger - INFO - adding test case TC22849 to test set TS36627
2019-09-26 08:34:43,934 - mylogger - INFO - adding test case TC24136 to test set TS36627
2019-09-26 08:34:44,829 - mylogger - INFO - adding test case TC24139 to test set TS36627
2019-09-26 08:34:45,197 - mylogger - INFO - adding test case TC24141 to test set TS36627
2019-09-26 08:34:45,566 - mylogger - INFO - adding test case TC24345 to test set TS36627
2019-09-26 08:34:45,931 - mylogger - INFO - adding test case TC24567 to test set TS36627
2019-09-26 08:34:46,426 - mylogger - INFO - adding test case TC32292 to test set TS36627
2019-09-26 08:34:46,890 - mylogger - INFO - adding test case TC37209 to test set TS36627
2019-09-26 08:34:47,315 - mylogger - INFO - adding test case TC37211 to test set TS36627
2019-09-26 08:34:47,669 - mylogger - INFO - adding test case TC37213 to test set TS36627
2019-09-26 08:34:48,015 - mylogger - INFO - adding test case TC40145 to test set TS36627
2019-09-26 08:34:48,731 - mylogger - INFO - adding test case TC40146 to test set TS36627
2019-09-26 08:34:49,167 - mylogger - INFO - adding test case TC40419 to test set TS36627
2019-09-26 08:34:49,533 - mylogger - INFO - adding test case TC40423 to test set TS36627
2019-09-26 08:34:50,056 - mylogger - INFO - adding test case TC40427 to test set TS36627
2019-09-26 08:34:50,461 - mylogger - INFO - adding test case TC40428 to test set TS36627
2019-09-26 08:34:50,834 - mylogger - INFO - adding test case TC40429 to test set TS36627
2019-09-26 09:06:15,600 - mylogger - INFO - create test set TS36632
2019-09-26 09:07:41,598 - mylogger - INFO - adding test case TC8870 to test set TS36632
2019-09-26 09:07:47,059 - mylogger - INFO - adding test case TC10047 to test set TS36632
2019-09-26 09:07:51,149 - mylogger - INFO - adding test case TC19965 to test set TS36632
2019-09-26 09:07:54,304 - mylogger - INFO - adding test case TC19966 to test set TS36632
2019-09-26 09:08:01,971 - mylogger - INFO - adding test case TC21620 to test set TS36632
2019-09-26 09:08:02,350 - mylogger - INFO - adding test case TC22169 to test set TS36632
2019-09-26 09:08:02,723 - mylogger - INFO - adding test case TC22187 to test set TS36632
2019-09-26 09:08:03,118 - mylogger - INFO - adding test case TC22237 to test set TS36632
2019-09-26 09:08:03,506 - mylogger - INFO - adding test case TC22849 to test set TS36632
2019-09-26 09:08:03,898 - mylogger - INFO - adding test case TC24136 to test set TS36632
2019-09-26 09:08:04,801 - mylogger - INFO - adding test case TC24139 to test set TS36632
2019-09-26 09:08:05,268 - mylogger - INFO - adding test case TC24141 to test set TS36632
2019-09-26 09:08:06,060 - mylogger - INFO - adding test case TC24345 to test set TS36632
2019-09-26 09:08:06,667 - mylogger - INFO - adding test case TC24567 to test set TS36632
2019-09-26 09:08:07,537 - mylogger - INFO - adding test case TC32292 to test set TS36632
2019-09-26 09:08:08,009 - mylogger - INFO - adding test case TC37209 to test set TS36632
2019-09-26 09:08:08,419 - mylogger - INFO - adding test case TC37211 to test set TS36632
2019-09-26 09:08:08,799 - mylogger - INFO - adding test case TC37213 to test set TS36632
2019-09-26 09:08:09,255 - mylogger - INFO - adding test case TC40145 to test set TS36632
2019-09-26 09:08:09,775 - mylogger - INFO - adding test case TC40146 to test set TS36632
2019-09-26 09:08:10,163 - mylogger - INFO - adding test case TC40419 to test set TS36632
2019-09-26 09:08:10,555 - mylogger - INFO - adding test case TC40423 to test set TS36632
2019-09-26 09:08:11,072 - mylogger - INFO - adding test case TC40427 to test set TS36632
2019-09-26 09:08:11,639 - mylogger - INFO - adding test case TC40428 to test set TS36632
2019-09-26 09:08:12,429 - mylogger - INFO - adding test case TC40429 to test set TS36632
2019-09-26 09:13:32,417 - mylogger - INFO - create test set TS36633
2019-09-26 09:13:38,549 - mylogger - INFO - adding test case TC8870 to test set TS36633
2019-09-26 09:13:38,880 - mylogger - INFO - adding test case TC10047 to test set TS36633
2019-09-26 09:13:39,209 - mylogger - INFO - adding test case TC19965 to test set TS36633
2019-09-26 09:13:39,536 - mylogger - INFO - adding test case TC19966 to test set TS36633
2019-09-26 09:13:40,391 - mylogger - INFO - adding test case TC21620 to test set TS36633
2019-09-26 09:13:40,731 - mylogger - INFO - adding test case TC22169 to test set TS36633
2019-09-26 09:13:41,072 - mylogger - INFO - adding test case TC22187 to test set TS36633
2019-09-26 09:13:41,409 - mylogger - INFO - adding test case TC22237 to test set TS36633
2019-09-26 09:13:41,899 - mylogger - INFO - adding test case TC22849 to test set TS36633
2019-09-26 09:13:42,255 - mylogger - INFO - adding test case TC24136 to test set TS36633
2019-09-26 09:13:42,854 - mylogger - INFO - adding test case TC24139 to test set TS36633
2019-09-26 09:13:43,266 - mylogger - INFO - adding test case TC24141 to test set TS36633
2019-09-26 09:13:43,776 - mylogger - INFO - adding test case TC24345 to test set TS36633
2019-09-26 09:13:44,149 - mylogger - INFO - adding test case TC24567 to test set TS36633
2019-09-26 09:13:44,661 - mylogger - INFO - adding test case TC32292 to test set TS36633
2019-09-26 09:13:45,051 - mylogger - INFO - adding test case TC37209 to test set TS36633
2019-09-26 09:13:45,710 - mylogger - INFO - adding test case TC37211 to test set TS36633
2019-09-26 09:13:46,066 - mylogger - INFO - adding test case TC37213 to test set TS36633
2019-09-26 09:13:46,453 - mylogger - INFO - adding test case TC40145 to test set TS36633
2019-09-26 09:13:46,842 - mylogger - INFO - adding test case TC40146 to test set TS36633
2019-09-26 09:13:47,808 - mylogger - INFO - adding test case TC40419 to test set TS36633
2019-09-26 09:13:48,509 - mylogger - INFO - adding test case TC40423 to test set TS36633
2019-09-26 09:13:48,916 - mylogger - INFO - adding test case TC40427 to test set TS36633
2019-09-26 09:13:49,534 - mylogger - INFO - adding test case TC40428 to test set TS36633
2019-09-26 09:13:49,891 - mylogger - INFO - adding test case TC40429 to test set TS36633
2019-09-26 09:13:50,278 - mylogger - INFO - adding test case TC40432 to test set TS36633
2019-09-26 09:13:50,633 - mylogger - INFO - adding test case TC40870 to test set TS36633
2019-09-26 09:13:50,974 - mylogger - INFO - adding test case TC40873 to test set TS36633
2019-09-26 09:13:51,347 - mylogger - INFO - adding test case TC42267 to test set TS36633
2019-09-26 09:13:51,742 - mylogger - INFO - adding test case TC42275 to test set TS36633
2019-09-26 09:13:52,195 - mylogger - INFO - adding test case TC42276 to test set TS36633
2019-09-26 09:13:52,566 - mylogger - INFO - adding test case TC46128 to test set TS36633
2019-09-26 09:13:52,988 - mylogger - INFO - adding test case TC46909 to test set TS36633
2019-09-26 09:13:53,395 - mylogger - INFO - adding test case TC46914 to test set TS36633
2019-09-26 09:13:53,753 - mylogger - INFO - adding test case TC51634 to test set TS36633
2019-09-26 09:13:54,141 - mylogger - INFO - adding test case TC51635 to test set TS36633
2019-09-26 09:13:54,575 - mylogger - INFO - adding test case TC51636 to test set TS36633
2019-09-26 09:13:54,951 - mylogger - INFO - adding test case TC51637 to test set TS36633
2019-09-26 09:13:55,342 - mylogger - INFO - adding test case TC51638 to test set TS36633
2019-09-26 09:13:55,715 - mylogger - INFO - adding test case TC51640 to test set TS36633
2019-09-26 09:13:56,083 - mylogger - INFO - adding test case TC51644 to test set TS36633
2019-09-26 09:13:56,468 - mylogger - INFO - adding test case TC53021 to test set TS36633
2019-09-26 09:13:56,845 - mylogger - INFO - adding test case TC53143 to test set TS36633
2019-09-26 09:13:58,212 - mylogger - INFO - adding test case TC53235 to test set TS36633
2019-09-26 09:13:58,586 - mylogger - INFO - adding test case TC53475 to test set TS36633
2019-09-26 09:13:59,241 - mylogger - INFO - adding test case TC53476 to test set TS36633
2019-09-26 09:13:59,632 - mylogger - INFO - adding test case TC53477 to test set TS36633
2019-09-26 09:14:00,051 - mylogger - INFO - adding test case TC53479 to test set TS36633
2019-09-26 09:14:00,920 - mylogger - INFO - adding test case TC53482 to test set TS36633
2019-09-26 09:14:01,557 - mylogger - INFO - adding test case TC54474 to test set TS36633
2019-09-26 13:13:20,070 - mylogger - INFO - create test set TS36637
2019-09-26 13:13:39,329 - mylogger - INFO - adding test case TC7804 to test set TS36637
2019-09-26 13:13:39,726 - mylogger - INFO - adding test case TC7807 to test set TS36637
2019-09-26 13:13:40,693 - mylogger - INFO - adding test case TC7808 to test set TS36637
2019-09-26 13:13:41,135 - mylogger - INFO - adding test case TC7809 to test set TS36637
2019-09-26 13:13:41,567 - mylogger - INFO - adding test case TC7811 to test set TS36637
2019-09-26 13:13:41,983 - mylogger - INFO - adding test case TC7827 to test set TS36637
2019-09-26 13:13:42,515 - mylogger - INFO - adding test case TC7837 to test set TS36637
2019-09-26 13:13:42,915 - mylogger - INFO - adding test case TC7838 to test set TS36637
2019-09-26 13:13:43,409 - mylogger - INFO - adding test case TC13088 to test set TS36637
2019-09-26 18:23:32,057 - mylogger - INFO - test case result for test case TC42267 is added
2019-09-26 18:23:32,367 - mylogger - ERROR - fail to add test result to None for the given user None does not exist
2019-09-26 18:23:32,670 - mylogger - ERROR - fail to add test result to None for the given user None does not exist
2019-09-26 18:23:32,971 - mylogger - ERROR - fail to add test result to None for the given user None does not exist
2019-09-26 18:23:33,282 - mylogger - ERROR - fail to add test result to None for the given user None does not exist
2019-09-26 18:23:33,584 - mylogger - ERROR - fail to add test result to None for the given user None does not exist
2019-09-26 18:23:33,890 - mylogger - ERROR - fail to add test result to None for the given user None does not exist
2019-09-26 18:23:34,195 - mylogger - ERROR - fail to add test result to None for the given user None does not exist
2019-09-26 18:23:34,497 - mylogger - ERROR - fail to add test result to None for the given user None does not exist
2019-09-26 18:23:34,869 - mylogger - ERROR - fail to add test result to None for the given user None does not exist
2019-09-26 18:23:35,176 - mylogger - ERROR - fail to add test result to None for the given user None does not exist
2019-09-26 18:23:35,483 - mylogger - ERROR - fail to add test result to None for the given user None does not exist
2019-09-26 18:23:35,793 - mylogger - ERROR - fail to add test result to None for the given user None does not exist
2019-09-26 18:23:36,657 - mylogger - ERROR - fail to add test result to None for the given user None does not exist
2019-09-26 18:23:37,529 - mylogger - ERROR - fail to add test result to None for the given user None does not exist
2019-09-26 18:23:37,836 - mylogger - ERROR - fail to add test result to None for the given user None does not exist
2019-09-26 18:23:38,133 - mylogger - ERROR - fail to add test result to None for the given user None does not exist
2019-09-26 18:23:38,436 - mylogger - ERROR - fail to add test result to None for the given user None does not exist
2019-09-26 18:23:38,751 - mylogger - ERROR - fail to add test result to None for the given user None does not exist
2019-09-26 18:23:39,056 - mylogger - ERROR - fail to add test result to None for the given user None does not exist
2019-09-26 18:23:39,367 - mylogger - ERROR - fail to add test result to None for the given user None does not exist
2019-09-26 18:23:39,670 - mylogger - ERROR - fail to add test result to None for the given user None does not exist
2019-09-26 18:23:39,974 - mylogger - ERROR - fail to add test result to None for the given user None does not exist
2019-09-26 18:23:40,287 - mylogger - ERROR - fail to add test result to None for the given user None does not exist
2019-09-26 18:25:11,574 - mylogger - INFO - test case result for test case TC40419 is added
2019-09-26 18:38:52,612 - mylogger - INFO - remove testcase TC46128 from testset TS34763
2019-09-26 18:38:54,550 - mylogger - INFO - remove testcase TC54475 from testset TS34763
2019-09-26 18:41:54,184 - mylogger - INFO - remove testcase TC54474 from testset TS34763
2019-09-26 18:46:18,143 - mylogger - INFO - test case result for test case TC53021 is added
2019-09-27 09:05:52,570 - mylogger - INFO - create test set TS36924
2019-09-27 09:06:20,128 - mylogger - INFO - adding test case TC7804 to test set TS36924
2019-09-27 09:06:20,575 - mylogger - INFO - adding test case TC7807 to test set TS36924
2019-09-27 09:06:20,985 - mylogger - INFO - adding test case TC7808 to test set TS36924
2019-09-27 09:06:21,299 - mylogger - INFO - adding test case TC7809 to test set TS36924
2019-09-27 09:06:21,612 - mylogger - INFO - adding test case TC7811 to test set TS36924
2019-09-27 09:06:21,915 - mylogger - INFO - adding test case TC7827 to test set TS36924
2019-09-27 09:06:22,253 - mylogger - INFO - adding test case TC7837 to test set TS36924
2019-09-27 09:06:22,562 - mylogger - INFO - adding test case TC7838 to test set TS36924
2019-09-27 09:06:23,137 - mylogger - INFO - adding test case TC13088 to test set TS36924
2019-09-27 18:10:12,781 - mylogger - ERROR - fail to add test result to TC19207 for the given testcase TC19207 does not exist
2019-09-27 18:10:13,399 - mylogger - ERROR - fail to add test result to TC19208 for the given testcase TC19208 does not exist
2019-09-27 18:10:42,878 - mylogger - INFO - test case result for test case TC19207 is added
2019-09-27 18:10:45,597 - mylogger - INFO - test case result for test case TC19208 is added
2019-09-27 18:58:44,196 - mylogger - ERROR - fail to get test result for the given testcase TC26244
2019-09-27 18:58:44,482 - mylogger - ERROR - fail to get test result for the given testcase TC38970
2019-09-27 18:58:44,906 - mylogger - ERROR - fail to get test result for the given testcase TC38974
2019-09-27 18:58:45,222 - mylogger - ERROR - fail to get test result for the given testcase TC39684
2019-09-27 18:58:45,518 - mylogger - ERROR - fail to get test result for the given testcase TC40995
2019-09-27 18:58:45,815 - mylogger - ERROR - fail to get test result for the given testcase TC41342
2019-09-27 18:58:46,110 - mylogger - ERROR - fail to get test result for the given testcase TC41343
2019-09-27 18:58:46,395 - mylogger - ERROR - fail to get test result for the given testcase TC41344
2019-09-27 18:58:46,696 - mylogger - ERROR - fail to get test result for the given testcase TC41345
2019-09-27 18:58:47,117 - mylogger - ERROR - fail to get test result for the given testcase TC41347
2019-09-27 18:58:47,406 - mylogger - ERROR - fail to get test result for the given testcase TC41348
2019-09-27 18:58:47,693 - mylogger - ERROR - fail to get test result for the given testcase TC41349
2019-09-27 18:58:47,986 - mylogger - ERROR - fail to get test result for the given testcase TC41350
2019-09-27 18:58:48,292 - mylogger - ERROR - fail to get test result for the given testcase TC49856
2019-09-27 18:58:48,600 - mylogger - ERROR - fail to get test result for the given testcase TC49857
2019-09-27 18:58:48,887 - mylogger - ERROR - fail to get test result for the given testcase TC49858
2019-09-27 18:58:49,178 - mylogger - ERROR - fail to get test result for the given testcase TC49860
2019-09-27 18:58:49,465 - mylogger - ERROR - fail to get test result for the given testcase TC49861
2019-09-27 18:58:49,763 - mylogger - ERROR - fail to get test result for the given testcase TC50175
2019-09-27 18:58:50,189 - mylogger - ERROR - fail to get test result for the given testcase TC50176
2019-09-27 18:58:50,600 - mylogger - ERROR - fail to get test result for the given testcase TC50177
2019-09-27 18:58:50,895 - mylogger - ERROR - fail to get test result for the given testcase TC50178
2019-09-27 18:58:51,181 - mylogger - ERROR - fail to get test result for the given testcase TC50179
2019-09-27 18:58:51,470 - mylogger - ERROR - fail to get test result for the given testcase TC50435
2019-09-27 18:58:51,772 - mylogger - ERROR - fail to get test result for the given testcase TC54622
2019-09-27 19:00:46,470 - mylogger - INFO - remove testcase TC26244 from testset TS34763
2019-09-27 19:00:48,459 - mylogger - INFO - remove testcase TC38970 from testset TS34763
2019-09-27 19:00:50,758 - mylogger - INFO - remove testcase TC38974 from testset TS34763
2019-09-27 19:00:52,822 - mylogger - INFO - remove testcase TC39684 from testset TS34763
2019-09-27 19:00:54,861 - mylogger - INFO - remove testcase TC40995 from testset TS34763
2019-09-27 19:00:57,803 - mylogger - INFO - remove testcase TC41342 from testset TS34763
2019-09-27 19:00:59,799 - mylogger - INFO - remove testcase TC41343 from testset TS34763
2019-09-27 19:01:01,927 - mylogger - INFO - remove testcase TC41344 from testset TS34763
2019-09-27 19:01:04,487 - mylogger - INFO - remove testcase TC41345 from testset TS34763
2019-09-27 19:01:06,272 - mylogger - INFO - remove testcase TC41347 from testset TS34763
2019-09-27 19:01:08,305 - mylogger - INFO - remove testcase TC41348 from testset TS34763
2019-09-27 19:01:10,385 - mylogger - INFO - remove testcase TC41349 from testset TS34763
2019-09-27 19:01:12,378 - mylogger - INFO - remove testcase TC41350 from testset TS34763
2019-09-27 19:01:14,420 - mylogger - INFO - remove testcase TC49856 from testset TS34763
2019-09-27 19:01:16,575 - mylogger - INFO - remove testcase TC49857 from testset TS34763
2019-09-27 19:01:18,418 - mylogger - INFO - remove testcase TC49858 from testset TS34763
2019-09-27 19:01:21,488 - mylogger - INFO - remove testcase TC49860 from testset TS34763
2019-09-27 19:01:23,533 - mylogger - INFO - remove testcase TC49861 from testset TS34763
2019-09-27 19:01:25,570 - mylogger - INFO - remove testcase TC50175 from testset TS34763
2019-09-27 19:01:27,548 - mylogger - INFO - remove testcase TC50176 from testset TS34763
2019-09-27 19:01:29,761 - mylogger - INFO - remove testcase TC50177 from testset TS34763
2019-09-27 19:01:31,691 - mylogger - INFO - remove testcase TC50178 from testset TS34763
2019-09-27 19:01:33,657 - mylogger - INFO - remove testcase TC50179 from testset TS34763
2019-09-27 19:01:35,515 - mylogger - INFO - remove testcase TC50435 from testset TS34763
2019-09-27 19:01:37,458 - mylogger - INFO - remove testcase TC54622 from testset TS34763
2019-09-27 19:03:37,574 - mylogger - INFO - remove testcase TC26244 from testset TS35586
2019-09-27 19:03:39,932 - mylogger - INFO - remove testcase TC38970 from testset TS35586
2019-09-27 19:03:41,990 - mylogger - INFO - remove testcase TC38974 from testset TS35586
2019-09-27 19:03:43,946 - mylogger - INFO - remove testcase TC39684 from testset TS35586
2019-09-27 19:03:46,178 - mylogger - INFO - remove testcase TC40995 from testset TS35586
2019-09-27 19:03:48,851 - mylogger - INFO - remove testcase TC41342 from testset TS35586
2019-09-27 19:03:51,278 - mylogger - INFO - remove testcase TC41343 from testset TS35586
2019-09-27 19:03:53,245 - mylogger - INFO - remove testcase TC41344 from testset TS35586
2019-09-27 19:03:55,783 - mylogger - INFO - remove testcase TC41345 from testset TS35586
2019-09-27 19:03:57,753 - mylogger - INFO - remove testcase TC41347 from testset TS35586
2019-09-27 19:03:59,839 - mylogger - INFO - remove testcase TC41348 from testset TS35586
2019-09-27 19:04:01,772 - mylogger - INFO - remove testcase TC41349 from testset TS35586
2019-09-27 19:04:03,825 - mylogger - INFO - remove testcase TC41350 from testset TS35586
2019-09-27 19:04:05,841 - mylogger - INFO - remove testcase TC49856 from testset TS35586
2019-09-27 19:04:08,033 - mylogger - INFO - remove testcase TC49857 from testset TS35586
2019-09-27 19:04:10,857 - mylogger - INFO - remove testcase TC49858 from testset TS35586
2019-09-27 19:04:12,856 - mylogger - INFO - remove testcase TC49860 from testset TS35586
2019-09-27 19:04:15,291 - mylogger - INFO - remove testcase TC49861 from testset TS35586
2019-09-27 19:04:18,538 - mylogger - INFO - remove testcase TC50175 from testset TS35586
2019-09-27 19:04:20,682 - mylogger - INFO - remove testcase TC50176 from testset TS35586
2019-09-27 19:04:22,775 - mylogger - INFO - remove testcase TC50177 from testset TS35586
2019-09-27 19:04:26,024 - mylogger - INFO - remove testcase TC50178 from testset TS35586
2019-09-27 19:04:28,163 - mylogger - INFO - remove testcase TC50179 from testset TS35586
2019-09-27 19:04:30,210 - mylogger - INFO - remove testcase TC50435 from testset TS35586
2019-09-27 19:04:32,260 - mylogger - INFO - remove testcase TC54622 from testset TS35586
2019-09-27 19:09:11,093 - mylogger - INFO - remove testcase TC54305 from testset TS35586
2019-10-10 12:54:06,316 - mylogger - INFO - done
2019-10-10 12:56:18,373 - mylogger - INFO - done
2019-10-10 12:58:43,105 - mylogger - INFO - done
2019-10-10 13:30:06,865 - mylogger - INFO - done
2019-10-10 19:24:40,515 - mylogger - INFO - adding test case TC55480 to test set TF7807
2019-10-10 19:24:42,729 - mylogger - INFO - adding test case TC55481 to test set TF7807
2019-10-10 19:24:44,801 - mylogger - INFO - adding test case TC55482 to test set TF7807
2019-10-10 19:24:47,303 - mylogger - INFO - adding test case TC55483 to test set TF7807
2019-10-10 19:24:49,353 - mylogger - INFO - adding test case TC55484 to test set TF7807
2019-10-10 19:24:51,182 - mylogger - INFO - adding test case TC55485 to test set TF7807
2019-10-10 19:24:53,092 - mylogger - INFO - adding test case TC55486 to test set TF7807
2019-10-10 19:24:54,409 - mylogger - INFO - adding test case TC55373 to test set TF7807
2019-10-10 19:24:55,739 - mylogger - INFO - adding test case TC55376 to test set TF7807
2019-10-10 19:24:56,913 - mylogger - INFO - adding test case TC55377 to test set TF7807
2019-10-10 19:24:58,049 - mylogger - INFO - adding test case TC55378 to test set TF7807
2019-10-10 19:24:59,367 - mylogger - INFO - adding test case TC42263 to test set TF7807
2019-10-10 19:25:00,612 - mylogger - INFO - adding test case TC42265 to test set TF7807
2019-10-10 19:25:01,921 - mylogger - INFO - adding test case TC42267 to test set TF7807
2019-10-10 19:25:03,090 - mylogger - INFO - adding test case TC42268 to test set TF7807
2019-10-10 19:25:04,257 - mylogger - INFO - adding test case TC55380 to test set TF7807
2019-10-10 19:25:05,519 - mylogger - INFO - adding test case TC42269 to test set TF7807
2019-10-10 19:25:06,721 - mylogger - INFO - adding test case TC42270 to test set TF7807
2019-10-10 19:25:07,950 - mylogger - INFO - adding test case TC55381 to test set TF7807
2019-10-10 19:25:09,156 - mylogger - INFO - adding test case TC42271 to test set TF7807
2019-10-10 19:25:10,443 - mylogger - INFO - adding test case TC55382 to test set TF7807
2019-10-10 19:25:11,695 - mylogger - INFO - adding test case TC42274 to test set TF7807
2019-10-10 19:25:12,824 - mylogger - INFO - adding test case TC42275 to test set TF7807
2019-10-10 19:25:14,126 - mylogger - INFO - adding test case TC42276 to test set TF7807
2019-10-10 19:25:15,418 - mylogger - INFO - adding test case TC55383 to test set TF7807
2019-10-10 19:25:16,687 - mylogger - INFO - adding test case TC55384 to test set TF7807
2019-10-10 19:25:17,856 - mylogger - INFO - adding test case TC55402 to test set TF7807
2019-10-10 19:25:19,162 - mylogger - INFO - adding test case TC55443 to test set TF7807
2019-10-10 19:25:20,334 - mylogger - INFO - adding test case TC55405 to test set TF7807
2019-10-10 19:25:21,630 - mylogger - INFO - adding test case TC55451 to test set TF7807
2019-10-10 19:25:22,798 - mylogger - INFO - adding test case TC55408 to test set TF7807
2019-10-10 19:25:24,675 - mylogger - INFO - adding test case TC55468 to test set TF7807
2019-10-10 19:25:25,966 - mylogger - INFO - adding test case TC55444 to test set TF7807
2019-10-10 19:25:27,112 - mylogger - INFO - adding test case TC55410 to test set TF7807
2019-10-10 19:25:28,243 - mylogger - INFO - adding test case TC55411 to test set TF7807
2019-10-10 19:25:29,459 - mylogger - INFO - adding test case TC55417 to test set TF7807
2019-10-10 19:25:31,019 - mylogger - INFO - adding test case TC55419 to test set TF7807
2019-10-10 19:25:32,238 - mylogger - INFO - adding test case TC55442 to test set TF7807
2019-10-10 19:25:33,454 - mylogger - INFO - adding test case TC55441 to test set TF7807
2019-10-10 19:25:34,674 - mylogger - INFO - adding test case TC55448 to test set TF7807
2019-10-10 19:25:39,872 - mylogger - INFO - adding test case TC19089 to test set TF7807
2019-10-10 19:28:08,174 - mylogger - INFO - adding test case TC55480 to test set TS35888
2019-10-10 19:28:09,442 - mylogger - INFO - adding test case TC55481 to test set TS35888
2019-10-10 19:28:10,839 - mylogger - INFO - adding test case TC55482 to test set TS35888
2019-10-10 19:28:12,389 - mylogger - INFO - adding test case TC55483 to test set TS35888
2019-10-10 19:28:13,802 - mylogger - INFO - adding test case TC55484 to test set TS35888
2019-10-10 19:28:15,192 - mylogger - INFO - adding test case TC55485 to test set TS35888
2019-10-10 19:28:16,571 - mylogger - INFO - adding test case TC55486 to test set TS35888
2019-10-10 19:28:17,979 - mylogger - INFO - adding test case TC55373 to test set TS35888
2019-10-10 19:28:19,392 - mylogger - INFO - adding test case TC55376 to test set TS35888
2019-10-10 19:28:20,657 - mylogger - INFO - adding test case TC55377 to test set TS35888
2019-10-10 19:28:21,985 - mylogger - INFO - adding test case TC55378 to test set TS35888
2019-10-10 19:28:23,755 - mylogger - INFO - adding test case TC42263 to test set TS35888
2019-10-10 19:28:25,236 - mylogger - INFO - adding test case TC42265 to test set TS35888
2019-10-10 19:28:26,925 - mylogger - INFO - adding test case TC42267 to test set TS35888
2019-10-10 19:28:28,211 - mylogger - INFO - adding test case TC42268 to test set TS35888
2019-10-10 19:28:29,464 - mylogger - INFO - adding test case TC55380 to test set TS35888
2019-10-10 19:28:30,794 - mylogger - INFO - adding test case TC42269 to test set TS35888
2019-10-10 19:28:32,120 - mylogger - INFO - adding test case TC42270 to test set TS35888
2019-10-10 19:28:33,381 - mylogger - INFO - adding test case TC55381 to test set TS35888
2019-10-10 19:28:34,736 - mylogger - INFO - adding test case TC42271 to test set TS35888
2019-10-10 19:28:36,135 - mylogger - INFO - adding test case TC55382 to test set TS35888
2019-10-10 19:28:37,432 - mylogger - INFO - adding test case TC42274 to test set TS35888
2019-10-10 19:28:38,846 - mylogger - INFO - adding test case TC42275 to test set TS35888
2019-10-10 19:28:40,125 - mylogger - INFO - adding test case TC42276 to test set TS35888
2019-10-10 19:28:41,434 - mylogger - INFO - adding test case TC55383 to test set TS35888
2019-10-10 19:28:42,835 - mylogger - INFO - adding test case TC55384 to test set TS35888
2019-10-10 19:28:44,098 - mylogger - INFO - adding test case TC55402 to test set TS35888
2019-10-10 19:28:45,469 - mylogger - INFO - adding test case TC55443 to test set TS35888
2019-10-10 19:28:47,184 - mylogger - INFO - adding test case TC55405 to test set TS35888
2019-10-10 19:28:48,805 - mylogger - INFO - adding test case TC55451 to test set TS35888
2019-10-10 19:28:50,167 - mylogger - INFO - adding test case TC55408 to test set TS35888
2019-10-10 19:28:51,468 - mylogger - INFO - adding test case TC55468 to test set TS35888
2019-10-10 19:28:52,746 - mylogger - INFO - adding test case TC55444 to test set TS35888
2019-10-10 19:28:54,074 - mylogger - INFO - adding test case TC55410 to test set TS35888
2019-10-10 19:28:55,374 - mylogger - INFO - adding test case TC55411 to test set TS35888
2019-10-10 19:28:56,700 - mylogger - INFO - adding test case TC55417 to test set TS35888
2019-10-10 19:28:57,993 - mylogger - INFO - adding test case TC55419 to test set TS35888
2019-10-10 19:29:00,109 - mylogger - INFO - adding test case TC55442 to test set TS35888
2019-10-10 19:29:01,414 - mylogger - INFO - adding test case TC55441 to test set TS35888
2019-10-10 19:29:02,821 - mylogger - INFO - adding test case TC55448 to test set TS35888
2019-10-10 19:29:04,245 - mylogger - INFO - adding test case TC19089 to test set TS35888
2019-10-10 19:50:36,699 - mylogger - ERROR - Fail to update test case TC55480, 422 Validation error: TestCaseResult.Production Release Value [ 11.1.4  [2019-Dec-06] ] for field [ Production Release ] is invalid.  Valid values are: {[PM Roadmap, 80/20 Program, 10.4.7 [2018-Mar-9], 11.1.2 Azure SSO, 10.10.0 [2017-Dec-1], 10.4.5 [2017-Sep-8], 10.11.0 [2018-Mar-09], 10.4.6 [2017-Dec-1], MicroStrategy 10.9.0 [2017-Sep-8], MicroStrategy 10.4.4 [2017-Jun-16], MicroStrategy 10.6.0 EA [2016-Dec-09], MicroStrategy 10.7.0 [2017-Mar-10], MicroStrategy 10.4.3 [2017-Mar-10], MicroStrategy 10.8.0 [2017-Jun-16], 11.1.1 [2019-Mar-15], 11.1.3 [2019-Sep-06], 11.2 RC [2019-Sep-20], 11.2 EA [2019-Jun-21], 11.2 GA [2019-Dec-06], 11.1.4 [2019-Dec-06], 11.1.2 [2019-Jun-7], MicroStrategy 10.4.1 [2016-Sep-09], MicroStrategy 10.4.2 [2016-Dec-09], MicroStrategy 10.5 Dossier EA [2016-Sep-30], MicroStrategy 10.3.0 Hotfix 2 [2016-Jun-10], MicroStrategy 10.4.0 [2016-Jun-10], MicroStrategy 10.6.0 [2016-Dec-09], MicroStrategy 10.3.0 Hotfix 1 [2016-April-08], MicroStrategy 10.2.0 Hotfix 1 [2016-Jan-15], Urgent Research, Change Management, 10.11 Critical Update 1, 10.4.8 [2018-Jun-29], 10.11.0.1 Mobile [2018-Apr-30], 11.0.0 [2018-Sep-14], 11.1.0 [2018-Dec-14], 11.1.5 [2020-Mar-27], MicroStrategy 10.5.0 [2016-Sep-09], MicroStrategy 10.5 Free Desktop [2016-Oct-07], MicroStrategy World 2016 [2016-Jan-25], Polaris Early Adopter 2 [2015-Apr-21], MicroStrategy 9.5.1 HF1 [2015-Aug-14], MicroStrategy 10.0.0 Hotfix 1 [2015-Jun-30], MicroStrategy 10.1.0 Hotfix 1 [2015-Sep-25], Polaris Beta 6 Early Adopter [2015-Mar-24], MicroStrategy 10.3.0 [2016-Feb-26], MicroStrategy Mobile 10.3 EMM [2016-Mar-25], Polaris General Availability [2015-May-29], MicroStrategy 10.2.0 [2015-Nov-20], MicroStrategy 10.1.0 [2015-Aug-28], Polaris Release Candidate [2015-May-19], Patch, Never, Polaris Beta 5 [2015-Feb-10], MicroStrategy Mobile 10.2 EMM[ [2015-Dec-15]]}
2019-10-10 19:50:38,053 - mylogger - ERROR - Fail to update test case TC55481, 422 Validation error: TestCaseResult.Production Release Value [ 11.1.4  [2019-Dec-06] ] for field [ Production Release ] is invalid.  Valid values are: {[PM Roadmap, 80/20 Program, 10.4.7 [2018-Mar-9], 11.1.2 Azure SSO, 10.10.0 [2017-Dec-1], 10.4.5 [2017-Sep-8], 10.11.0 [2018-Mar-09], 10.4.6 [2017-Dec-1], MicroStrategy 10.9.0 [2017-Sep-8], MicroStrategy 10.4.4 [2017-Jun-16], MicroStrategy 10.6.0 EA [2016-Dec-09], MicroStrategy 10.7.0 [2017-Mar-10], MicroStrategy 10.4.3 [2017-Mar-10], MicroStrategy 10.8.0 [2017-Jun-16], 11.1.1 [2019-Mar-15], 11.1.3 [2019-Sep-06], 11.2 RC [2019-Sep-20], 11.2 EA [2019-Jun-21], 11.2 GA [2019-Dec-06], 11.1.4 [2019-Dec-06], 11.1.2 [2019-Jun-7], MicroStrategy 10.4.1 [2016-Sep-09], MicroStrategy 10.4.2 [2016-Dec-09], MicroStrategy 10.5 Dossier EA [2016-Sep-30], MicroStrategy 10.3.0 Hotfix 2 [2016-Jun-10], MicroStrategy 10.4.0 [2016-Jun-10], MicroStrategy 10.6.0 [2016-Dec-09], MicroStrategy 10.3.0 Hotfix 1 [2016-April-08], MicroStrategy 10.2.0 Hotfix 1 [2016-Jan-15], Urgent Research, Change Management, 10.11 Critical Update 1, 10.4.8 [2018-Jun-29], 10.11.0.1 Mobile [2018-Apr-30], 11.0.0 [2018-Sep-14], 11.1.0 [2018-Dec-14], 11.1.5 [2020-Mar-27], MicroStrategy 10.5.0 [2016-Sep-09], MicroStrategy 10.5 Free Desktop [2016-Oct-07], MicroStrategy World 2016 [2016-Jan-25], Polaris Early Adopter 2 [2015-Apr-21], MicroStrategy 9.5.1 HF1 [2015-Aug-14], MicroStrategy 10.0.0 Hotfix 1 [2015-Jun-30], MicroStrategy 10.1.0 Hotfix 1 [2015-Sep-25], Polaris Beta 6 Early Adopter [2015-Mar-24], MicroStrategy 10.3.0 [2016-Feb-26], MicroStrategy Mobile 10.3 EMM [2016-Mar-25], Polaris General Availability [2015-May-29], MicroStrategy 10.2.0 [2015-Nov-20], MicroStrategy 10.1.0 [2015-Aug-28], Polaris Release Candidate [2015-May-19], Patch, Never, Polaris Beta 5 [2015-Feb-10], MicroStrategy Mobile 10.2 EMM[ [2015-Dec-15]]}
2019-10-10 19:50:39,802 - mylogger - ERROR - Fail to update test case TC55482, 422 Validation error: TestCaseResult.Production Release Value [ 11.1.4  [2019-Dec-06] ] for field [ Production Release ] is invalid.  Valid values are: {[PM Roadmap, 80/20 Program, 10.4.7 [2018-Mar-9], 11.1.2 Azure SSO, 10.10.0 [2017-Dec-1], 10.4.5 [2017-Sep-8], 10.11.0 [2018-Mar-09], 10.4.6 [2017-Dec-1], MicroStrategy 10.9.0 [2017-Sep-8], MicroStrategy 10.4.4 [2017-Jun-16], MicroStrategy 10.6.0 EA [2016-Dec-09], MicroStrategy 10.7.0 [2017-Mar-10], MicroStrategy 10.4.3 [2017-Mar-10], MicroStrategy 10.8.0 [2017-Jun-16], 11.1.1 [2019-Mar-15], 11.1.3 [2019-Sep-06], 11.2 RC [2019-Sep-20], 11.2 EA [2019-Jun-21], 11.2 GA [2019-Dec-06], 11.1.4 [2019-Dec-06], 11.1.2 [2019-Jun-7], MicroStrategy 10.4.1 [2016-Sep-09], MicroStrategy 10.4.2 [2016-Dec-09], MicroStrategy 10.5 Dossier EA [2016-Sep-30], MicroStrategy 10.3.0 Hotfix 2 [2016-Jun-10], MicroStrategy 10.4.0 [2016-Jun-10], MicroStrategy 10.6.0 [2016-Dec-09], MicroStrategy 10.3.0 Hotfix 1 [2016-April-08], MicroStrategy 10.2.0 Hotfix 1 [2016-Jan-15], Urgent Research, Change Management, 10.11 Critical Update 1, 10.4.8 [2018-Jun-29], 10.11.0.1 Mobile [2018-Apr-30], 11.0.0 [2018-Sep-14], 11.1.0 [2018-Dec-14], 11.1.5 [2020-Mar-27], MicroStrategy 10.5.0 [2016-Sep-09], MicroStrategy 10.5 Free Desktop [2016-Oct-07], MicroStrategy World 2016 [2016-Jan-25], Polaris Early Adopter 2 [2015-Apr-21], MicroStrategy 9.5.1 HF1 [2015-Aug-14], MicroStrategy 10.0.0 Hotfix 1 [2015-Jun-30], MicroStrategy 10.1.0 Hotfix 1 [2015-Sep-25], Polaris Beta 6 Early Adopter [2015-Mar-24], MicroStrategy 10.3.0 [2016-Feb-26], MicroStrategy Mobile 10.3 EMM [2016-Mar-25], Polaris General Availability [2015-May-29], MicroStrategy 10.2.0 [2015-Nov-20], MicroStrategy 10.1.0 [2015-Aug-28], Polaris Release Candidate [2015-May-19], Patch, Never, Polaris Beta 5 [2015-Feb-10], MicroStrategy Mobile 10.2 EMM[ [2015-Dec-15]]}
2019-10-10 19:50:41,288 - mylogger - ERROR - Fail to update test case TC55483, 422 Validation error: TestCaseResult.Production Release Value [ 11.1.4  [2019-Dec-06] ] for field [ Production Release ] is invalid.  Valid values are: {[PM Roadmap, 80/20 Program, 10.4.7 [2018-Mar-9], 11.1.2 Azure SSO, 10.10.0 [2017-Dec-1], 10.4.5 [2017-Sep-8], 10.11.0 [2018-Mar-09], 10.4.6 [2017-Dec-1], MicroStrategy 10.9.0 [2017-Sep-8], MicroStrategy 10.4.4 [2017-Jun-16], MicroStrategy 10.6.0 EA [2016-Dec-09], MicroStrategy 10.7.0 [2017-Mar-10], MicroStrategy 10.4.3 [2017-Mar-10], MicroStrategy 10.8.0 [2017-Jun-16], 11.1.1 [2019-Mar-15], 11.1.3 [2019-Sep-06], 11.2 RC [2019-Sep-20], 11.2 EA [2019-Jun-21], 11.2 GA [2019-Dec-06], 11.1.4 [2019-Dec-06], 11.1.2 [2019-Jun-7], MicroStrategy 10.4.1 [2016-Sep-09], MicroStrategy 10.4.2 [2016-Dec-09], MicroStrategy 10.5 Dossier EA [2016-Sep-30], MicroStrategy 10.3.0 Hotfix 2 [2016-Jun-10], MicroStrategy 10.4.0 [2016-Jun-10], MicroStrategy 10.6.0 [2016-Dec-09], MicroStrategy 10.3.0 Hotfix 1 [2016-April-08], MicroStrategy 10.2.0 Hotfix 1 [2016-Jan-15], Urgent Research, Change Management, 10.11 Critical Update 1, 10.4.8 [2018-Jun-29], 10.11.0.1 Mobile [2018-Apr-30], 11.0.0 [2018-Sep-14], 11.1.0 [2018-Dec-14], 11.1.5 [2020-Mar-27], MicroStrategy 10.5.0 [2016-Sep-09], MicroStrategy 10.5 Free Desktop [2016-Oct-07], MicroStrategy World 2016 [2016-Jan-25], Polaris Early Adopter 2 [2015-Apr-21], MicroStrategy 9.5.1 HF1 [2015-Aug-14], MicroStrategy 10.0.0 Hotfix 1 [2015-Jun-30], MicroStrategy 10.1.0 Hotfix 1 [2015-Sep-25], Polaris Beta 6 Early Adopter [2015-Mar-24], MicroStrategy 10.3.0 [2016-Feb-26], MicroStrategy Mobile 10.3 EMM [2016-Mar-25], Polaris General Availability [2015-May-29], MicroStrategy 10.2.0 [2015-Nov-20], MicroStrategy 10.1.0 [2015-Aug-28], Polaris Release Candidate [2015-May-19], Patch, Never, Polaris Beta 5 [2015-Feb-10], MicroStrategy Mobile 10.2 EMM[ [2015-Dec-15]]}
2019-10-10 19:50:42,618 - mylogger - ERROR - Fail to update test case TC55484, 422 Validation error: TestCaseResult.Production Release Value [ 11.1.4  [2019-Dec-06] ] for field [ Production Release ] is invalid.  Valid values are: {[PM Roadmap, 80/20 Program, 10.4.7 [2018-Mar-9], 11.1.2 Azure SSO, 10.10.0 [2017-Dec-1], 10.4.5 [2017-Sep-8], 10.11.0 [2018-Mar-09], 10.4.6 [2017-Dec-1], MicroStrategy 10.9.0 [2017-Sep-8], MicroStrategy 10.4.4 [2017-Jun-16], MicroStrategy 10.6.0 EA [2016-Dec-09], MicroStrategy 10.7.0 [2017-Mar-10], MicroStrategy 10.4.3 [2017-Mar-10], MicroStrategy 10.8.0 [2017-Jun-16], 11.1.1 [2019-Mar-15], 11.1.3 [2019-Sep-06], 11.2 RC [2019-Sep-20], 11.2 EA [2019-Jun-21], 11.2 GA [2019-Dec-06], 11.1.4 [2019-Dec-06], 11.1.2 [2019-Jun-7], MicroStrategy 10.4.1 [2016-Sep-09], MicroStrategy 10.4.2 [2016-Dec-09], MicroStrategy 10.5 Dossier EA [2016-Sep-30], MicroStrategy 10.3.0 Hotfix 2 [2016-Jun-10], MicroStrategy 10.4.0 [2016-Jun-10], MicroStrategy 10.6.0 [2016-Dec-09], MicroStrategy 10.3.0 Hotfix 1 [2016-April-08], MicroStrategy 10.2.0 Hotfix 1 [2016-Jan-15], Urgent Research, Change Management, 10.11 Critical Update 1, 10.4.8 [2018-Jun-29], 10.11.0.1 Mobile [2018-Apr-30], 11.0.0 [2018-Sep-14], 11.1.0 [2018-Dec-14], 11.1.5 [2020-Mar-27], MicroStrategy 10.5.0 [2016-Sep-09], MicroStrategy 10.5 Free Desktop [2016-Oct-07], MicroStrategy World 2016 [2016-Jan-25], Polaris Early Adopter 2 [2015-Apr-21], MicroStrategy 9.5.1 HF1 [2015-Aug-14], MicroStrategy 10.0.0 Hotfix 1 [2015-Jun-30], MicroStrategy 10.1.0 Hotfix 1 [2015-Sep-25], Polaris Beta 6 Early Adopter [2015-Mar-24], MicroStrategy 10.3.0 [2016-Feb-26], MicroStrategy Mobile 10.3 EMM [2016-Mar-25], Polaris General Availability [2015-May-29], MicroStrategy 10.2.0 [2015-Nov-20], MicroStrategy 10.1.0 [2015-Aug-28], Polaris Release Candidate [2015-May-19], Patch, Never, Polaris Beta 5 [2015-Feb-10], MicroStrategy Mobile 10.2 EMM[ [2015-Dec-15]]}
2019-10-10 19:50:43,849 - mylogger - ERROR - Fail to update test case TC55485, 422 Validation error: TestCaseResult.Production Release Value [ 11.1.4  [2019-Dec-06] ] for field [ Production Release ] is invalid.  Valid values are: {[PM Roadmap, 80/20 Program, 10.4.7 [2018-Mar-9], 11.1.2 Azure SSO, 10.10.0 [2017-Dec-1], 10.4.5 [2017-Sep-8], 10.11.0 [2018-Mar-09], 10.4.6 [2017-Dec-1], MicroStrategy 10.9.0 [2017-Sep-8], MicroStrategy 10.4.4 [2017-Jun-16], MicroStrategy 10.6.0 EA [2016-Dec-09], MicroStrategy 10.7.0 [2017-Mar-10], MicroStrategy 10.4.3 [2017-Mar-10], MicroStrategy 10.8.0 [2017-Jun-16], 11.1.1 [2019-Mar-15], 11.1.3 [2019-Sep-06], 11.2 RC [2019-Sep-20], 11.2 EA [2019-Jun-21], 11.2 GA [2019-Dec-06], 11.1.4 [2019-Dec-06], 11.1.2 [2019-Jun-7], MicroStrategy 10.4.1 [2016-Sep-09], MicroStrategy 10.4.2 [2016-Dec-09], MicroStrategy 10.5 Dossier EA [2016-Sep-30], MicroStrategy 10.3.0 Hotfix 2 [2016-Jun-10], MicroStrategy 10.4.0 [2016-Jun-10], MicroStrategy 10.6.0 [2016-Dec-09], MicroStrategy 10.3.0 Hotfix 1 [2016-April-08], MicroStrategy 10.2.0 Hotfix 1 [2016-Jan-15], Urgent Research, Change Management, 10.11 Critical Update 1, 10.4.8 [2018-Jun-29], 10.11.0.1 Mobile [2018-Apr-30], 11.0.0 [2018-Sep-14], 11.1.0 [2018-Dec-14], 11.1.5 [2020-Mar-27], MicroStrategy 10.5.0 [2016-Sep-09], MicroStrategy 10.5 Free Desktop [2016-Oct-07], MicroStrategy World 2016 [2016-Jan-25], Polaris Early Adopter 2 [2015-Apr-21], MicroStrategy 9.5.1 HF1 [2015-Aug-14], MicroStrategy 10.0.0 Hotfix 1 [2015-Jun-30], MicroStrategy 10.1.0 Hotfix 1 [2015-Sep-25], Polaris Beta 6 Early Adopter [2015-Mar-24], MicroStrategy 10.3.0 [2016-Feb-26], MicroStrategy Mobile 10.3 EMM [2016-Mar-25], Polaris General Availability [2015-May-29], MicroStrategy 10.2.0 [2015-Nov-20], MicroStrategy 10.1.0 [2015-Aug-28], Polaris Release Candidate [2015-May-19], Patch, Never, Polaris Beta 5 [2015-Feb-10], MicroStrategy Mobile 10.2 EMM[ [2015-Dec-15]]}
2019-10-10 19:50:45,101 - mylogger - ERROR - Fail to update test case TC55486, 422 Validation error: TestCaseResult.Production Release Value [ 11.1.4  [2019-Dec-06] ] for field [ Production Release ] is invalid.  Valid values are: {[PM Roadmap, 80/20 Program, 10.4.7 [2018-Mar-9], 11.1.2 Azure SSO, 10.10.0 [2017-Dec-1], 10.4.5 [2017-Sep-8], 10.11.0 [2018-Mar-09], 10.4.6 [2017-Dec-1], MicroStrategy 10.9.0 [2017-Sep-8], MicroStrategy 10.4.4 [2017-Jun-16], MicroStrategy 10.6.0 EA [2016-Dec-09], MicroStrategy 10.7.0 [2017-Mar-10], MicroStrategy 10.4.3 [2017-Mar-10], MicroStrategy 10.8.0 [2017-Jun-16], 11.1.1 [2019-Mar-15], 11.1.3 [2019-Sep-06], 11.2 RC [2019-Sep-20], 11.2 EA [2019-Jun-21], 11.2 GA [2019-Dec-06], 11.1.4 [2019-Dec-06], 11.1.2 [2019-Jun-7], MicroStrategy 10.4.1 [2016-Sep-09], MicroStrategy 10.4.2 [2016-Dec-09], MicroStrategy 10.5 Dossier EA [2016-Sep-30], MicroStrategy 10.3.0 Hotfix 2 [2016-Jun-10], MicroStrategy 10.4.0 [2016-Jun-10], MicroStrategy 10.6.0 [2016-Dec-09], MicroStrategy 10.3.0 Hotfix 1 [2016-April-08], MicroStrategy 10.2.0 Hotfix 1 [2016-Jan-15], Urgent Research, Change Management, 10.11 Critical Update 1, 10.4.8 [2018-Jun-29], 10.11.0.1 Mobile [2018-Apr-30], 11.0.0 [2018-Sep-14], 11.1.0 [2018-Dec-14], 11.1.5 [2020-Mar-27], MicroStrategy 10.5.0 [2016-Sep-09], MicroStrategy 10.5 Free Desktop [2016-Oct-07], MicroStrategy World 2016 [2016-Jan-25], Polaris Early Adopter 2 [2015-Apr-21], MicroStrategy 9.5.1 HF1 [2015-Aug-14], MicroStrategy 10.0.0 Hotfix 1 [2015-Jun-30], MicroStrategy 10.1.0 Hotfix 1 [2015-Sep-25], Polaris Beta 6 Early Adopter [2015-Mar-24], MicroStrategy 10.3.0 [2016-Feb-26], MicroStrategy Mobile 10.3 EMM [2016-Mar-25], Polaris General Availability [2015-May-29], MicroStrategy 10.2.0 [2015-Nov-20], MicroStrategy 10.1.0 [2015-Aug-28], Polaris Release Candidate [2015-May-19], Patch, Never, Polaris Beta 5 [2015-Feb-10], MicroStrategy Mobile 10.2 EMM[ [2015-Dec-15]]}
2019-10-10 19:50:46,326 - mylogger - ERROR - Fail to update test case TC55373, 422 Validation error: TestCaseResult.Production Release Value [ 11.1.4  [2019-Dec-06] ] for field [ Production Release ] is invalid.  Valid values are: {[PM Roadmap, 80/20 Program, 10.4.7 [2018-Mar-9], 11.1.2 Azure SSO, 10.10.0 [2017-Dec-1], 10.4.5 [2017-Sep-8], 10.11.0 [2018-Mar-09], 10.4.6 [2017-Dec-1], MicroStrategy 10.9.0 [2017-Sep-8], MicroStrategy 10.4.4 [2017-Jun-16], MicroStrategy 10.6.0 EA [2016-Dec-09], MicroStrategy 10.7.0 [2017-Mar-10], MicroStrategy 10.4.3 [2017-Mar-10], MicroStrategy 10.8.0 [2017-Jun-16], 11.1.1 [2019-Mar-15], 11.1.3 [2019-Sep-06], 11.2 RC [2019-Sep-20], 11.2 EA [2019-Jun-21], 11.2 GA [2019-Dec-06], 11.1.4 [2019-Dec-06], 11.1.2 [2019-Jun-7], MicroStrategy 10.4.1 [2016-Sep-09], MicroStrategy 10.4.2 [2016-Dec-09], MicroStrategy 10.5 Dossier EA [2016-Sep-30], MicroStrategy 10.3.0 Hotfix 2 [2016-Jun-10], MicroStrategy 10.4.0 [2016-Jun-10], MicroStrategy 10.6.0 [2016-Dec-09], MicroStrategy 10.3.0 Hotfix 1 [2016-April-08], MicroStrategy 10.2.0 Hotfix 1 [2016-Jan-15], Urgent Research, Change Management, 10.11 Critical Update 1, 10.4.8 [2018-Jun-29], 10.11.0.1 Mobile [2018-Apr-30], 11.0.0 [2018-Sep-14], 11.1.0 [2018-Dec-14], 11.1.5 [2020-Mar-27], MicroStrategy 10.5.0 [2016-Sep-09], MicroStrategy 10.5 Free Desktop [2016-Oct-07], MicroStrategy World 2016 [2016-Jan-25], Polaris Early Adopter 2 [2015-Apr-21], MicroStrategy 9.5.1 HF1 [2015-Aug-14], MicroStrategy 10.0.0 Hotfix 1 [2015-Jun-30], MicroStrategy 10.1.0 Hotfix 1 [2015-Sep-25], Polaris Beta 6 Early Adopter [2015-Mar-24], MicroStrategy 10.3.0 [2016-Feb-26], MicroStrategy Mobile 10.3 EMM [2016-Mar-25], Polaris General Availability [2015-May-29], MicroStrategy 10.2.0 [2015-Nov-20], MicroStrategy 10.1.0 [2015-Aug-28], Polaris Release Candidate [2015-May-19], Patch, Never, Polaris Beta 5 [2015-Feb-10], MicroStrategy Mobile 10.2 EMM[ [2015-Dec-15]]}
2019-10-10 19:50:47,724 - mylogger - ERROR - Fail to update test case TC55376, 422 Validation error: TestCaseResult.Production Release Value [ 11.1.4  [2019-Dec-06] ] for field [ Production Release ] is invalid.  Valid values are: {[PM Roadmap, 80/20 Program, 10.4.7 [2018-Mar-9], 11.1.2 Azure SSO, 10.10.0 [2017-Dec-1], 10.4.5 [2017-Sep-8], 10.11.0 [2018-Mar-09], 10.4.6 [2017-Dec-1], MicroStrategy 10.9.0 [2017-Sep-8], MicroStrategy 10.4.4 [2017-Jun-16], MicroStrategy 10.6.0 EA [2016-Dec-09], MicroStrategy 10.7.0 [2017-Mar-10], MicroStrategy 10.4.3 [2017-Mar-10], MicroStrategy 10.8.0 [2017-Jun-16], 11.1.1 [2019-Mar-15], 11.1.3 [2019-Sep-06], 11.2 RC [2019-Sep-20], 11.2 EA [2019-Jun-21], 11.2 GA [2019-Dec-06], 11.1.4 [2019-Dec-06], 11.1.2 [2019-Jun-7], MicroStrategy 10.4.1 [2016-Sep-09], MicroStrategy 10.4.2 [2016-Dec-09], MicroStrategy 10.5 Dossier EA [2016-Sep-30], MicroStrategy 10.3.0 Hotfix 2 [2016-Jun-10], MicroStrategy 10.4.0 [2016-Jun-10], MicroStrategy 10.6.0 [2016-Dec-09], MicroStrategy 10.3.0 Hotfix 1 [2016-April-08], MicroStrategy 10.2.0 Hotfix 1 [2016-Jan-15], Urgent Research, Change Management, 10.11 Critical Update 1, 10.4.8 [2018-Jun-29], 10.11.0.1 Mobile [2018-Apr-30], 11.0.0 [2018-Sep-14], 11.1.0 [2018-Dec-14], 11.1.5 [2020-Mar-27], MicroStrategy 10.5.0 [2016-Sep-09], MicroStrategy 10.5 Free Desktop [2016-Oct-07], MicroStrategy World 2016 [2016-Jan-25], Polaris Early Adopter 2 [2015-Apr-21], MicroStrategy 9.5.1 HF1 [2015-Aug-14], MicroStrategy 10.0.0 Hotfix 1 [2015-Jun-30], MicroStrategy 10.1.0 Hotfix 1 [2015-Sep-25], Polaris Beta 6 Early Adopter [2015-Mar-24], MicroStrategy 10.3.0 [2016-Feb-26], MicroStrategy Mobile 10.3 EMM [2016-Mar-25], Polaris General Availability [2015-May-29], MicroStrategy 10.2.0 [2015-Nov-20], MicroStrategy 10.1.0 [2015-Aug-28], Polaris Release Candidate [2015-May-19], Patch, Never, Polaris Beta 5 [2015-Feb-10], MicroStrategy Mobile 10.2 EMM[ [2015-Dec-15]]}
2019-10-10 19:50:49,003 - mylogger - ERROR - Fail to update test case TC55377, 422 Validation error: TestCaseResult.Production Release Value [ 11.1.4  [2019-Dec-06] ] for field [ Production Release ] is invalid.  Valid values are: {[PM Roadmap, 80/20 Program, 10.4.7 [2018-Mar-9], 11.1.2 Azure SSO, 10.10.0 [2017-Dec-1], 10.4.5 [2017-Sep-8], 10.11.0 [2018-Mar-09], 10.4.6 [2017-Dec-1], MicroStrategy 10.9.0 [2017-Sep-8], MicroStrategy 10.4.4 [2017-Jun-16], MicroStrategy 10.6.0 EA [2016-Dec-09], MicroStrategy 10.7.0 [2017-Mar-10], MicroStrategy 10.4.3 [2017-Mar-10], MicroStrategy 10.8.0 [2017-Jun-16], 11.1.1 [2019-Mar-15], 11.1.3 [2019-Sep-06], 11.2 RC [2019-Sep-20], 11.2 EA [2019-Jun-21], 11.2 GA [2019-Dec-06], 11.1.4 [2019-Dec-06], 11.1.2 [2019-Jun-7], MicroStrategy 10.4.1 [2016-Sep-09], MicroStrategy 10.4.2 [2016-Dec-09], MicroStrategy 10.5 Dossier EA [2016-Sep-30], MicroStrategy 10.3.0 Hotfix 2 [2016-Jun-10], MicroStrategy 10.4.0 [2016-Jun-10], MicroStrategy 10.6.0 [2016-Dec-09], MicroStrategy 10.3.0 Hotfix 1 [2016-April-08], MicroStrategy 10.2.0 Hotfix 1 [2016-Jan-15], Urgent Research, Change Management, 10.11 Critical Update 1, 10.4.8 [2018-Jun-29], 10.11.0.1 Mobile [2018-Apr-30], 11.0.0 [2018-Sep-14], 11.1.0 [2018-Dec-14], 11.1.5 [2020-Mar-27], MicroStrategy 10.5.0 [2016-Sep-09], MicroStrategy 10.5 Free Desktop [2016-Oct-07], MicroStrategy World 2016 [2016-Jan-25], Polaris Early Adopter 2 [2015-Apr-21], MicroStrategy 9.5.1 HF1 [2015-Aug-14], MicroStrategy 10.0.0 Hotfix 1 [2015-Jun-30], MicroStrategy 10.1.0 Hotfix 1 [2015-Sep-25], Polaris Beta 6 Early Adopter [2015-Mar-24], MicroStrategy 10.3.0 [2016-Feb-26], MicroStrategy Mobile 10.3 EMM [2016-Mar-25], Polaris General Availability [2015-May-29], MicroStrategy 10.2.0 [2015-Nov-20], MicroStrategy 10.1.0 [2015-Aug-28], Polaris Release Candidate [2015-May-19], Patch, Never, Polaris Beta 5 [2015-Feb-10], MicroStrategy Mobile 10.2 EMM[ [2015-Dec-15]]}
2019-10-10 19:50:50,440 - mylogger - ERROR - Fail to update test case TC55378, 422 Validation error: TestCaseResult.Production Release Value [ 11.1.4  [2019-Dec-06] ] for field [ Production Release ] is invalid.  Valid values are: {[PM Roadmap, 80/20 Program, 10.4.7 [2018-Mar-9], 11.1.2 Azure SSO, 10.10.0 [2017-Dec-1], 10.4.5 [2017-Sep-8], 10.11.0 [2018-Mar-09], 10.4.6 [2017-Dec-1], MicroStrategy 10.9.0 [2017-Sep-8], MicroStrategy 10.4.4 [2017-Jun-16], MicroStrategy 10.6.0 EA [2016-Dec-09], MicroStrategy 10.7.0 [2017-Mar-10], MicroStrategy 10.4.3 [2017-Mar-10], MicroStrategy 10.8.0 [2017-Jun-16], 11.1.1 [2019-Mar-15], 11.1.3 [2019-Sep-06], 11.2 RC [2019-Sep-20], 11.2 EA [2019-Jun-21], 11.2 GA [2019-Dec-06], 11.1.4 [2019-Dec-06], 11.1.2 [2019-Jun-7], MicroStrategy 10.4.1 [2016-Sep-09], MicroStrategy 10.4.2 [2016-Dec-09], MicroStrategy 10.5 Dossier EA [2016-Sep-30], MicroStrategy 10.3.0 Hotfix 2 [2016-Jun-10], MicroStrategy 10.4.0 [2016-Jun-10], MicroStrategy 10.6.0 [2016-Dec-09], MicroStrategy 10.3.0 Hotfix 1 [2016-April-08], MicroStrategy 10.2.0 Hotfix 1 [2016-Jan-15], Urgent Research, Change Management, 10.11 Critical Update 1, 10.4.8 [2018-Jun-29], 10.11.0.1 Mobile [2018-Apr-30], 11.0.0 [2018-Sep-14], 11.1.0 [2018-Dec-14], 11.1.5 [2020-Mar-27], MicroStrategy 10.5.0 [2016-Sep-09], MicroStrategy 10.5 Free Desktop [2016-Oct-07], MicroStrategy World 2016 [2016-Jan-25], Polaris Early Adopter 2 [2015-Apr-21], MicroStrategy 9.5.1 HF1 [2015-Aug-14], MicroStrategy 10.0.0 Hotfix 1 [2015-Jun-30], MicroStrategy 10.1.0 Hotfix 1 [2015-Sep-25], Polaris Beta 6 Early Adopter [2015-Mar-24], MicroStrategy 10.3.0 [2016-Feb-26], MicroStrategy Mobile 10.3 EMM [2016-Mar-25], Polaris General Availability [2015-May-29], MicroStrategy 10.2.0 [2015-Nov-20], MicroStrategy 10.1.0 [2015-Aug-28], Polaris Release Candidate [2015-May-19], Patch, Never, Polaris Beta 5 [2015-Feb-10], MicroStrategy Mobile 10.2 EMM[ [2015-Dec-15]]}
2019-10-10 19:50:51,657 - mylogger - ERROR - Fail to update test case TC42263, 422 Validation error: TestCaseResult.Production Release Value [ 11.1.4  [2019-Dec-06] ] for field [ Production Release ] is invalid.  Valid values are: {[PM Roadmap, 80/20 Program, 10.4.7 [2018-Mar-9], 11.1.2 Azure SSO, 10.10.0 [2017-Dec-1], 10.4.5 [2017-Sep-8], 10.11.0 [2018-Mar-09], 10.4.6 [2017-Dec-1], MicroStrategy 10.9.0 [2017-Sep-8], MicroStrategy 10.4.4 [2017-Jun-16], MicroStrategy 10.6.0 EA [2016-Dec-09], MicroStrategy 10.7.0 [2017-Mar-10], MicroStrategy 10.4.3 [2017-Mar-10], MicroStrategy 10.8.0 [2017-Jun-16], 11.1.1 [2019-Mar-15], 11.1.3 [2019-Sep-06], 11.2 RC [2019-Sep-20], 11.2 EA [2019-Jun-21], 11.2 GA [2019-Dec-06], 11.1.4 [2019-Dec-06], 11.1.2 [2019-Jun-7], MicroStrategy 10.4.1 [2016-Sep-09], MicroStrategy 10.4.2 [2016-Dec-09], MicroStrategy 10.5 Dossier EA [2016-Sep-30], MicroStrategy 10.3.0 Hotfix 2 [2016-Jun-10], MicroStrategy 10.4.0 [2016-Jun-10], MicroStrategy 10.6.0 [2016-Dec-09], MicroStrategy 10.3.0 Hotfix 1 [2016-April-08], MicroStrategy 10.2.0 Hotfix 1 [2016-Jan-15], Urgent Research, Change Management, 10.11 Critical Update 1, 10.4.8 [2018-Jun-29], 10.11.0.1 Mobile [2018-Apr-30], 11.0.0 [2018-Sep-14], 11.1.0 [2018-Dec-14], 11.1.5 [2020-Mar-27], MicroStrategy 10.5.0 [2016-Sep-09], MicroStrategy 10.5 Free Desktop [2016-Oct-07], MicroStrategy World 2016 [2016-Jan-25], Polaris Early Adopter 2 [2015-Apr-21], MicroStrategy 9.5.1 HF1 [2015-Aug-14], MicroStrategy 10.0.0 Hotfix 1 [2015-Jun-30], MicroStrategy 10.1.0 Hotfix 1 [2015-Sep-25], Polaris Beta 6 Early Adopter [2015-Mar-24], MicroStrategy 10.3.0 [2016-Feb-26], MicroStrategy Mobile 10.3 EMM [2016-Mar-25], Polaris General Availability [2015-May-29], MicroStrategy 10.2.0 [2015-Nov-20], MicroStrategy 10.1.0 [2015-Aug-28], Polaris Release Candidate [2015-May-19], Patch, Never, Polaris Beta 5 [2015-Feb-10], MicroStrategy Mobile 10.2 EMM[ [2015-Dec-15]]}
2019-10-10 19:50:52,896 - mylogger - ERROR - Fail to update test case TC42265, 422 Validation error: TestCaseResult.Production Release Value [ 11.1.4  [2019-Dec-06] ] for field [ Production Release ] is invalid.  Valid values are: {[PM Roadmap, 80/20 Program, 10.4.7 [2018-Mar-9], 11.1.2 Azure SSO, 10.10.0 [2017-Dec-1], 10.4.5 [2017-Sep-8], 10.11.0 [2018-Mar-09], 10.4.6 [2017-Dec-1], MicroStrategy 10.9.0 [2017-Sep-8], MicroStrategy 10.4.4 [2017-Jun-16], MicroStrategy 10.6.0 EA [2016-Dec-09], MicroStrategy 10.7.0 [2017-Mar-10], MicroStrategy 10.4.3 [2017-Mar-10], MicroStrategy 10.8.0 [2017-Jun-16], 11.1.1 [2019-Mar-15], 11.1.3 [2019-Sep-06], 11.2 RC [2019-Sep-20], 11.2 EA [2019-Jun-21], 11.2 GA [2019-Dec-06], 11.1.4 [2019-Dec-06], 11.1.2 [2019-Jun-7], MicroStrategy 10.4.1 [2016-Sep-09], MicroStrategy 10.4.2 [2016-Dec-09], MicroStrategy 10.5 Dossier EA [2016-Sep-30], MicroStrategy 10.3.0 Hotfix 2 [2016-Jun-10], MicroStrategy 10.4.0 [2016-Jun-10], MicroStrategy 10.6.0 [2016-Dec-09], MicroStrategy 10.3.0 Hotfix 1 [2016-April-08], MicroStrategy 10.2.0 Hotfix 1 [2016-Jan-15], Urgent Research, Change Management, 10.11 Critical Update 1, 10.4.8 [2018-Jun-29], 10.11.0.1 Mobile [2018-Apr-30], 11.0.0 [2018-Sep-14], 11.1.0 [2018-Dec-14], 11.1.5 [2020-Mar-27], MicroStrategy 10.5.0 [2016-Sep-09], MicroStrategy 10.5 Free Desktop [2016-Oct-07], MicroStrategy World 2016 [2016-Jan-25], Polaris Early Adopter 2 [2015-Apr-21], MicroStrategy 9.5.1 HF1 [2015-Aug-14], MicroStrategy 10.0.0 Hotfix 1 [2015-Jun-30], MicroStrategy 10.1.0 Hotfix 1 [2015-Sep-25], Polaris Beta 6 Early Adopter [2015-Mar-24], MicroStrategy 10.3.0 [2016-Feb-26], MicroStrategy Mobile 10.3 EMM [2016-Mar-25], Polaris General Availability [2015-May-29], MicroStrategy 10.2.0 [2015-Nov-20], MicroStrategy 10.1.0 [2015-Aug-28], Polaris Release Candidate [2015-May-19], Patch, Never, Polaris Beta 5 [2015-Feb-10], MicroStrategy Mobile 10.2 EMM[ [2015-Dec-15]]}
2019-10-10 19:50:54,354 - mylogger - ERROR - Fail to update test case TC42267, 422 Validation error: TestCaseResult.Production Release Value [ 11.1.4  [2019-Dec-06] ] for field [ Production Release ] is invalid.  Valid values are: {[PM Roadmap, 80/20 Program, 10.4.7 [2018-Mar-9], 11.1.2 Azure SSO, 10.10.0 [2017-Dec-1], 10.4.5 [2017-Sep-8], 10.11.0 [2018-Mar-09], 10.4.6 [2017-Dec-1], MicroStrategy 10.9.0 [2017-Sep-8], MicroStrategy 10.4.4 [2017-Jun-16], MicroStrategy 10.6.0 EA [2016-Dec-09], MicroStrategy 10.7.0 [2017-Mar-10], MicroStrategy 10.4.3 [2017-Mar-10], MicroStrategy 10.8.0 [2017-Jun-16], 11.1.1 [2019-Mar-15], 11.1.3 [2019-Sep-06], 11.2 RC [2019-Sep-20], 11.2 EA [2019-Jun-21], 11.2 GA [2019-Dec-06], 11.1.4 [2019-Dec-06], 11.1.2 [2019-Jun-7], MicroStrategy 10.4.1 [2016-Sep-09], MicroStrategy 10.4.2 [2016-Dec-09], MicroStrategy 10.5 Dossier EA [2016-Sep-30], MicroStrategy 10.3.0 Hotfix 2 [2016-Jun-10], MicroStrategy 10.4.0 [2016-Jun-10], MicroStrategy 10.6.0 [2016-Dec-09], MicroStrategy 10.3.0 Hotfix 1 [2016-April-08], MicroStrategy 10.2.0 Hotfix 1 [2016-Jan-15], Urgent Research, Change Management, 10.11 Critical Update 1, 10.4.8 [2018-Jun-29], 10.11.0.1 Mobile [2018-Apr-30], 11.0.0 [2018-Sep-14], 11.1.0 [2018-Dec-14], 11.1.5 [2020-Mar-27], MicroStrategy 10.5.0 [2016-Sep-09], MicroStrategy 10.5 Free Desktop [2016-Oct-07], MicroStrategy World 2016 [2016-Jan-25], Polaris Early Adopter 2 [2015-Apr-21], MicroStrategy 9.5.1 HF1 [2015-Aug-14], MicroStrategy 10.0.0 Hotfix 1 [2015-Jun-30], MicroStrategy 10.1.0 Hotfix 1 [2015-Sep-25], Polaris Beta 6 Early Adopter [2015-Mar-24], MicroStrategy 10.3.0 [2016-Feb-26], MicroStrategy Mobile 10.3 EMM [2016-Mar-25], Polaris General Availability [2015-May-29], MicroStrategy 10.2.0 [2015-Nov-20], MicroStrategy 10.1.0 [2015-Aug-28], Polaris Release Candidate [2015-May-19], Patch, Never, Polaris Beta 5 [2015-Feb-10], MicroStrategy Mobile 10.2 EMM[ [2015-Dec-15]]}
2019-10-10 19:50:55,636 - mylogger - ERROR - Fail to update test case TC42268, 422 Validation error: TestCaseResult.Production Release Value [ 11.1.4  [2019-Dec-06] ] for field [ Production Release ] is invalid.  Valid values are: {[PM Roadmap, 80/20 Program, 10.4.7 [2018-Mar-9], 11.1.2 Azure SSO, 10.10.0 [2017-Dec-1], 10.4.5 [2017-Sep-8], 10.11.0 [2018-Mar-09], 10.4.6 [2017-Dec-1], MicroStrategy 10.9.0 [2017-Sep-8], MicroStrategy 10.4.4 [2017-Jun-16], MicroStrategy 10.6.0 EA [2016-Dec-09], MicroStrategy 10.7.0 [2017-Mar-10], MicroStrategy 10.4.3 [2017-Mar-10], MicroStrategy 10.8.0 [2017-Jun-16], 11.1.1 [2019-Mar-15], 11.1.3 [2019-Sep-06], 11.2 RC [2019-Sep-20], 11.2 EA [2019-Jun-21], 11.2 GA [2019-Dec-06], 11.1.4 [2019-Dec-06], 11.1.2 [2019-Jun-7], MicroStrategy 10.4.1 [2016-Sep-09], MicroStrategy 10.4.2 [2016-Dec-09], MicroStrategy 10.5 Dossier EA [2016-Sep-30], MicroStrategy 10.3.0 Hotfix 2 [2016-Jun-10], MicroStrategy 10.4.0 [2016-Jun-10], MicroStrategy 10.6.0 [2016-Dec-09], MicroStrategy 10.3.0 Hotfix 1 [2016-April-08], MicroStrategy 10.2.0 Hotfix 1 [2016-Jan-15], Urgent Research, Change Management, 10.11 Critical Update 1, 10.4.8 [2018-Jun-29], 10.11.0.1 Mobile [2018-Apr-30], 11.0.0 [2018-Sep-14], 11.1.0 [2018-Dec-14], 11.1.5 [2020-Mar-27], MicroStrategy 10.5.0 [2016-Sep-09], MicroStrategy 10.5 Free Desktop [2016-Oct-07], MicroStrategy World 2016 [2016-Jan-25], Polaris Early Adopter 2 [2015-Apr-21], MicroStrategy 9.5.1 HF1 [2015-Aug-14], MicroStrategy 10.0.0 Hotfix 1 [2015-Jun-30], MicroStrategy 10.1.0 Hotfix 1 [2015-Sep-25], Polaris Beta 6 Early Adopter [2015-Mar-24], MicroStrategy 10.3.0 [2016-Feb-26], MicroStrategy Mobile 10.3 EMM [2016-Mar-25], Polaris General Availability [2015-May-29], MicroStrategy 10.2.0 [2015-Nov-20], MicroStrategy 10.1.0 [2015-Aug-28], Polaris Release Candidate [2015-May-19], Patch, Never, Polaris Beta 5 [2015-Feb-10], MicroStrategy Mobile 10.2 EMM[ [2015-Dec-15]]}
2019-10-10 19:50:56,988 - mylogger - ERROR - Fail to update test case TC55380, 422 Validation error: TestCaseResult.Production Release Value [ 11.1.4  [2019-Dec-06] ] for field [ Production Release ] is invalid.  Valid values are: {[PM Roadmap, 80/20 Program, 10.4.7 [2018-Mar-9], 11.1.2 Azure SSO, 10.10.0 [2017-Dec-1], 10.4.5 [2017-Sep-8], 10.11.0 [2018-Mar-09], 10.4.6 [2017-Dec-1], MicroStrategy 10.9.0 [2017-Sep-8], MicroStrategy 10.4.4 [2017-Jun-16], MicroStrategy 10.6.0 EA [2016-Dec-09], MicroStrategy 10.7.0 [2017-Mar-10], MicroStrategy 10.4.3 [2017-Mar-10], MicroStrategy 10.8.0 [2017-Jun-16], 11.1.1 [2019-Mar-15], 11.1.3 [2019-Sep-06], 11.2 RC [2019-Sep-20], 11.2 EA [2019-Jun-21], 11.2 GA [2019-Dec-06], 11.1.4 [2019-Dec-06], 11.1.2 [2019-Jun-7], MicroStrategy 10.4.1 [2016-Sep-09], MicroStrategy 10.4.2 [2016-Dec-09], MicroStrategy 10.5 Dossier EA [2016-Sep-30], MicroStrategy 10.3.0 Hotfix 2 [2016-Jun-10], MicroStrategy 10.4.0 [2016-Jun-10], MicroStrategy 10.6.0 [2016-Dec-09], MicroStrategy 10.3.0 Hotfix 1 [2016-April-08], MicroStrategy 10.2.0 Hotfix 1 [2016-Jan-15], Urgent Research, Change Management, 10.11 Critical Update 1, 10.4.8 [2018-Jun-29], 10.11.0.1 Mobile [2018-Apr-30], 11.0.0 [2018-Sep-14], 11.1.0 [2018-Dec-14], 11.1.5 [2020-Mar-27], MicroStrategy 10.5.0 [2016-Sep-09], MicroStrategy 10.5 Free Desktop [2016-Oct-07], MicroStrategy World 2016 [2016-Jan-25], Polaris Early Adopter 2 [2015-Apr-21], MicroStrategy 9.5.1 HF1 [2015-Aug-14], MicroStrategy 10.0.0 Hotfix 1 [2015-Jun-30], MicroStrategy 10.1.0 Hotfix 1 [2015-Sep-25], Polaris Beta 6 Early Adopter [2015-Mar-24], MicroStrategy 10.3.0 [2016-Feb-26], MicroStrategy Mobile 10.3 EMM [2016-Mar-25], Polaris General Availability [2015-May-29], MicroStrategy 10.2.0 [2015-Nov-20], MicroStrategy 10.1.0 [2015-Aug-28], Polaris Release Candidate [2015-May-19], Patch, Never, Polaris Beta 5 [2015-Feb-10], MicroStrategy Mobile 10.2 EMM[ [2015-Dec-15]]}
2019-10-10 19:50:58,221 - mylogger - ERROR - Fail to update test case TC42269, 422 Validation error: TestCaseResult.Production Release Value [ 11.1.4  [2019-Dec-06] ] for field [ Production Release ] is invalid.  Valid values are: {[PM Roadmap, 80/20 Program, 10.4.7 [2018-Mar-9], 11.1.2 Azure SSO, 10.10.0 [2017-Dec-1], 10.4.5 [2017-Sep-8], 10.11.0 [2018-Mar-09], 10.4.6 [2017-Dec-1], MicroStrategy 10.9.0 [2017-Sep-8], MicroStrategy 10.4.4 [2017-Jun-16], MicroStrategy 10.6.0 EA [2016-Dec-09], MicroStrategy 10.7.0 [2017-Mar-10], MicroStrategy 10.4.3 [2017-Mar-10], MicroStrategy 10.8.0 [2017-Jun-16], 11.1.1 [2019-Mar-15], 11.1.3 [2019-Sep-06], 11.2 RC [2019-Sep-20], 11.2 EA [2019-Jun-21], 11.2 GA [2019-Dec-06], 11.1.4 [2019-Dec-06], 11.1.2 [2019-Jun-7], MicroStrategy 10.4.1 [2016-Sep-09], MicroStrategy 10.4.2 [2016-Dec-09], MicroStrategy 10.5 Dossier EA [2016-Sep-30], MicroStrategy 10.3.0 Hotfix 2 [2016-Jun-10], MicroStrategy 10.4.0 [2016-Jun-10], MicroStrategy 10.6.0 [2016-Dec-09], MicroStrategy 10.3.0 Hotfix 1 [2016-April-08], MicroStrategy 10.2.0 Hotfix 1 [2016-Jan-15], Urgent Research, Change Management, 10.11 Critical Update 1, 10.4.8 [2018-Jun-29], 10.11.0.1 Mobile [2018-Apr-30], 11.0.0 [2018-Sep-14], 11.1.0 [2018-Dec-14], 11.1.5 [2020-Mar-27], MicroStrategy 10.5.0 [2016-Sep-09], MicroStrategy 10.5 Free Desktop [2016-Oct-07], MicroStrategy World 2016 [2016-Jan-25], Polaris Early Adopter 2 [2015-Apr-21], MicroStrategy 9.5.1 HF1 [2015-Aug-14], MicroStrategy 10.0.0 Hotfix 1 [2015-Jun-30], MicroStrategy 10.1.0 Hotfix 1 [2015-Sep-25], Polaris Beta 6 Early Adopter [2015-Mar-24], MicroStrategy 10.3.0 [2016-Feb-26], MicroStrategy Mobile 10.3 EMM [2016-Mar-25], Polaris General Availability [2015-May-29], MicroStrategy 10.2.0 [2015-Nov-20], MicroStrategy 10.1.0 [2015-Aug-28], Polaris Release Candidate [2015-May-19], Patch, Never, Polaris Beta 5 [2015-Feb-10], MicroStrategy Mobile 10.2 EMM[ [2015-Dec-15]]}
2019-10-10 19:50:59,516 - mylogger - ERROR - Fail to update test case TC42270, 422 Validation error: TestCaseResult.Production Release Value [ 11.1.4  [2019-Dec-06] ] for field [ Production Release ] is invalid.  Valid values are: {[PM Roadmap, 80/20 Program, 10.4.7 [2018-Mar-9], 11.1.2 Azure SSO, 10.10.0 [2017-Dec-1], 10.4.5 [2017-Sep-8], 10.11.0 [2018-Mar-09], 10.4.6 [2017-Dec-1], MicroStrategy 10.9.0 [2017-Sep-8], MicroStrategy 10.4.4 [2017-Jun-16], MicroStrategy 10.6.0 EA [2016-Dec-09], MicroStrategy 10.7.0 [2017-Mar-10], MicroStrategy 10.4.3 [2017-Mar-10], MicroStrategy 10.8.0 [2017-Jun-16], 11.1.1 [2019-Mar-15], 11.1.3 [2019-Sep-06], 11.2 RC [2019-Sep-20], 11.2 EA [2019-Jun-21], 11.2 GA [2019-Dec-06], 11.1.4 [2019-Dec-06], 11.1.2 [2019-Jun-7], MicroStrategy 10.4.1 [2016-Sep-09], MicroStrategy 10.4.2 [2016-Dec-09], MicroStrategy 10.5 Dossier EA [2016-Sep-30], MicroStrategy 10.3.0 Hotfix 2 [2016-Jun-10], MicroStrategy 10.4.0 [2016-Jun-10], MicroStrategy 10.6.0 [2016-Dec-09], MicroStrategy 10.3.0 Hotfix 1 [2016-April-08], MicroStrategy 10.2.0 Hotfix 1 [2016-Jan-15], Urgent Research, Change Management, 10.11 Critical Update 1, 10.4.8 [2018-Jun-29], 10.11.0.1 Mobile [2018-Apr-30], 11.0.0 [2018-Sep-14], 11.1.0 [2018-Dec-14], 11.1.5 [2020-Mar-27], MicroStrategy 10.5.0 [2016-Sep-09], MicroStrategy 10.5 Free Desktop [2016-Oct-07], MicroStrategy World 2016 [2016-Jan-25], Polaris Early Adopter 2 [2015-Apr-21], MicroStrategy 9.5.1 HF1 [2015-Aug-14], MicroStrategy 10.0.0 Hotfix 1 [2015-Jun-30], MicroStrategy 10.1.0 Hotfix 1 [2015-Sep-25], Polaris Beta 6 Early Adopter [2015-Mar-24], MicroStrategy 10.3.0 [2016-Feb-26], MicroStrategy Mobile 10.3 EMM [2016-Mar-25], Polaris General Availability [2015-May-29], MicroStrategy 10.2.0 [2015-Nov-20], MicroStrategy 10.1.0 [2015-Aug-28], Polaris Release Candidate [2015-May-19], Patch, Never, Polaris Beta 5 [2015-Feb-10], MicroStrategy Mobile 10.2 EMM[ [2015-Dec-15]]}
2019-10-10 19:51:00,844 - mylogger - ERROR - Fail to update test case TC55381, 422 Validation error: TestCaseResult.Production Release Value [ 11.1.4  [2019-Dec-06] ] for field [ Production Release ] is invalid.  Valid values are: {[PM Roadmap, 80/20 Program, 10.4.7 [2018-Mar-9], 11.1.2 Azure SSO, 10.10.0 [2017-Dec-1], 10.4.5 [2017-Sep-8], 10.11.0 [2018-Mar-09], 10.4.6 [2017-Dec-1], MicroStrategy 10.9.0 [2017-Sep-8], MicroStrategy 10.4.4 [2017-Jun-16], MicroStrategy 10.6.0 EA [2016-Dec-09], MicroStrategy 10.7.0 [2017-Mar-10], MicroStrategy 10.4.3 [2017-Mar-10], MicroStrategy 10.8.0 [2017-Jun-16], 11.1.1 [2019-Mar-15], 11.1.3 [2019-Sep-06], 11.2 RC [2019-Sep-20], 11.2 EA [2019-Jun-21], 11.2 GA [2019-Dec-06], 11.1.4 [2019-Dec-06], 11.1.2 [2019-Jun-7], MicroStrategy 10.4.1 [2016-Sep-09], MicroStrategy 10.4.2 [2016-Dec-09], MicroStrategy 10.5 Dossier EA [2016-Sep-30], MicroStrategy 10.3.0 Hotfix 2 [2016-Jun-10], MicroStrategy 10.4.0 [2016-Jun-10], MicroStrategy 10.6.0 [2016-Dec-09], MicroStrategy 10.3.0 Hotfix 1 [2016-April-08], MicroStrategy 10.2.0 Hotfix 1 [2016-Jan-15], Urgent Research, Change Management, 10.11 Critical Update 1, 10.4.8 [2018-Jun-29], 10.11.0.1 Mobile [2018-Apr-30], 11.0.0 [2018-Sep-14], 11.1.0 [2018-Dec-14], 11.1.5 [2020-Mar-27], MicroStrategy 10.5.0 [2016-Sep-09], MicroStrategy 10.5 Free Desktop [2016-Oct-07], MicroStrategy World 2016 [2016-Jan-25], Polaris Early Adopter 2 [2015-Apr-21], MicroStrategy 9.5.1 HF1 [2015-Aug-14], MicroStrategy 10.0.0 Hotfix 1 [2015-Jun-30], MicroStrategy 10.1.0 Hotfix 1 [2015-Sep-25], Polaris Beta 6 Early Adopter [2015-Mar-24], MicroStrategy 10.3.0 [2016-Feb-26], MicroStrategy Mobile 10.3 EMM [2016-Mar-25], Polaris General Availability [2015-May-29], MicroStrategy 10.2.0 [2015-Nov-20], MicroStrategy 10.1.0 [2015-Aug-28], Polaris Release Candidate [2015-May-19], Patch, Never, Polaris Beta 5 [2015-Feb-10], MicroStrategy Mobile 10.2 EMM[ [2015-Dec-15]]}
2019-10-10 19:51:02,095 - mylogger - ERROR - Fail to update test case TC42271, 422 Validation error: TestCaseResult.Production Release Value [ 11.1.4  [2019-Dec-06] ] for field [ Production Release ] is invalid.  Valid values are: {[PM Roadmap, 80/20 Program, 10.4.7 [2018-Mar-9], 11.1.2 Azure SSO, 10.10.0 [2017-Dec-1], 10.4.5 [2017-Sep-8], 10.11.0 [2018-Mar-09], 10.4.6 [2017-Dec-1], MicroStrategy 10.9.0 [2017-Sep-8], MicroStrategy 10.4.4 [2017-Jun-16], MicroStrategy 10.6.0 EA [2016-Dec-09], MicroStrategy 10.7.0 [2017-Mar-10], MicroStrategy 10.4.3 [2017-Mar-10], MicroStrategy 10.8.0 [2017-Jun-16], 11.1.1 [2019-Mar-15], 11.1.3 [2019-Sep-06], 11.2 RC [2019-Sep-20], 11.2 EA [2019-Jun-21], 11.2 GA [2019-Dec-06], 11.1.4 [2019-Dec-06], 11.1.2 [2019-Jun-7], MicroStrategy 10.4.1 [2016-Sep-09], MicroStrategy 10.4.2 [2016-Dec-09], MicroStrategy 10.5 Dossier EA [2016-Sep-30], MicroStrategy 10.3.0 Hotfix 2 [2016-Jun-10], MicroStrategy 10.4.0 [2016-Jun-10], MicroStrategy 10.6.0 [2016-Dec-09], MicroStrategy 10.3.0 Hotfix 1 [2016-April-08], MicroStrategy 10.2.0 Hotfix 1 [2016-Jan-15], Urgent Research, Change Management, 10.11 Critical Update 1, 10.4.8 [2018-Jun-29], 10.11.0.1 Mobile [2018-Apr-30], 11.0.0 [2018-Sep-14], 11.1.0 [2018-Dec-14], 11.1.5 [2020-Mar-27], MicroStrategy 10.5.0 [2016-Sep-09], MicroStrategy 10.5 Free Desktop [2016-Oct-07], MicroStrategy World 2016 [2016-Jan-25], Polaris Early Adopter 2 [2015-Apr-21], MicroStrategy 9.5.1 HF1 [2015-Aug-14], MicroStrategy 10.0.0 Hotfix 1 [2015-Jun-30], MicroStrategy 10.1.0 Hotfix 1 [2015-Sep-25], Polaris Beta 6 Early Adopter [2015-Mar-24], MicroStrategy 10.3.0 [2016-Feb-26], MicroStrategy Mobile 10.3 EMM [2016-Mar-25], Polaris General Availability [2015-May-29], MicroStrategy 10.2.0 [2015-Nov-20], MicroStrategy 10.1.0 [2015-Aug-28], Polaris Release Candidate [2015-May-19], Patch, Never, Polaris Beta 5 [2015-Feb-10], MicroStrategy Mobile 10.2 EMM[ [2015-Dec-15]]}
2019-10-10 19:51:03,388 - mylogger - ERROR - Fail to update test case TC55382, 422 Validation error: TestCaseResult.Production Release Value [ 11.1.4  [2019-Dec-06] ] for field [ Production Release ] is invalid.  Valid values are: {[PM Roadmap, 80/20 Program, 10.4.7 [2018-Mar-9], 11.1.2 Azure SSO, 10.10.0 [2017-Dec-1], 10.4.5 [2017-Sep-8], 10.11.0 [2018-Mar-09], 10.4.6 [2017-Dec-1], MicroStrategy 10.9.0 [2017-Sep-8], MicroStrategy 10.4.4 [2017-Jun-16], MicroStrategy 10.6.0 EA [2016-Dec-09], MicroStrategy 10.7.0 [2017-Mar-10], MicroStrategy 10.4.3 [2017-Mar-10], MicroStrategy 10.8.0 [2017-Jun-16], 11.1.1 [2019-Mar-15], 11.1.3 [2019-Sep-06], 11.2 RC [2019-Sep-20], 11.2 EA [2019-Jun-21], 11.2 GA [2019-Dec-06], 11.1.4 [2019-Dec-06], 11.1.2 [2019-Jun-7], MicroStrategy 10.4.1 [2016-Sep-09], MicroStrategy 10.4.2 [2016-Dec-09], MicroStrategy 10.5 Dossier EA [2016-Sep-30], MicroStrategy 10.3.0 Hotfix 2 [2016-Jun-10], MicroStrategy 10.4.0 [2016-Jun-10], MicroStrategy 10.6.0 [2016-Dec-09], MicroStrategy 10.3.0 Hotfix 1 [2016-April-08], MicroStrategy 10.2.0 Hotfix 1 [2016-Jan-15], Urgent Research, Change Management, 10.11 Critical Update 1, 10.4.8 [2018-Jun-29], 10.11.0.1 Mobile [2018-Apr-30], 11.0.0 [2018-Sep-14], 11.1.0 [2018-Dec-14], 11.1.5 [2020-Mar-27], MicroStrategy 10.5.0 [2016-Sep-09], MicroStrategy 10.5 Free Desktop [2016-Oct-07], MicroStrategy World 2016 [2016-Jan-25], Polaris Early Adopter 2 [2015-Apr-21], MicroStrategy 9.5.1 HF1 [2015-Aug-14], MicroStrategy 10.0.0 Hotfix 1 [2015-Jun-30], MicroStrategy 10.1.0 Hotfix 1 [2015-Sep-25], Polaris Beta 6 Early Adopter [2015-Mar-24], MicroStrategy 10.3.0 [2016-Feb-26], MicroStrategy Mobile 10.3 EMM [2016-Mar-25], Polaris General Availability [2015-May-29], MicroStrategy 10.2.0 [2015-Nov-20], MicroStrategy 10.1.0 [2015-Aug-28], Polaris Release Candidate [2015-May-19], Patch, Never, Polaris Beta 5 [2015-Feb-10], MicroStrategy Mobile 10.2 EMM[ [2015-Dec-15]]}
2019-10-10 19:51:04,644 - mylogger - ERROR - Fail to update test case TC42274, 422 Validation error: TestCaseResult.Production Release Value [ 11.1.4  [2019-Dec-06] ] for field [ Production Release ] is invalid.  Valid values are: {[PM Roadmap, 80/20 Program, 10.4.7 [2018-Mar-9], 11.1.2 Azure SSO, 10.10.0 [2017-Dec-1], 10.4.5 [2017-Sep-8], 10.11.0 [2018-Mar-09], 10.4.6 [2017-Dec-1], MicroStrategy 10.9.0 [2017-Sep-8], MicroStrategy 10.4.4 [2017-Jun-16], MicroStrategy 10.6.0 EA [2016-Dec-09], MicroStrategy 10.7.0 [2017-Mar-10], MicroStrategy 10.4.3 [2017-Mar-10], MicroStrategy 10.8.0 [2017-Jun-16], 11.1.1 [2019-Mar-15], 11.1.3 [2019-Sep-06], 11.2 RC [2019-Sep-20], 11.2 EA [2019-Jun-21], 11.2 GA [2019-Dec-06], 11.1.4 [2019-Dec-06], 11.1.2 [2019-Jun-7], MicroStrategy 10.4.1 [2016-Sep-09], MicroStrategy 10.4.2 [2016-Dec-09], MicroStrategy 10.5 Dossier EA [2016-Sep-30], MicroStrategy 10.3.0 Hotfix 2 [2016-Jun-10], MicroStrategy 10.4.0 [2016-Jun-10], MicroStrategy 10.6.0 [2016-Dec-09], MicroStrategy 10.3.0 Hotfix 1 [2016-April-08], MicroStrategy 10.2.0 Hotfix 1 [2016-Jan-15], Urgent Research, Change Management, 10.11 Critical Update 1, 10.4.8 [2018-Jun-29], 10.11.0.1 Mobile [2018-Apr-30], 11.0.0 [2018-Sep-14], 11.1.0 [2018-Dec-14], 11.1.5 [2020-Mar-27], MicroStrategy 10.5.0 [2016-Sep-09], MicroStrategy 10.5 Free Desktop [2016-Oct-07], MicroStrategy World 2016 [2016-Jan-25], Polaris Early Adopter 2 [2015-Apr-21], MicroStrategy 9.5.1 HF1 [2015-Aug-14], MicroStrategy 10.0.0 Hotfix 1 [2015-Jun-30], MicroStrategy 10.1.0 Hotfix 1 [2015-Sep-25], Polaris Beta 6 Early Adopter [2015-Mar-24], MicroStrategy 10.3.0 [2016-Feb-26], MicroStrategy Mobile 10.3 EMM [2016-Mar-25], Polaris General Availability [2015-May-29], MicroStrategy 10.2.0 [2015-Nov-20], MicroStrategy 10.1.0 [2015-Aug-28], Polaris Release Candidate [2015-May-19], Patch, Never, Polaris Beta 5 [2015-Feb-10], MicroStrategy Mobile 10.2 EMM[ [2015-Dec-15]]}
2019-10-10 19:51:06,048 - mylogger - ERROR - Fail to update test case TC42275, 422 Validation error: TestCaseResult.Production Release Value [ 11.1.4  [2019-Dec-06] ] for field [ Production Release ] is invalid.  Valid values are: {[PM Roadmap, 80/20 Program, 10.4.7 [2018-Mar-9], 11.1.2 Azure SSO, 10.10.0 [2017-Dec-1], 10.4.5 [2017-Sep-8], 10.11.0 [2018-Mar-09], 10.4.6 [2017-Dec-1], MicroStrategy 10.9.0 [2017-Sep-8], MicroStrategy 10.4.4 [2017-Jun-16], MicroStrategy 10.6.0 EA [2016-Dec-09], MicroStrategy 10.7.0 [2017-Mar-10], MicroStrategy 10.4.3 [2017-Mar-10], MicroStrategy 10.8.0 [2017-Jun-16], 11.1.1 [2019-Mar-15], 11.1.3 [2019-Sep-06], 11.2 RC [2019-Sep-20], 11.2 EA [2019-Jun-21], 11.2 GA [2019-Dec-06], 11.1.4 [2019-Dec-06], 11.1.2 [2019-Jun-7], MicroStrategy 10.4.1 [2016-Sep-09], MicroStrategy 10.4.2 [2016-Dec-09], MicroStrategy 10.5 Dossier EA [2016-Sep-30], MicroStrategy 10.3.0 Hotfix 2 [2016-Jun-10], MicroStrategy 10.4.0 [2016-Jun-10], MicroStrategy 10.6.0 [2016-Dec-09], MicroStrategy 10.3.0 Hotfix 1 [2016-April-08], MicroStrategy 10.2.0 Hotfix 1 [2016-Jan-15], Urgent Research, Change Management, 10.11 Critical Update 1, 10.4.8 [2018-Jun-29], 10.11.0.1 Mobile [2018-Apr-30], 11.0.0 [2018-Sep-14], 11.1.0 [2018-Dec-14], 11.1.5 [2020-Mar-27], MicroStrategy 10.5.0 [2016-Sep-09], MicroStrategy 10.5 Free Desktop [2016-Oct-07], MicroStrategy World 2016 [2016-Jan-25], Polaris Early Adopter 2 [2015-Apr-21], MicroStrategy 9.5.1 HF1 [2015-Aug-14], MicroStrategy 10.0.0 Hotfix 1 [2015-Jun-30], MicroStrategy 10.1.0 Hotfix 1 [2015-Sep-25], Polaris Beta 6 Early Adopter [2015-Mar-24], MicroStrategy 10.3.0 [2016-Feb-26], MicroStrategy Mobile 10.3 EMM [2016-Mar-25], Polaris General Availability [2015-May-29], MicroStrategy 10.2.0 [2015-Nov-20], MicroStrategy 10.1.0 [2015-Aug-28], Polaris Release Candidate [2015-May-19], Patch, Never, Polaris Beta 5 [2015-Feb-10], MicroStrategy Mobile 10.2 EMM[ [2015-Dec-15]]}
2019-10-10 19:51:07,459 - mylogger - ERROR - Fail to update test case TC42276, 422 Validation error: TestCaseResult.Production Release Value [ 11.1.4  [2019-Dec-06] ] for field [ Production Release ] is invalid.  Valid values are: {[PM Roadmap, 80/20 Program, 10.4.7 [2018-Mar-9], 11.1.2 Azure SSO, 10.10.0 [2017-Dec-1], 10.4.5 [2017-Sep-8], 10.11.0 [2018-Mar-09], 10.4.6 [2017-Dec-1], MicroStrategy 10.9.0 [2017-Sep-8], MicroStrategy 10.4.4 [2017-Jun-16], MicroStrategy 10.6.0 EA [2016-Dec-09], MicroStrategy 10.7.0 [2017-Mar-10], MicroStrategy 10.4.3 [2017-Mar-10], MicroStrategy 10.8.0 [2017-Jun-16], 11.1.1 [2019-Mar-15], 11.1.3 [2019-Sep-06], 11.2 RC [2019-Sep-20], 11.2 EA [2019-Jun-21], 11.2 GA [2019-Dec-06], 11.1.4 [2019-Dec-06], 11.1.2 [2019-Jun-7], MicroStrategy 10.4.1 [2016-Sep-09], MicroStrategy 10.4.2 [2016-Dec-09], MicroStrategy 10.5 Dossier EA [2016-Sep-30], MicroStrategy 10.3.0 Hotfix 2 [2016-Jun-10], MicroStrategy 10.4.0 [2016-Jun-10], MicroStrategy 10.6.0 [2016-Dec-09], MicroStrategy 10.3.0 Hotfix 1 [2016-April-08], MicroStrategy 10.2.0 Hotfix 1 [2016-Jan-15], Urgent Research, Change Management, 10.11 Critical Update 1, 10.4.8 [2018-Jun-29], 10.11.0.1 Mobile [2018-Apr-30], 11.0.0 [2018-Sep-14], 11.1.0 [2018-Dec-14], 11.1.5 [2020-Mar-27], MicroStrategy 10.5.0 [2016-Sep-09], MicroStrategy 10.5 Free Desktop [2016-Oct-07], MicroStrategy World 2016 [2016-Jan-25], Polaris Early Adopter 2 [2015-Apr-21], MicroStrategy 9.5.1 HF1 [2015-Aug-14], MicroStrategy 10.0.0 Hotfix 1 [2015-Jun-30], MicroStrategy 10.1.0 Hotfix 1 [2015-Sep-25], Polaris Beta 6 Early Adopter [2015-Mar-24], MicroStrategy 10.3.0 [2016-Feb-26], MicroStrategy Mobile 10.3 EMM [2016-Mar-25], Polaris General Availability [2015-May-29], MicroStrategy 10.2.0 [2015-Nov-20], MicroStrategy 10.1.0 [2015-Aug-28], Polaris Release Candidate [2015-May-19], Patch, Never, Polaris Beta 5 [2015-Feb-10], MicroStrategy Mobile 10.2 EMM[ [2015-Dec-15]]}
2019-10-10 19:51:08,722 - mylogger - ERROR - Fail to update test case TC55383, 422 Validation error: TestCaseResult.Production Release Value [ 11.1.4  [2019-Dec-06] ] for field [ Production Release ] is invalid.  Valid values are: {[PM Roadmap, 80/20 Program, 10.4.7 [2018-Mar-9], 11.1.2 Azure SSO, 10.10.0 [2017-Dec-1], 10.4.5 [2017-Sep-8], 10.11.0 [2018-Mar-09], 10.4.6 [2017-Dec-1], MicroStrategy 10.9.0 [2017-Sep-8], MicroStrategy 10.4.4 [2017-Jun-16], MicroStrategy 10.6.0 EA [2016-Dec-09], MicroStrategy 10.7.0 [2017-Mar-10], MicroStrategy 10.4.3 [2017-Mar-10], MicroStrategy 10.8.0 [2017-Jun-16], 11.1.1 [2019-Mar-15], 11.1.3 [2019-Sep-06], 11.2 RC [2019-Sep-20], 11.2 EA [2019-Jun-21], 11.2 GA [2019-Dec-06], 11.1.4 [2019-Dec-06], 11.1.2 [2019-Jun-7], MicroStrategy 10.4.1 [2016-Sep-09], MicroStrategy 10.4.2 [2016-Dec-09], MicroStrategy 10.5 Dossier EA [2016-Sep-30], MicroStrategy 10.3.0 Hotfix 2 [2016-Jun-10], MicroStrategy 10.4.0 [2016-Jun-10], MicroStrategy 10.6.0 [2016-Dec-09], MicroStrategy 10.3.0 Hotfix 1 [2016-April-08], MicroStrategy 10.2.0 Hotfix 1 [2016-Jan-15], Urgent Research, Change Management, 10.11 Critical Update 1, 10.4.8 [2018-Jun-29], 10.11.0.1 Mobile [2018-Apr-30], 11.0.0 [2018-Sep-14], 11.1.0 [2018-Dec-14], 11.1.5 [2020-Mar-27], MicroStrategy 10.5.0 [2016-Sep-09], MicroStrategy 10.5 Free Desktop [2016-Oct-07], MicroStrategy World 2016 [2016-Jan-25], Polaris Early Adopter 2 [2015-Apr-21], MicroStrategy 9.5.1 HF1 [2015-Aug-14], MicroStrategy 10.0.0 Hotfix 1 [2015-Jun-30], MicroStrategy 10.1.0 Hotfix 1 [2015-Sep-25], Polaris Beta 6 Early Adopter [2015-Mar-24], MicroStrategy 10.3.0 [2016-Feb-26], MicroStrategy Mobile 10.3 EMM [2016-Mar-25], Polaris General Availability [2015-May-29], MicroStrategy 10.2.0 [2015-Nov-20], MicroStrategy 10.1.0 [2015-Aug-28], Polaris Release Candidate [2015-May-19], Patch, Never, Polaris Beta 5 [2015-Feb-10], MicroStrategy Mobile 10.2 EMM[ [2015-Dec-15]]}
2019-10-10 19:51:10,000 - mylogger - ERROR - Fail to update test case TC55384, 422 Validation error: TestCaseResult.Production Release Value [ 11.1.4  [2019-Dec-06] ] for field [ Production Release ] is invalid.  Valid values are: {[PM Roadmap, 80/20 Program, 10.4.7 [2018-Mar-9], 11.1.2 Azure SSO, 10.10.0 [2017-Dec-1], 10.4.5 [2017-Sep-8], 10.11.0 [2018-Mar-09], 10.4.6 [2017-Dec-1], MicroStrategy 10.9.0 [2017-Sep-8], MicroStrategy 10.4.4 [2017-Jun-16], MicroStrategy 10.6.0 EA [2016-Dec-09], MicroStrategy 10.7.0 [2017-Mar-10], MicroStrategy 10.4.3 [2017-Mar-10], MicroStrategy 10.8.0 [2017-Jun-16], 11.1.1 [2019-Mar-15], 11.1.3 [2019-Sep-06], 11.2 RC [2019-Sep-20], 11.2 EA [2019-Jun-21], 11.2 GA [2019-Dec-06], 11.1.4 [2019-Dec-06], 11.1.2 [2019-Jun-7], MicroStrategy 10.4.1 [2016-Sep-09], MicroStrategy 10.4.2 [2016-Dec-09], MicroStrategy 10.5 Dossier EA [2016-Sep-30], MicroStrategy 10.3.0 Hotfix 2 [2016-Jun-10], MicroStrategy 10.4.0 [2016-Jun-10], MicroStrategy 10.6.0 [2016-Dec-09], MicroStrategy 10.3.0 Hotfix 1 [2016-April-08], MicroStrategy 10.2.0 Hotfix 1 [2016-Jan-15], Urgent Research, Change Management, 10.11 Critical Update 1, 10.4.8 [2018-Jun-29], 10.11.0.1 Mobile [2018-Apr-30], 11.0.0 [2018-Sep-14], 11.1.0 [2018-Dec-14], 11.1.5 [2020-Mar-27], MicroStrategy 10.5.0 [2016-Sep-09], MicroStrategy 10.5 Free Desktop [2016-Oct-07], MicroStrategy World 2016 [2016-Jan-25], Polaris Early Adopter 2 [2015-Apr-21], MicroStrategy 9.5.1 HF1 [2015-Aug-14], MicroStrategy 10.0.0 Hotfix 1 [2015-Jun-30], MicroStrategy 10.1.0 Hotfix 1 [2015-Sep-25], Polaris Beta 6 Early Adopter [2015-Mar-24], MicroStrategy 10.3.0 [2016-Feb-26], MicroStrategy Mobile 10.3 EMM [2016-Mar-25], Polaris General Availability [2015-May-29], MicroStrategy 10.2.0 [2015-Nov-20], MicroStrategy 10.1.0 [2015-Aug-28], Polaris Release Candidate [2015-May-19], Patch, Never, Polaris Beta 5 [2015-Feb-10], MicroStrategy Mobile 10.2 EMM[ [2015-Dec-15]]}
2019-10-10 19:51:11,305 - mylogger - ERROR - Fail to update test case TC55402, 422 Validation error: TestCaseResult.Production Release Value [ 11.1.4  [2019-Dec-06] ] for field [ Production Release ] is invalid.  Valid values are: {[PM Roadmap, 80/20 Program, 10.4.7 [2018-Mar-9], 11.1.2 Azure SSO, 10.10.0 [2017-Dec-1], 10.4.5 [2017-Sep-8], 10.11.0 [2018-Mar-09], 10.4.6 [2017-Dec-1], MicroStrategy 10.9.0 [2017-Sep-8], MicroStrategy 10.4.4 [2017-Jun-16], MicroStrategy 10.6.0 EA [2016-Dec-09], MicroStrategy 10.7.0 [2017-Mar-10], MicroStrategy 10.4.3 [2017-Mar-10], MicroStrategy 10.8.0 [2017-Jun-16], 11.1.1 [2019-Mar-15], 11.1.3 [2019-Sep-06], 11.2 RC [2019-Sep-20], 11.2 EA [2019-Jun-21], 11.2 GA [2019-Dec-06], 11.1.4 [2019-Dec-06], 11.1.2 [2019-Jun-7], MicroStrategy 10.4.1 [2016-Sep-09], MicroStrategy 10.4.2 [2016-Dec-09], MicroStrategy 10.5 Dossier EA [2016-Sep-30], MicroStrategy 10.3.0 Hotfix 2 [2016-Jun-10], MicroStrategy 10.4.0 [2016-Jun-10], MicroStrategy 10.6.0 [2016-Dec-09], MicroStrategy 10.3.0 Hotfix 1 [2016-April-08], MicroStrategy 10.2.0 Hotfix 1 [2016-Jan-15], Urgent Research, Change Management, 10.11 Critical Update 1, 10.4.8 [2018-Jun-29], 10.11.0.1 Mobile [2018-Apr-30], 11.0.0 [2018-Sep-14], 11.1.0 [2018-Dec-14], 11.1.5 [2020-Mar-27], MicroStrategy 10.5.0 [2016-Sep-09], MicroStrategy 10.5 Free Desktop [2016-Oct-07], MicroStrategy World 2016 [2016-Jan-25], Polaris Early Adopter 2 [2015-Apr-21], MicroStrategy 9.5.1 HF1 [2015-Aug-14], MicroStrategy 10.0.0 Hotfix 1 [2015-Jun-30], MicroStrategy 10.1.0 Hotfix 1 [2015-Sep-25], Polaris Beta 6 Early Adopter [2015-Mar-24], MicroStrategy 10.3.0 [2016-Feb-26], MicroStrategy Mobile 10.3 EMM [2016-Mar-25], Polaris General Availability [2015-May-29], MicroStrategy 10.2.0 [2015-Nov-20], MicroStrategy 10.1.0 [2015-Aug-28], Polaris Release Candidate [2015-May-19], Patch, Never, Polaris Beta 5 [2015-Feb-10], MicroStrategy Mobile 10.2 EMM[ [2015-Dec-15]]}
2019-10-10 19:51:12,612 - mylogger - ERROR - Fail to update test case TC55443, 422 Validation error: TestCaseResult.Production Release Value [ 11.1.4  [2019-Dec-06] ] for field [ Production Release ] is invalid.  Valid values are: {[PM Roadmap, 80/20 Program, 10.4.7 [2018-Mar-9], 11.1.2 Azure SSO, 10.10.0 [2017-Dec-1], 10.4.5 [2017-Sep-8], 10.11.0 [2018-Mar-09], 10.4.6 [2017-Dec-1], MicroStrategy 10.9.0 [2017-Sep-8], MicroStrategy 10.4.4 [2017-Jun-16], MicroStrategy 10.6.0 EA [2016-Dec-09], MicroStrategy 10.7.0 [2017-Mar-10], MicroStrategy 10.4.3 [2017-Mar-10], MicroStrategy 10.8.0 [2017-Jun-16], 11.1.1 [2019-Mar-15], 11.1.3 [2019-Sep-06], 11.2 RC [2019-Sep-20], 11.2 EA [2019-Jun-21], 11.2 GA [2019-Dec-06], 11.1.4 [2019-Dec-06], 11.1.2 [2019-Jun-7], MicroStrategy 10.4.1 [2016-Sep-09], MicroStrategy 10.4.2 [2016-Dec-09], MicroStrategy 10.5 Dossier EA [2016-Sep-30], MicroStrategy 10.3.0 Hotfix 2 [2016-Jun-10], MicroStrategy 10.4.0 [2016-Jun-10], MicroStrategy 10.6.0 [2016-Dec-09], MicroStrategy 10.3.0 Hotfix 1 [2016-April-08], MicroStrategy 10.2.0 Hotfix 1 [2016-Jan-15], Urgent Research, Change Management, 10.11 Critical Update 1, 10.4.8 [2018-Jun-29], 10.11.0.1 Mobile [2018-Apr-30], 11.0.0 [2018-Sep-14], 11.1.0 [2018-Dec-14], 11.1.5 [2020-Mar-27], MicroStrategy 10.5.0 [2016-Sep-09], MicroStrategy 10.5 Free Desktop [2016-Oct-07], MicroStrategy World 2016 [2016-Jan-25], Polaris Early Adopter 2 [2015-Apr-21], MicroStrategy 9.5.1 HF1 [2015-Aug-14], MicroStrategy 10.0.0 Hotfix 1 [2015-Jun-30], MicroStrategy 10.1.0 Hotfix 1 [2015-Sep-25], Polaris Beta 6 Early Adopter [2015-Mar-24], MicroStrategy 10.3.0 [2016-Feb-26], MicroStrategy Mobile 10.3 EMM [2016-Mar-25], Polaris General Availability [2015-May-29], MicroStrategy 10.2.0 [2015-Nov-20], MicroStrategy 10.1.0 [2015-Aug-28], Polaris Release Candidate [2015-May-19], Patch, Never, Polaris Beta 5 [2015-Feb-10], MicroStrategy Mobile 10.2 EMM[ [2015-Dec-15]]}
2019-10-10 19:51:13,977 - mylogger - ERROR - Fail to update test case TC55405, 422 Validation error: TestCaseResult.Production Release Value [ 11.1.4  [2019-Dec-06] ] for field [ Production Release ] is invalid.  Valid values are: {[PM Roadmap, 80/20 Program, 10.4.7 [2018-Mar-9], 11.1.2 Azure SSO, 10.10.0 [2017-Dec-1], 10.4.5 [2017-Sep-8], 10.11.0 [2018-Mar-09], 10.4.6 [2017-Dec-1], MicroStrategy 10.9.0 [2017-Sep-8], MicroStrategy 10.4.4 [2017-Jun-16], MicroStrategy 10.6.0 EA [2016-Dec-09], MicroStrategy 10.7.0 [2017-Mar-10], MicroStrategy 10.4.3 [2017-Mar-10], MicroStrategy 10.8.0 [2017-Jun-16], 11.1.1 [2019-Mar-15], 11.1.3 [2019-Sep-06], 11.2 RC [2019-Sep-20], 11.2 EA [2019-Jun-21], 11.2 GA [2019-Dec-06], 11.1.4 [2019-Dec-06], 11.1.2 [2019-Jun-7], MicroStrategy 10.4.1 [2016-Sep-09], MicroStrategy 10.4.2 [2016-Dec-09], MicroStrategy 10.5 Dossier EA [2016-Sep-30], MicroStrategy 10.3.0 Hotfix 2 [2016-Jun-10], MicroStrategy 10.4.0 [2016-Jun-10], MicroStrategy 10.6.0 [2016-Dec-09], MicroStrategy 10.3.0 Hotfix 1 [2016-April-08], MicroStrategy 10.2.0 Hotfix 1 [2016-Jan-15], Urgent Research, Change Management, 10.11 Critical Update 1, 10.4.8 [2018-Jun-29], 10.11.0.1 Mobile [2018-Apr-30], 11.0.0 [2018-Sep-14], 11.1.0 [2018-Dec-14], 11.1.5 [2020-Mar-27], MicroStrategy 10.5.0 [2016-Sep-09], MicroStrategy 10.5 Free Desktop [2016-Oct-07], MicroStrategy World 2016 [2016-Jan-25], Polaris Early Adopter 2 [2015-Apr-21], MicroStrategy 9.5.1 HF1 [2015-Aug-14], MicroStrategy 10.0.0 Hotfix 1 [2015-Jun-30], MicroStrategy 10.1.0 Hotfix 1 [2015-Sep-25], Polaris Beta 6 Early Adopter [2015-Mar-24], MicroStrategy 10.3.0 [2016-Feb-26], MicroStrategy Mobile 10.3 EMM [2016-Mar-25], Polaris General Availability [2015-May-29], MicroStrategy 10.2.0 [2015-Nov-20], MicroStrategy 10.1.0 [2015-Aug-28], Polaris Release Candidate [2015-May-19], Patch, Never, Polaris Beta 5 [2015-Feb-10], MicroStrategy Mobile 10.2 EMM[ [2015-Dec-15]]}
2019-10-10 19:51:15,299 - mylogger - ERROR - Fail to update test case TC55451, 422 Validation error: TestCaseResult.Production Release Value [ 11.1.4  [2019-Dec-06] ] for field [ Production Release ] is invalid.  Valid values are: {[PM Roadmap, 80/20 Program, 10.4.7 [2018-Mar-9], 11.1.2 Azure SSO, 10.10.0 [2017-Dec-1], 10.4.5 [2017-Sep-8], 10.11.0 [2018-Mar-09], 10.4.6 [2017-Dec-1], MicroStrategy 10.9.0 [2017-Sep-8], MicroStrategy 10.4.4 [2017-Jun-16], MicroStrategy 10.6.0 EA [2016-Dec-09], MicroStrategy 10.7.0 [2017-Mar-10], MicroStrategy 10.4.3 [2017-Mar-10], MicroStrategy 10.8.0 [2017-Jun-16], 11.1.1 [2019-Mar-15], 11.1.3 [2019-Sep-06], 11.2 RC [2019-Sep-20], 11.2 EA [2019-Jun-21], 11.2 GA [2019-Dec-06], 11.1.4 [2019-Dec-06], 11.1.2 [2019-Jun-7], MicroStrategy 10.4.1 [2016-Sep-09], MicroStrategy 10.4.2 [2016-Dec-09], MicroStrategy 10.5 Dossier EA [2016-Sep-30], MicroStrategy 10.3.0 Hotfix 2 [2016-Jun-10], MicroStrategy 10.4.0 [2016-Jun-10], MicroStrategy 10.6.0 [2016-Dec-09], MicroStrategy 10.3.0 Hotfix 1 [2016-April-08], MicroStrategy 10.2.0 Hotfix 1 [2016-Jan-15], Urgent Research, Change Management, 10.11 Critical Update 1, 10.4.8 [2018-Jun-29], 10.11.0.1 Mobile [2018-Apr-30], 11.0.0 [2018-Sep-14], 11.1.0 [2018-Dec-14], 11.1.5 [2020-Mar-27], MicroStrategy 10.5.0 [2016-Sep-09], MicroStrategy 10.5 Free Desktop [2016-Oct-07], MicroStrategy World 2016 [2016-Jan-25], Polaris Early Adopter 2 [2015-Apr-21], MicroStrategy 9.5.1 HF1 [2015-Aug-14], MicroStrategy 10.0.0 Hotfix 1 [2015-Jun-30], MicroStrategy 10.1.0 Hotfix 1 [2015-Sep-25], Polaris Beta 6 Early Adopter [2015-Mar-24], MicroStrategy 10.3.0 [2016-Feb-26], MicroStrategy Mobile 10.3 EMM [2016-Mar-25], Polaris General Availability [2015-May-29], MicroStrategy 10.2.0 [2015-Nov-20], MicroStrategy 10.1.0 [2015-Aug-28], Polaris Release Candidate [2015-May-19], Patch, Never, Polaris Beta 5 [2015-Feb-10], MicroStrategy Mobile 10.2 EMM[ [2015-Dec-15]]}
2019-10-10 19:51:16,588 - mylogger - ERROR - Fail to update test case TC55408, 422 Validation error: TestCaseResult.Production Release Value [ 11.1.4  [2019-Dec-06] ] for field [ Production Release ] is invalid.  Valid values are: {[PM Roadmap, 80/20 Program, 10.4.7 [2018-Mar-9], 11.1.2 Azure SSO, 10.10.0 [2017-Dec-1], 10.4.5 [2017-Sep-8], 10.11.0 [2018-Mar-09], 10.4.6 [2017-Dec-1], MicroStrategy 10.9.0 [2017-Sep-8], MicroStrategy 10.4.4 [2017-Jun-16], MicroStrategy 10.6.0 EA [2016-Dec-09], MicroStrategy 10.7.0 [2017-Mar-10], MicroStrategy 10.4.3 [2017-Mar-10], MicroStrategy 10.8.0 [2017-Jun-16], 11.1.1 [2019-Mar-15], 11.1.3 [2019-Sep-06], 11.2 RC [2019-Sep-20], 11.2 EA [2019-Jun-21], 11.2 GA [2019-Dec-06], 11.1.4 [2019-Dec-06], 11.1.2 [2019-Jun-7], MicroStrategy 10.4.1 [2016-Sep-09], MicroStrategy 10.4.2 [2016-Dec-09], MicroStrategy 10.5 Dossier EA [2016-Sep-30], MicroStrategy 10.3.0 Hotfix 2 [2016-Jun-10], MicroStrategy 10.4.0 [2016-Jun-10], MicroStrategy 10.6.0 [2016-Dec-09], MicroStrategy 10.3.0 Hotfix 1 [2016-April-08], MicroStrategy 10.2.0 Hotfix 1 [2016-Jan-15], Urgent Research, Change Management, 10.11 Critical Update 1, 10.4.8 [2018-Jun-29], 10.11.0.1 Mobile [2018-Apr-30], 11.0.0 [2018-Sep-14], 11.1.0 [2018-Dec-14], 11.1.5 [2020-Mar-27], MicroStrategy 10.5.0 [2016-Sep-09], MicroStrategy 10.5 Free Desktop [2016-Oct-07], MicroStrategy World 2016 [2016-Jan-25], Polaris Early Adopter 2 [2015-Apr-21], MicroStrategy 9.5.1 HF1 [2015-Aug-14], MicroStrategy 10.0.0 Hotfix 1 [2015-Jun-30], MicroStrategy 10.1.0 Hotfix 1 [2015-Sep-25], Polaris Beta 6 Early Adopter [2015-Mar-24], MicroStrategy 10.3.0 [2016-Feb-26], MicroStrategy Mobile 10.3 EMM [2016-Mar-25], Polaris General Availability [2015-May-29], MicroStrategy 10.2.0 [2015-Nov-20], MicroStrategy 10.1.0 [2015-Aug-28], Polaris Release Candidate [2015-May-19], Patch, Never, Polaris Beta 5 [2015-Feb-10], MicroStrategy Mobile 10.2 EMM[ [2015-Dec-15]]}
2019-10-10 19:51:17,841 - mylogger - ERROR - Fail to update test case TC55468, 422 Validation error: TestCaseResult.Production Release Value [ 11.1.4  [2019-Dec-06] ] for field [ Production Release ] is invalid.  Valid values are: {[PM Roadmap, 80/20 Program, 10.4.7 [2018-Mar-9], 11.1.2 Azure SSO, 10.10.0 [2017-Dec-1], 10.4.5 [2017-Sep-8], 10.11.0 [2018-Mar-09], 10.4.6 [2017-Dec-1], MicroStrategy 10.9.0 [2017-Sep-8], MicroStrategy 10.4.4 [2017-Jun-16], MicroStrategy 10.6.0 EA [2016-Dec-09], MicroStrategy 10.7.0 [2017-Mar-10], MicroStrategy 10.4.3 [2017-Mar-10], MicroStrategy 10.8.0 [2017-Jun-16], 11.1.1 [2019-Mar-15], 11.1.3 [2019-Sep-06], 11.2 RC [2019-Sep-20], 11.2 EA [2019-Jun-21], 11.2 GA [2019-Dec-06], 11.1.4 [2019-Dec-06], 11.1.2 [2019-Jun-7], MicroStrategy 10.4.1 [2016-Sep-09], MicroStrategy 10.4.2 [2016-Dec-09], MicroStrategy 10.5 Dossier EA [2016-Sep-30], MicroStrategy 10.3.0 Hotfix 2 [2016-Jun-10], MicroStrategy 10.4.0 [2016-Jun-10], MicroStrategy 10.6.0 [2016-Dec-09], MicroStrategy 10.3.0 Hotfix 1 [2016-April-08], MicroStrategy 10.2.0 Hotfix 1 [2016-Jan-15], Urgent Research, Change Management, 10.11 Critical Update 1, 10.4.8 [2018-Jun-29], 10.11.0.1 Mobile [2018-Apr-30], 11.0.0 [2018-Sep-14], 11.1.0 [2018-Dec-14], 11.1.5 [2020-Mar-27], MicroStrategy 10.5.0 [2016-Sep-09], MicroStrategy 10.5 Free Desktop [2016-Oct-07], MicroStrategy World 2016 [2016-Jan-25], Polaris Early Adopter 2 [2015-Apr-21], MicroStrategy 9.5.1 HF1 [2015-Aug-14], MicroStrategy 10.0.0 Hotfix 1 [2015-Jun-30], MicroStrategy 10.1.0 Hotfix 1 [2015-Sep-25], Polaris Beta 6 Early Adopter [2015-Mar-24], MicroStrategy 10.3.0 [2016-Feb-26], MicroStrategy Mobile 10.3 EMM [2016-Mar-25], Polaris General Availability [2015-May-29], MicroStrategy 10.2.0 [2015-Nov-20], MicroStrategy 10.1.0 [2015-Aug-28], Polaris Release Candidate [2015-May-19], Patch, Never, Polaris Beta 5 [2015-Feb-10], MicroStrategy Mobile 10.2 EMM[ [2015-Dec-15]]}
2019-10-10 19:51:19,280 - mylogger - ERROR - Fail to update test case TC55444, 422 Validation error: TestCaseResult.Production Release Value [ 11.1.4  [2019-Dec-06] ] for field [ Production Release ] is invalid.  Valid values are: {[PM Roadmap, 80/20 Program, 10.4.7 [2018-Mar-9], 11.1.2 Azure SSO, 10.10.0 [2017-Dec-1], 10.4.5 [2017-Sep-8], 10.11.0 [2018-Mar-09], 10.4.6 [2017-Dec-1], MicroStrategy 10.9.0 [2017-Sep-8], MicroStrategy 10.4.4 [2017-Jun-16], MicroStrategy 10.6.0 EA [2016-Dec-09], MicroStrategy 10.7.0 [2017-Mar-10], MicroStrategy 10.4.3 [2017-Mar-10], MicroStrategy 10.8.0 [2017-Jun-16], 11.1.1 [2019-Mar-15], 11.1.3 [2019-Sep-06], 11.2 RC [2019-Sep-20], 11.2 EA [2019-Jun-21], 11.2 GA [2019-Dec-06], 11.1.4 [2019-Dec-06], 11.1.2 [2019-Jun-7], MicroStrategy 10.4.1 [2016-Sep-09], MicroStrategy 10.4.2 [2016-Dec-09], MicroStrategy 10.5 Dossier EA [2016-Sep-30], MicroStrategy 10.3.0 Hotfix 2 [2016-Jun-10], MicroStrategy 10.4.0 [2016-Jun-10], MicroStrategy 10.6.0 [2016-Dec-09], MicroStrategy 10.3.0 Hotfix 1 [2016-April-08], MicroStrategy 10.2.0 Hotfix 1 [2016-Jan-15], Urgent Research, Change Management, 10.11 Critical Update 1, 10.4.8 [2018-Jun-29], 10.11.0.1 Mobile [2018-Apr-30], 11.0.0 [2018-Sep-14], 11.1.0 [2018-Dec-14], 11.1.5 [2020-Mar-27], MicroStrategy 10.5.0 [2016-Sep-09], MicroStrategy 10.5 Free Desktop [2016-Oct-07], MicroStrategy World 2016 [2016-Jan-25], Polaris Early Adopter 2 [2015-Apr-21], MicroStrategy 9.5.1 HF1 [2015-Aug-14], MicroStrategy 10.0.0 Hotfix 1 [2015-Jun-30], MicroStrategy 10.1.0 Hotfix 1 [2015-Sep-25], Polaris Beta 6 Early Adopter [2015-Mar-24], MicroStrategy 10.3.0 [2016-Feb-26], MicroStrategy Mobile 10.3 EMM [2016-Mar-25], Polaris General Availability [2015-May-29], MicroStrategy 10.2.0 [2015-Nov-20], MicroStrategy 10.1.0 [2015-Aug-28], Polaris Release Candidate [2015-May-19], Patch, Never, Polaris Beta 5 [2015-Feb-10], MicroStrategy Mobile 10.2 EMM[ [2015-Dec-15]]}
2019-10-10 19:51:20,850 - mylogger - ERROR - Fail to update test case TC55410, 422 Validation error: TestCaseResult.Production Release Value [ 11.1.4  [2019-Dec-06] ] for field [ Production Release ] is invalid.  Valid values are: {[PM Roadmap, 80/20 Program, 10.4.7 [2018-Mar-9], 11.1.2 Azure SSO, 10.10.0 [2017-Dec-1], 10.4.5 [2017-Sep-8], 10.11.0 [2018-Mar-09], 10.4.6 [2017-Dec-1], MicroStrategy 10.9.0 [2017-Sep-8], MicroStrategy 10.4.4 [2017-Jun-16], MicroStrategy 10.6.0 EA [2016-Dec-09], MicroStrategy 10.7.0 [2017-Mar-10], MicroStrategy 10.4.3 [2017-Mar-10], MicroStrategy 10.8.0 [2017-Jun-16], 11.1.1 [2019-Mar-15], 11.1.3 [2019-Sep-06], 11.2 RC [2019-Sep-20], 11.2 EA [2019-Jun-21], 11.2 GA [2019-Dec-06], 11.1.4 [2019-Dec-06], 11.1.2 [2019-Jun-7], MicroStrategy 10.4.1 [2016-Sep-09], MicroStrategy 10.4.2 [2016-Dec-09], MicroStrategy 10.5 Dossier EA [2016-Sep-30], MicroStrategy 10.3.0 Hotfix 2 [2016-Jun-10], MicroStrategy 10.4.0 [2016-Jun-10], MicroStrategy 10.6.0 [2016-Dec-09], MicroStrategy 10.3.0 Hotfix 1 [2016-April-08], MicroStrategy 10.2.0 Hotfix 1 [2016-Jan-15], Urgent Research, Change Management, 10.11 Critical Update 1, 10.4.8 [2018-Jun-29], 10.11.0.1 Mobile [2018-Apr-30], 11.0.0 [2018-Sep-14], 11.1.0 [2018-Dec-14], 11.1.5 [2020-Mar-27], MicroStrategy 10.5.0 [2016-Sep-09], MicroStrategy 10.5 Free Desktop [2016-Oct-07], MicroStrategy World 2016 [2016-Jan-25], Polaris Early Adopter 2 [2015-Apr-21], MicroStrategy 9.5.1 HF1 [2015-Aug-14], MicroStrategy 10.0.0 Hotfix 1 [2015-Jun-30], MicroStrategy 10.1.0 Hotfix 1 [2015-Sep-25], Polaris Beta 6 Early Adopter [2015-Mar-24], MicroStrategy 10.3.0 [2016-Feb-26], MicroStrategy Mobile 10.3 EMM [2016-Mar-25], Polaris General Availability [2015-May-29], MicroStrategy 10.2.0 [2015-Nov-20], MicroStrategy 10.1.0 [2015-Aug-28], Polaris Release Candidate [2015-May-19], Patch, Never, Polaris Beta 5 [2015-Feb-10], MicroStrategy Mobile 10.2 EMM[ [2015-Dec-15]]}
2019-10-10 19:51:22,508 - mylogger - ERROR - Fail to update test case TC55411, 422 Validation error: TestCaseResult.Production Release Value [ 11.1.4  [2019-Dec-06] ] for field [ Production Release ] is invalid.  Valid values are: {[PM Roadmap, 80/20 Program, 10.4.7 [2018-Mar-9], 11.1.2 Azure SSO, 10.10.0 [2017-Dec-1], 10.4.5 [2017-Sep-8], 10.11.0 [2018-Mar-09], 10.4.6 [2017-Dec-1], MicroStrategy 10.9.0 [2017-Sep-8], MicroStrategy 10.4.4 [2017-Jun-16], MicroStrategy 10.6.0 EA [2016-Dec-09], MicroStrategy 10.7.0 [2017-Mar-10], MicroStrategy 10.4.3 [2017-Mar-10], MicroStrategy 10.8.0 [2017-Jun-16], 11.1.1 [2019-Mar-15], 11.1.3 [2019-Sep-06], 11.2 RC [2019-Sep-20], 11.2 EA [2019-Jun-21], 11.2 GA [2019-Dec-06], 11.1.4 [2019-Dec-06], 11.1.2 [2019-Jun-7], MicroStrategy 10.4.1 [2016-Sep-09], MicroStrategy 10.4.2 [2016-Dec-09], MicroStrategy 10.5 Dossier EA [2016-Sep-30], MicroStrategy 10.3.0 Hotfix 2 [2016-Jun-10], MicroStrategy 10.4.0 [2016-Jun-10], MicroStrategy 10.6.0 [2016-Dec-09], MicroStrategy 10.3.0 Hotfix 1 [2016-April-08], MicroStrategy 10.2.0 Hotfix 1 [2016-Jan-15], Urgent Research, Change Management, 10.11 Critical Update 1, 10.4.8 [2018-Jun-29], 10.11.0.1 Mobile [2018-Apr-30], 11.0.0 [2018-Sep-14], 11.1.0 [2018-Dec-14], 11.1.5 [2020-Mar-27], MicroStrategy 10.5.0 [2016-Sep-09], MicroStrategy 10.5 Free Desktop [2016-Oct-07], MicroStrategy World 2016 [2016-Jan-25], Polaris Early Adopter 2 [2015-Apr-21], MicroStrategy 9.5.1 HF1 [2015-Aug-14], MicroStrategy 10.0.0 Hotfix 1 [2015-Jun-30], MicroStrategy 10.1.0 Hotfix 1 [2015-Sep-25], Polaris Beta 6 Early Adopter [2015-Mar-24], MicroStrategy 10.3.0 [2016-Feb-26], MicroStrategy Mobile 10.3 EMM [2016-Mar-25], Polaris General Availability [2015-May-29], MicroStrategy 10.2.0 [2015-Nov-20], MicroStrategy 10.1.0 [2015-Aug-28], Polaris Release Candidate [2015-May-19], Patch, Never, Polaris Beta 5 [2015-Feb-10], MicroStrategy Mobile 10.2 EMM[ [2015-Dec-15]]}
2019-10-10 19:51:23,784 - mylogger - ERROR - Fail to update test case TC55417, 422 Validation error: TestCaseResult.Production Release Value [ 11.1.4  [2019-Dec-06] ] for field [ Production Release ] is invalid.  Valid values are: {[PM Roadmap, 80/20 Program, 10.4.7 [2018-Mar-9], 11.1.2 Azure SSO, 10.10.0 [2017-Dec-1], 10.4.5 [2017-Sep-8], 10.11.0 [2018-Mar-09], 10.4.6 [2017-Dec-1], MicroStrategy 10.9.0 [2017-Sep-8], MicroStrategy 10.4.4 [2017-Jun-16], MicroStrategy 10.6.0 EA [2016-Dec-09], MicroStrategy 10.7.0 [2017-Mar-10], MicroStrategy 10.4.3 [2017-Mar-10], MicroStrategy 10.8.0 [2017-Jun-16], 11.1.1 [2019-Mar-15], 11.1.3 [2019-Sep-06], 11.2 RC [2019-Sep-20], 11.2 EA [2019-Jun-21], 11.2 GA [2019-Dec-06], 11.1.4 [2019-Dec-06], 11.1.2 [2019-Jun-7], MicroStrategy 10.4.1 [2016-Sep-09], MicroStrategy 10.4.2 [2016-Dec-09], MicroStrategy 10.5 Dossier EA [2016-Sep-30], MicroStrategy 10.3.0 Hotfix 2 [2016-Jun-10], MicroStrategy 10.4.0 [2016-Jun-10], MicroStrategy 10.6.0 [2016-Dec-09], MicroStrategy 10.3.0 Hotfix 1 [2016-April-08], MicroStrategy 10.2.0 Hotfix 1 [2016-Jan-15], Urgent Research, Change Management, 10.11 Critical Update 1, 10.4.8 [2018-Jun-29], 10.11.0.1 Mobile [2018-Apr-30], 11.0.0 [2018-Sep-14], 11.1.0 [2018-Dec-14], 11.1.5 [2020-Mar-27], MicroStrategy 10.5.0 [2016-Sep-09], MicroStrategy 10.5 Free Desktop [2016-Oct-07], MicroStrategy World 2016 [2016-Jan-25], Polaris Early Adopter 2 [2015-Apr-21], MicroStrategy 9.5.1 HF1 [2015-Aug-14], MicroStrategy 10.0.0 Hotfix 1 [2015-Jun-30], MicroStrategy 10.1.0 Hotfix 1 [2015-Sep-25], Polaris Beta 6 Early Adopter [2015-Mar-24], MicroStrategy 10.3.0 [2016-Feb-26], MicroStrategy Mobile 10.3 EMM [2016-Mar-25], Polaris General Availability [2015-May-29], MicroStrategy 10.2.0 [2015-Nov-20], MicroStrategy 10.1.0 [2015-Aug-28], Polaris Release Candidate [2015-May-19], Patch, Never, Polaris Beta 5 [2015-Feb-10], MicroStrategy Mobile 10.2 EMM[ [2015-Dec-15]]}
2019-10-10 19:51:25,202 - mylogger - ERROR - Fail to update test case TC55419, 422 Validation error: TestCaseResult.Production Release Value [ 11.1.4  [2019-Dec-06] ] for field [ Production Release ] is invalid.  Valid values are: {[PM Roadmap, 80/20 Program, 10.4.7 [2018-Mar-9], 11.1.2 Azure SSO, 10.10.0 [2017-Dec-1], 10.4.5 [2017-Sep-8], 10.11.0 [2018-Mar-09], 10.4.6 [2017-Dec-1], MicroStrategy 10.9.0 [2017-Sep-8], MicroStrategy 10.4.4 [2017-Jun-16], MicroStrategy 10.6.0 EA [2016-Dec-09], MicroStrategy 10.7.0 [2017-Mar-10], MicroStrategy 10.4.3 [2017-Mar-10], MicroStrategy 10.8.0 [2017-Jun-16], 11.1.1 [2019-Mar-15], 11.1.3 [2019-Sep-06], 11.2 RC [2019-Sep-20], 11.2 EA [2019-Jun-21], 11.2 GA [2019-Dec-06], 11.1.4 [2019-Dec-06], 11.1.2 [2019-Jun-7], MicroStrategy 10.4.1 [2016-Sep-09], MicroStrategy 10.4.2 [2016-Dec-09], MicroStrategy 10.5 Dossier EA [2016-Sep-30], MicroStrategy 10.3.0 Hotfix 2 [2016-Jun-10], MicroStrategy 10.4.0 [2016-Jun-10], MicroStrategy 10.6.0 [2016-Dec-09], MicroStrategy 10.3.0 Hotfix 1 [2016-April-08], MicroStrategy 10.2.0 Hotfix 1 [2016-Jan-15], Urgent Research, Change Management, 10.11 Critical Update 1, 10.4.8 [2018-Jun-29], 10.11.0.1 Mobile [2018-Apr-30], 11.0.0 [2018-Sep-14], 11.1.0 [2018-Dec-14], 11.1.5 [2020-Mar-27], MicroStrategy 10.5.0 [2016-Sep-09], MicroStrategy 10.5 Free Desktop [2016-Oct-07], MicroStrategy World 2016 [2016-Jan-25], Polaris Early Adopter 2 [2015-Apr-21], MicroStrategy 9.5.1 HF1 [2015-Aug-14], MicroStrategy 10.0.0 Hotfix 1 [2015-Jun-30], MicroStrategy 10.1.0 Hotfix 1 [2015-Sep-25], Polaris Beta 6 Early Adopter [2015-Mar-24], MicroStrategy 10.3.0 [2016-Feb-26], MicroStrategy Mobile 10.3 EMM [2016-Mar-25], Polaris General Availability [2015-May-29], MicroStrategy 10.2.0 [2015-Nov-20], MicroStrategy 10.1.0 [2015-Aug-28], Polaris Release Candidate [2015-May-19], Patch, Never, Polaris Beta 5 [2015-Feb-10], MicroStrategy Mobile 10.2 EMM[ [2015-Dec-15]]}
2019-10-10 19:51:26,661 - mylogger - ERROR - Fail to update test case TC55442, 422 Validation error: TestCaseResult.Production Release Value [ 11.1.4  [2019-Dec-06] ] for field [ Production Release ] is invalid.  Valid values are: {[PM Roadmap, 80/20 Program, 10.4.7 [2018-Mar-9], 11.1.2 Azure SSO, 10.10.0 [2017-Dec-1], 10.4.5 [2017-Sep-8], 10.11.0 [2018-Mar-09], 10.4.6 [2017-Dec-1], MicroStrategy 10.9.0 [2017-Sep-8], MicroStrategy 10.4.4 [2017-Jun-16], MicroStrategy 10.6.0 EA [2016-Dec-09], MicroStrategy 10.7.0 [2017-Mar-10], MicroStrategy 10.4.3 [2017-Mar-10], MicroStrategy 10.8.0 [2017-Jun-16], 11.1.1 [2019-Mar-15], 11.1.3 [2019-Sep-06], 11.2 RC [2019-Sep-20], 11.2 EA [2019-Jun-21], 11.2 GA [2019-Dec-06], 11.1.4 [2019-Dec-06], 11.1.2 [2019-Jun-7], MicroStrategy 10.4.1 [2016-Sep-09], MicroStrategy 10.4.2 [2016-Dec-09], MicroStrategy 10.5 Dossier EA [2016-Sep-30], MicroStrategy 10.3.0 Hotfix 2 [2016-Jun-10], MicroStrategy 10.4.0 [2016-Jun-10], MicroStrategy 10.6.0 [2016-Dec-09], MicroStrategy 10.3.0 Hotfix 1 [2016-April-08], MicroStrategy 10.2.0 Hotfix 1 [2016-Jan-15], Urgent Research, Change Management, 10.11 Critical Update 1, 10.4.8 [2018-Jun-29], 10.11.0.1 Mobile [2018-Apr-30], 11.0.0 [2018-Sep-14], 11.1.0 [2018-Dec-14], 11.1.5 [2020-Mar-27], MicroStrategy 10.5.0 [2016-Sep-09], MicroStrategy 10.5 Free Desktop [2016-Oct-07], MicroStrategy World 2016 [2016-Jan-25], Polaris Early Adopter 2 [2015-Apr-21], MicroStrategy 9.5.1 HF1 [2015-Aug-14], MicroStrategy 10.0.0 Hotfix 1 [2015-Jun-30], MicroStrategy 10.1.0 Hotfix 1 [2015-Sep-25], Polaris Beta 6 Early Adopter [2015-Mar-24], MicroStrategy 10.3.0 [2016-Feb-26], MicroStrategy Mobile 10.3 EMM [2016-Mar-25], Polaris General Availability [2015-May-29], MicroStrategy 10.2.0 [2015-Nov-20], MicroStrategy 10.1.0 [2015-Aug-28], Polaris Release Candidate [2015-May-19], Patch, Never, Polaris Beta 5 [2015-Feb-10], MicroStrategy Mobile 10.2 EMM[ [2015-Dec-15]]}
2019-10-10 19:51:27,935 - mylogger - ERROR - Fail to update test case TC55441, 422 Validation error: TestCaseResult.Production Release Value [ 11.1.4  [2019-Dec-06] ] for field [ Production Release ] is invalid.  Valid values are: {[PM Roadmap, 80/20 Program, 10.4.7 [2018-Mar-9], 11.1.2 Azure SSO, 10.10.0 [2017-Dec-1], 10.4.5 [2017-Sep-8], 10.11.0 [2018-Mar-09], 10.4.6 [2017-Dec-1], MicroStrategy 10.9.0 [2017-Sep-8], MicroStrategy 10.4.4 [2017-Jun-16], MicroStrategy 10.6.0 EA [2016-Dec-09], MicroStrategy 10.7.0 [2017-Mar-10], MicroStrategy 10.4.3 [2017-Mar-10], MicroStrategy 10.8.0 [2017-Jun-16], 11.1.1 [2019-Mar-15], 11.1.3 [2019-Sep-06], 11.2 RC [2019-Sep-20], 11.2 EA [2019-Jun-21], 11.2 GA [2019-Dec-06], 11.1.4 [2019-Dec-06], 11.1.2 [2019-Jun-7], MicroStrategy 10.4.1 [2016-Sep-09], MicroStrategy 10.4.2 [2016-Dec-09], MicroStrategy 10.5 Dossier EA [2016-Sep-30], MicroStrategy 10.3.0 Hotfix 2 [2016-Jun-10], MicroStrategy 10.4.0 [2016-Jun-10], MicroStrategy 10.6.0 [2016-Dec-09], MicroStrategy 10.3.0 Hotfix 1 [2016-April-08], MicroStrategy 10.2.0 Hotfix 1 [2016-Jan-15], Urgent Research, Change Management, 10.11 Critical Update 1, 10.4.8 [2018-Jun-29], 10.11.0.1 Mobile [2018-Apr-30], 11.0.0 [2018-Sep-14], 11.1.0 [2018-Dec-14], 11.1.5 [2020-Mar-27], MicroStrategy 10.5.0 [2016-Sep-09], MicroStrategy 10.5 Free Desktop [2016-Oct-07], MicroStrategy World 2016 [2016-Jan-25], Polaris Early Adopter 2 [2015-Apr-21], MicroStrategy 9.5.1 HF1 [2015-Aug-14], MicroStrategy 10.0.0 Hotfix 1 [2015-Jun-30], MicroStrategy 10.1.0 Hotfix 1 [2015-Sep-25], Polaris Beta 6 Early Adopter [2015-Mar-24], MicroStrategy 10.3.0 [2016-Feb-26], MicroStrategy Mobile 10.3 EMM [2016-Mar-25], Polaris General Availability [2015-May-29], MicroStrategy 10.2.0 [2015-Nov-20], MicroStrategy 10.1.0 [2015-Aug-28], Polaris Release Candidate [2015-May-19], Patch, Never, Polaris Beta 5 [2015-Feb-10], MicroStrategy Mobile 10.2 EMM[ [2015-Dec-15]]}
2019-10-10 19:51:29,742 - mylogger - ERROR - Fail to update test case TC55448, 422 Validation error: TestCaseResult.Production Release Value [ 11.1.4  [2019-Dec-06] ] for field [ Production Release ] is invalid.  Valid values are: {[PM Roadmap, 80/20 Program, 10.4.7 [2018-Mar-9], 11.1.2 Azure SSO, 10.10.0 [2017-Dec-1], 10.4.5 [2017-Sep-8], 10.11.0 [2018-Mar-09], 10.4.6 [2017-Dec-1], MicroStrategy 10.9.0 [2017-Sep-8], MicroStrategy 10.4.4 [2017-Jun-16], MicroStrategy 10.6.0 EA [2016-Dec-09], MicroStrategy 10.7.0 [2017-Mar-10], MicroStrategy 10.4.3 [2017-Mar-10], MicroStrategy 10.8.0 [2017-Jun-16], 11.1.1 [2019-Mar-15], 11.1.3 [2019-Sep-06], 11.2 RC [2019-Sep-20], 11.2 EA [2019-Jun-21], 11.2 GA [2019-Dec-06], 11.1.4 [2019-Dec-06], 11.1.2 [2019-Jun-7], MicroStrategy 10.4.1 [2016-Sep-09], MicroStrategy 10.4.2 [2016-Dec-09], MicroStrategy 10.5 Dossier EA [2016-Sep-30], MicroStrategy 10.3.0 Hotfix 2 [2016-Jun-10], MicroStrategy 10.4.0 [2016-Jun-10], MicroStrategy 10.6.0 [2016-Dec-09], MicroStrategy 10.3.0 Hotfix 1 [2016-April-08], MicroStrategy 10.2.0 Hotfix 1 [2016-Jan-15], Urgent Research, Change Management, 10.11 Critical Update 1, 10.4.8 [2018-Jun-29], 10.11.0.1 Mobile [2018-Apr-30], 11.0.0 [2018-Sep-14], 11.1.0 [2018-Dec-14], 11.1.5 [2020-Mar-27], MicroStrategy 10.5.0 [2016-Sep-09], MicroStrategy 10.5 Free Desktop [2016-Oct-07], MicroStrategy World 2016 [2016-Jan-25], Polaris Early Adopter 2 [2015-Apr-21], MicroStrategy 9.5.1 HF1 [2015-Aug-14], MicroStrategy 10.0.0 Hotfix 1 [2015-Jun-30], MicroStrategy 10.1.0 Hotfix 1 [2015-Sep-25], Polaris Beta 6 Early Adopter [2015-Mar-24], MicroStrategy 10.3.0 [2016-Feb-26], MicroStrategy Mobile 10.3 EMM [2016-Mar-25], Polaris General Availability [2015-May-29], MicroStrategy 10.2.0 [2015-Nov-20], MicroStrategy 10.1.0 [2015-Aug-28], Polaris Release Candidate [2015-May-19], Patch, Never, Polaris Beta 5 [2015-Feb-10], MicroStrategy Mobile 10.2 EMM[ [2015-Dec-15]]}
2019-10-10 19:51:30,271 - mylogger - ERROR - fail to add test result to TC19089 for the given testcase TC19089 does not exist
2019-10-10 19:52:56,133 - mylogger - INFO - test case result for test case TC55480 is added
2019-10-10 19:52:58,011 - mylogger - INFO - test case result for test case TC55481 is added
2019-10-10 19:52:59,777 - mylogger - INFO - test case result for test case TC55482 is added
2019-10-10 19:53:01,611 - mylogger - INFO - test case result for test case TC55483 is added
2019-10-10 19:53:03,240 - mylogger - INFO - test case result for test case TC55484 is added
2019-10-10 19:53:04,979 - mylogger - INFO - test case result for test case TC55485 is added
2019-10-10 19:53:06,796 - mylogger - INFO - test case result for test case TC55486 is added
2019-10-10 19:53:08,484 - mylogger - INFO - test case result for test case TC55373 is added
2019-10-10 19:53:10,493 - mylogger - INFO - test case result for test case TC55376 is added
2019-10-10 19:53:12,262 - mylogger - INFO - test case result for test case TC55377 is added
2019-10-10 19:53:13,919 - mylogger - INFO - test case result for test case TC55378 is added
2019-10-10 19:53:15,774 - mylogger - INFO - test case result for test case TC42263 is added
2019-10-10 19:53:19,121 - mylogger - INFO - test case result for test case TC42265 is added
2019-10-10 19:53:20,878 - mylogger - INFO - test case result for test case TC42267 is added
2019-10-10 19:53:22,683 - mylogger - INFO - test case result for test case TC42268 is added
2019-10-10 19:53:24,451 - mylogger - INFO - test case result for test case TC55380 is added
2019-10-10 19:53:26,388 - mylogger - INFO - test case result for test case TC42269 is added
2019-10-10 19:53:28,351 - mylogger - INFO - test case result for test case TC42270 is added
2019-10-10 19:53:30,211 - mylogger - INFO - test case result for test case TC55381 is added
2019-10-10 19:53:31,991 - mylogger - INFO - test case result for test case TC42271 is added
2019-10-10 19:53:33,791 - mylogger - INFO - test case result for test case TC55382 is added
2019-10-10 19:53:35,523 - mylogger - INFO - test case result for test case TC42274 is added
2019-10-10 19:53:37,345 - mylogger - INFO - test case result for test case TC42275 is added
2019-10-10 19:53:38,979 - mylogger - INFO - test case result for test case TC42276 is added
2019-10-10 19:53:40,639 - mylogger - INFO - test case result for test case TC55383 is added
2019-10-10 19:53:42,410 - mylogger - INFO - test case result for test case TC55384 is added
2019-10-10 19:53:44,098 - mylogger - INFO - test case result for test case TC55402 is added
2019-10-10 19:53:45,781 - mylogger - INFO - test case result for test case TC55443 is added
2019-10-10 19:53:47,588 - mylogger - INFO - test case result for test case TC55405 is added
2019-10-10 19:53:49,183 - mylogger - INFO - test case result for test case TC55451 is added
2019-10-10 19:53:50,837 - mylogger - INFO - test case result for test case TC55408 is added
2019-10-10 19:53:52,637 - mylogger - INFO - test case result for test case TC55468 is added
2019-10-10 19:53:54,352 - mylogger - INFO - test case result for test case TC55444 is added
2019-10-10 19:53:56,269 - mylogger - INFO - test case result for test case TC55410 is added
2019-10-10 19:53:58,040 - mylogger - INFO - test case result for test case TC55411 is added
2019-10-10 19:53:59,707 - mylogger - INFO - test case result for test case TC55417 is added
2019-10-10 19:54:01,509 - mylogger - INFO - test case result for test case TC55419 is added
2019-10-10 19:54:03,332 - mylogger - INFO - test case result for test case TC55442 is added
2019-10-10 19:54:05,290 - mylogger - INFO - test case result for test case TC55441 is added
2019-10-10 19:54:07,244 - mylogger - INFO - test case result for test case TC55448 is added
2019-10-10 19:54:07,770 - mylogger - ERROR - fail to add test result to TC19089 for the given testcase TC19089 does not exist
2019-10-11 12:46:08,674 - mylogger - INFO - adding test case TC55543 to test set TS35886
2019-10-11 12:46:10,158 - mylogger - INFO - adding test case TC55544 to test set TS35886
2019-10-11 12:46:11,460 - mylogger - INFO - adding test case TC55545 to test set TS35886
2019-10-11 12:46:12,767 - mylogger - INFO - adding test case TC55546 to test set TS35886
2019-10-11 12:46:14,072 - mylogger - INFO - adding test case TC55547 to test set TS35886
2019-10-11 12:46:15,391 - mylogger - INFO - adding test case TC55548 to test set TS35886
2019-10-11 12:46:16,730 - mylogger - INFO - adding test case TC55549 to test set TS35886
2019-10-11 12:46:18,210 - mylogger - INFO - adding test case TC55550 to test set TS35886
2019-10-11 12:46:19,917 - mylogger - INFO - adding test case TC55551 to test set TS35886
2019-10-11 12:46:21,443 - mylogger - INFO - adding test case TC55552 to test set TS35886
2019-10-11 12:46:22,975 - mylogger - INFO - adding test case TC55553 to test set TS35886
2019-10-11 12:46:24,258 - mylogger - INFO - adding test case TC55554 to test set TS35886
2019-10-11 12:46:25,564 - mylogger - INFO - adding test case TC55555 to test set TS35886
2019-10-11 12:46:26,887 - mylogger - INFO - adding test case TC55556 to test set TS35886
2019-10-11 12:46:28,901 - mylogger - INFO - adding test case TC55557 to test set TS35886
2019-10-11 12:46:30,963 - mylogger - INFO - adding test case TC55558 to test set TS35886
2019-10-11 12:46:32,250 - mylogger - INFO - adding test case TC55559 to test set TS35886
2019-10-11 12:46:33,534 - mylogger - INFO - adding test case TC55560 to test set TS35886
2019-10-11 12:46:34,956 - mylogger - INFO - adding test case TC55561 to test set TS35886
2019-10-11 12:46:36,390 - mylogger - INFO - adding test case TC55562 to test set TS35886
2019-10-11 12:46:37,679 - mylogger - INFO - adding test case TC55563 to test set TS35886
2019-10-11 12:46:39,004 - mylogger - INFO - adding test case TC55564 to test set TS35886
2019-10-11 12:46:40,310 - mylogger - INFO - adding test case TC55565 to test set TS35886
2019-10-11 12:46:41,729 - mylogger - INFO - adding test case TC55566 to test set TS35886
2019-10-11 12:46:43,155 - mylogger - INFO - adding test case TC55567 to test set TS35886
2019-10-11 12:46:44,457 - mylogger - INFO - adding test case TC55568 to test set TS35886
2019-10-11 12:46:45,817 - mylogger - INFO - adding test case TC55569 to test set TS35886
2019-10-11 12:46:47,145 - mylogger - INFO - adding test case TC55570 to test set TS35886
2019-10-11 12:46:48,447 - mylogger - INFO - adding test case TC55571 to test set TS35886
2019-10-11 12:46:49,748 - mylogger - INFO - adding test case TC55572 to test set TS35886
2019-10-11 12:46:51,135 - mylogger - INFO - adding test case TC55573 to test set TS35886
2019-10-11 12:46:52,470 - mylogger - INFO - adding test case TC55574 to test set TS35886
2019-10-11 12:46:53,807 - mylogger - INFO - adding test case TC55575 to test set TS35886
2019-10-11 12:46:55,117 - mylogger - INFO - adding test case TC55576 to test set TS35886
2019-10-11 12:46:56,416 - mylogger - INFO - adding test case TC55577 to test set TS35886
2019-10-11 12:46:57,727 - mylogger - INFO - adding test case TC55578 to test set TS35886
2019-10-11 12:46:59,020 - mylogger - INFO - adding test case TC55579 to test set TS35886
2019-10-11 12:47:00,356 - mylogger - INFO - adding test case TC55580 to test set TS35886
2019-10-11 12:47:01,676 - mylogger - INFO - adding test case TC55581 to test set TS35886
2019-10-11 12:47:03,588 - mylogger - INFO - adding test case TC55582 to test set TS35886
2019-10-11 12:47:05,166 - mylogger - INFO - adding test case TC55583 to test set TS35886
2019-10-11 12:47:06,498 - mylogger - INFO - adding test case TC55584 to test set TS35886
2019-10-11 12:47:07,842 - mylogger - INFO - adding test case TC55585 to test set TS35886
2019-10-11 12:47:09,181 - mylogger - INFO - adding test case TC55586 to test set TS35886
2019-10-11 12:47:10,496 - mylogger - INFO - adding test case TC55587 to test set TS35886
2019-10-11 12:47:11,837 - mylogger - INFO - adding test case TC55588 to test set TS35886
2019-10-11 12:47:13,143 - mylogger - INFO - adding test case TC55589 to test set TS35886
2019-10-11 12:47:14,448 - mylogger - INFO - adding test case TC55590 to test set TS35886
2019-10-11 12:47:15,756 - mylogger - INFO - adding test case TC55591 to test set TS35886
2019-10-11 12:47:17,064 - mylogger - INFO - adding test case TC55592 to test set TS35886
2019-10-11 12:47:18,582 - mylogger - INFO - adding test case TC55593 to test set TS35886
2019-10-11 12:47:19,912 - mylogger - INFO - adding test case TC55594 to test set TS35886
2019-10-11 12:47:21,220 - mylogger - INFO - adding test case TC55595 to test set TS35886
2019-10-11 12:47:22,565 - mylogger - INFO - adding test case TC55596 to test set TS35886
2019-10-11 12:47:24,004 - mylogger - INFO - adding test case TC55597 to test set TS35886
2019-10-11 12:47:25,365 - mylogger - INFO - adding test case TC55598 to test set TS35886
2019-10-11 12:47:26,681 - mylogger - INFO - adding test case TC55599 to test set TS35886
2019-10-11 12:47:28,010 - mylogger - INFO - adding test case TC55600 to test set TS35886
2019-10-11 12:47:29,466 - mylogger - INFO - adding test case TC55601 to test set TS35886
2019-10-11 12:47:30,787 - mylogger - INFO - adding test case TC55602 to test set TS35886
2019-10-11 12:47:32,113 - mylogger - INFO - adding test case TC55603 to test set TS35886
2019-10-11 12:47:33,441 - mylogger - INFO - adding test case TC55604 to test set TS35886
2019-10-11 12:50:48,715 - mylogger - ERROR - fail to add test result to TC55543 for the given testcase TC55543 does not exist
2019-10-11 12:50:49,193 - mylogger - ERROR - fail to add test result to TC55544 for the given testcase TC55544 does not exist
2019-10-11 12:50:49,672 - mylogger - ERROR - fail to add test result to TC55545 for the given testcase TC55545 does not exist
2019-10-11 12:50:50,309 - mylogger - ERROR - fail to add test result to TC55546 for the given testcase TC55546 does not exist
2019-10-11 12:50:50,788 - mylogger - ERROR - fail to add test result to TC55547 for the given testcase TC55547 does not exist
2019-10-11 12:50:51,261 - mylogger - ERROR - fail to add test result to TC55548 for the given testcase TC55548 does not exist
2019-10-11 12:50:51,833 - mylogger - ERROR - fail to add test result to TC55549 for the given testcase TC55549 does not exist
2019-10-11 12:50:52,314 - mylogger - ERROR - fail to add test result to TC55550 for the given testcase TC55550 does not exist
2019-10-11 12:50:52,786 - mylogger - ERROR - fail to add test result to TC55551 for the given testcase TC55551 does not exist
2019-10-11 12:50:53,301 - mylogger - ERROR - fail to add test result to TC55552 for the given testcase TC55552 does not exist
2019-10-11 12:50:53,879 - mylogger - ERROR - fail to add test result to TC55553 for the given testcase TC55553 does not exist
2019-10-11 12:50:54,360 - mylogger - ERROR - fail to add test result to TC55554 for the given testcase TC55554 does not exist
2019-10-11 12:50:55,824 - mylogger - ERROR - fail to add test result to TC55555 for the given testcase TC55555 does not exist
2019-10-11 12:50:56,572 - mylogger - ERROR - fail to add test result to TC55556 for the given testcase TC55556 does not exist
2019-10-11 12:50:57,975 - mylogger - ERROR - fail to add test result to TC55557 for the given testcase TC55557 does not exist
2019-10-11 12:50:58,487 - mylogger - ERROR - fail to add test result to TC55558 for the given testcase TC55558 does not exist
2019-10-11 12:50:59,308 - mylogger - ERROR - fail to add test result to TC55559 for the given testcase TC55559 does not exist
2019-10-11 12:50:59,781 - mylogger - ERROR - fail to add test result to TC55560 for the given testcase TC55560 does not exist
2019-10-11 12:51:00,260 - mylogger - ERROR - fail to add test result to TC55561 for the given testcase TC55561 does not exist
2019-10-11 12:51:00,741 - mylogger - ERROR - fail to add test result to TC55562 for the given testcase TC55562 does not exist
2019-10-11 12:51:01,218 - mylogger - ERROR - fail to add test result to TC55563 for the given testcase TC55563 does not exist
2019-10-11 12:51:01,820 - mylogger - ERROR - fail to add test result to TC55564 for the given testcase TC55564 does not exist
2019-10-11 12:51:02,305 - mylogger - ERROR - fail to add test result to TC55565 for the given testcase TC55565 does not exist
2019-10-11 12:51:02,892 - mylogger - ERROR - fail to add test result to TC55566 for the given testcase TC55566 does not exist
2019-10-11 12:51:03,404 - mylogger - ERROR - fail to add test result to TC55567 for the given testcase TC55567 does not exist
2019-10-11 12:51:04,017 - mylogger - ERROR - fail to add test result to TC55568 for the given testcase TC55568 does not exist
2019-10-11 12:51:04,564 - mylogger - ERROR - fail to add test result to TC55569 for the given testcase TC55569 does not exist
2019-10-11 12:51:05,043 - mylogger - ERROR - fail to add test result to TC55570 for the given testcase TC55570 does not exist
2019-10-11 12:51:05,531 - mylogger - ERROR - fail to add test result to TC55571 for the given testcase TC55571 does not exist
2019-10-11 12:51:06,016 - mylogger - ERROR - fail to add test result to TC55572 for the given testcase TC55572 does not exist
2019-10-11 12:51:06,521 - mylogger - ERROR - fail to add test result to TC55573 for the given testcase TC55573 does not exist
2019-10-11 12:51:07,021 - mylogger - ERROR - fail to add test result to TC55574 for the given testcase TC55574 does not exist
2019-10-11 12:51:07,498 - mylogger - ERROR - fail to add test result to TC55575 for the given testcase TC55575 does not exist
2019-10-11 12:51:08,010 - mylogger - ERROR - fail to add test result to TC55576 for the given testcase TC55576 does not exist
2019-10-11 12:51:08,523 - mylogger - ERROR - fail to add test result to TC55577 for the given testcase TC55577 does not exist
2019-10-11 12:51:09,042 - mylogger - ERROR - fail to add test result to TC55578 for the given testcase TC55578 does not exist
2019-10-11 12:51:09,518 - mylogger - ERROR - fail to add test result to TC55579 for the given testcase TC55579 does not exist
2019-10-11 12:51:10,093 - mylogger - ERROR - fail to add test result to TC55580 for the given testcase TC55580 does not exist
2019-10-11 12:51:10,570 - mylogger - ERROR - fail to add test result to TC55581 for the given testcase TC55581 does not exist
2019-10-11 12:51:11,049 - mylogger - ERROR - fail to add test result to TC55582 for the given testcase TC55582 does not exist
2019-10-11 12:51:11,524 - mylogger - ERROR - fail to add test result to TC55583 for the given testcase TC55583 does not exist
2019-10-11 12:51:12,078 - mylogger - ERROR - fail to add test result to TC55584 for the given testcase TC55584 does not exist
2019-10-11 12:51:12,647 - mylogger - ERROR - fail to add test result to TC55585 for the given testcase TC55585 does not exist
2019-10-11 12:51:13,130 - mylogger - ERROR - fail to add test result to TC55586 for the given testcase TC55586 does not exist
2019-10-11 12:51:13,677 - mylogger - ERROR - fail to add test result to TC55587 for the given testcase TC55587 does not exist
2019-10-11 12:51:14,197 - mylogger - ERROR - fail to add test result to TC55588 for the given testcase TC55588 does not exist
2019-10-11 12:51:14,669 - mylogger - ERROR - fail to add test result to TC55589 for the given testcase TC55589 does not exist
2019-10-11 12:51:15,214 - mylogger - ERROR - fail to add test result to TC55590 for the given testcase TC55590 does not exist
2019-10-11 12:51:15,793 - mylogger - ERROR - fail to add test result to TC55591 for the given testcase TC55591 does not exist
2019-10-11 12:51:16,336 - mylogger - ERROR - fail to add test result to TC55592 for the given testcase TC55592 does not exist
2019-10-11 12:51:16,850 - mylogger - ERROR - fail to add test result to TC55593 for the given testcase TC55593 does not exist
2019-10-11 12:51:17,322 - mylogger - ERROR - fail to add test result to TC55594 for the given testcase TC55594 does not exist
2019-10-11 12:51:17,840 - mylogger - ERROR - fail to add test result to TC55595 for the given testcase TC55595 does not exist
2019-10-11 12:51:18,456 - mylogger - ERROR - fail to add test result to TC55596 for the given testcase TC55596 does not exist
2019-10-11 12:51:19,000 - mylogger - ERROR - fail to add test result to TC55597 for the given testcase TC55597 does not exist
2019-10-11 12:51:19,478 - mylogger - ERROR - fail to add test result to TC55598 for the given testcase TC55598 does not exist
2019-10-11 12:51:19,979 - mylogger - ERROR - fail to add test result to TC55599 for the given testcase TC55599 does not exist
2019-10-11 12:51:20,456 - mylogger - ERROR - fail to add test result to TC55600 for the given testcase TC55600 does not exist
2019-10-11 12:51:20,931 - mylogger - ERROR - fail to add test result to TC55601 for the given testcase TC55601 does not exist
2019-10-11 12:51:21,425 - mylogger - ERROR - fail to add test result to TC55602 for the given testcase TC55602 does not exist
2019-10-11 12:51:21,969 - mylogger - ERROR - fail to add test result to TC55603 for the given testcase TC55603 does not exist
2019-10-11 12:51:22,450 - mylogger - ERROR - fail to add test result to TC55604 for the given testcase TC55604 does not exist
2019-10-11 12:53:31,513 - mylogger - INFO - test case result for test case TC55543 is added
2019-10-11 12:53:33,259 - mylogger - INFO - test case result for test case TC55544 is added
2019-10-11 12:53:34,880 - mylogger - INFO - test case result for test case TC55545 is added
2019-10-11 12:53:36,570 - mylogger - INFO - test case result for test case TC55546 is added
2019-10-11 12:53:38,234 - mylogger - INFO - test case result for test case TC55547 is added
2019-10-11 12:53:40,008 - mylogger - INFO - test case result for test case TC55548 is added
2019-10-11 12:53:41,612 - mylogger - INFO - test case result for test case TC55549 is added
2019-10-11 12:53:43,252 - mylogger - INFO - test case result for test case TC55550 is added
2019-10-11 12:53:45,161 - mylogger - INFO - test case result for test case TC55551 is added
2019-10-11 12:53:47,170 - mylogger - INFO - test case result for test case TC55552 is added
2019-10-11 12:53:48,865 - mylogger - INFO - test case result for test case TC55553 is added
2019-10-11 12:53:50,567 - mylogger - INFO - test case result for test case TC55554 is added
2019-10-11 12:53:52,225 - mylogger - INFO - test case result for test case TC55555 is added
2019-10-11 12:53:54,036 - mylogger - INFO - test case result for test case TC55556 is added
2019-10-11 12:53:56,407 - mylogger - INFO - test case result for test case TC55557 is added
2019-10-11 12:53:58,102 - mylogger - INFO - test case result for test case TC55558 is added
2019-10-11 12:54:00,332 - mylogger - INFO - test case result for test case TC55559 is added
2019-10-11 12:54:02,271 - mylogger - INFO - test case result for test case TC55560 is added
2019-10-11 12:54:03,960 - mylogger - INFO - test case result for test case TC55561 is added
2019-10-11 12:54:06,085 - mylogger - INFO - test case result for test case TC55562 is added
2019-10-11 12:54:07,770 - mylogger - INFO - test case result for test case TC55563 is added
2019-10-11 12:54:09,496 - mylogger - INFO - test case result for test case TC55564 is added
2019-10-11 12:54:11,233 - mylogger - INFO - test case result for test case TC55565 is added
2019-10-11 12:54:12,894 - mylogger - INFO - test case result for test case TC55566 is added
2019-10-11 12:54:14,619 - mylogger - INFO - test case result for test case TC55567 is added
2019-10-11 12:54:16,276 - mylogger - INFO - test case result for test case TC55568 is added
2019-10-11 12:54:18,142 - mylogger - INFO - test case result for test case TC55569 is added
2019-10-11 12:54:19,894 - mylogger - INFO - test case result for test case TC55570 is added
2019-10-11 12:54:21,572 - mylogger - INFO - test case result for test case TC55571 is added
2019-10-11 12:54:23,274 - mylogger - INFO - test case result for test case TC55572 is added
2019-10-11 12:54:25,163 - mylogger - INFO - test case result for test case TC55573 is added
2019-10-11 12:54:27,026 - mylogger - INFO - test case result for test case TC55574 is added
2019-10-11 12:54:28,746 - mylogger - INFO - test case result for test case TC55575 is added
2019-10-11 12:54:30,390 - mylogger - INFO - test case result for test case TC55576 is added
2019-10-11 12:54:32,060 - mylogger - INFO - test case result for test case TC55577 is added
2019-10-11 12:54:33,764 - mylogger - INFO - test case result for test case TC55578 is added
2019-10-11 12:54:35,989 - mylogger - INFO - test case result for test case TC55579 is added
2019-10-11 12:54:37,657 - mylogger - INFO - test case result for test case TC55580 is added
2019-10-11 12:54:39,413 - mylogger - INFO - test case result for test case TC55581 is added
2019-10-11 12:54:41,035 - mylogger - INFO - test case result for test case TC55582 is added
2019-10-11 12:54:42,677 - mylogger - INFO - test case result for test case TC55583 is added
2019-10-11 12:54:44,499 - mylogger - INFO - test case result for test case TC55584 is added
2019-10-11 12:54:46,154 - mylogger - INFO - test case result for test case TC55585 is added
2019-10-11 12:54:47,882 - mylogger - INFO - test case result for test case TC55586 is added
2019-10-11 12:54:49,631 - mylogger - INFO - test case result for test case TC55587 is added
2019-10-11 12:54:51,275 - mylogger - INFO - test case result for test case TC55588 is added
2019-10-11 12:54:52,930 - mylogger - INFO - test case result for test case TC55589 is added
2019-10-11 12:54:54,652 - mylogger - INFO - test case result for test case TC55590 is added
2019-10-11 12:54:56,396 - mylogger - INFO - test case result for test case TC55591 is added
2019-10-11 12:54:58,370 - mylogger - INFO - test case result for test case TC55592 is added
2019-10-11 12:55:00,082 - mylogger - INFO - test case result for test case TC55593 is added
2019-10-11 12:55:01,792 - mylogger - INFO - test case result for test case TC55594 is added
2019-10-11 12:55:03,573 - mylogger - INFO - test case result for test case TC55595 is added
2019-10-11 12:55:05,911 - mylogger - INFO - test case result for test case TC55596 is added
2019-10-11 12:55:07,786 - mylogger - INFO - test case result for test case TC55597 is added
2019-10-11 12:55:09,600 - mylogger - INFO - test case result for test case TC55598 is added
2019-10-11 12:55:11,350 - mylogger - INFO - test case result for test case TC55599 is added
2019-10-11 12:55:13,085 - mylogger - INFO - test case result for test case TC55600 is added
2019-10-11 12:55:15,179 - mylogger - INFO - test case result for test case TC55601 is added
2019-10-11 12:55:17,288 - mylogger - INFO - test case result for test case TC55602 is added
2019-10-11 12:55:18,923 - mylogger - INFO - test case result for test case TC55603 is added
2019-10-11 12:55:19,410 - mylogger - ERROR - fail to add test result to TC55604 for the given testcase TC55604 does not exist
2019-10-11 13:03:28,088 - mylogger - ERROR - fail to add test result to TC55543 for the given testcase TC55543 does not exist
2019-10-11 13:03:28,384 - mylogger - ERROR - fail to add test result to TC55544 for the given testcase TC55544 does not exist
2019-10-11 13:03:28,622 - mylogger - ERROR - fail to add test result to TC55545 for the given testcase TC55545 does not exist
2019-10-11 13:03:28,878 - mylogger - ERROR - fail to add test result to TC55546 for the given testcase TC55546 does not exist
2019-10-11 13:03:29,177 - mylogger - ERROR - fail to add test result to TC55547 for the given testcase TC55547 does not exist
2019-10-11 13:03:29,491 - mylogger - ERROR - fail to add test result to TC55548 for the given testcase TC55548 does not exist
2019-10-11 13:03:29,798 - mylogger - ERROR - fail to add test result to TC55549 for the given testcase TC55549 does not exist
2019-10-11 13:03:30,049 - mylogger - ERROR - fail to add test result to TC55550 for the given testcase TC55550 does not exist
2019-10-11 13:03:30,308 - mylogger - ERROR - fail to add test result to TC55551 for the given testcase TC55551 does not exist
2019-10-11 13:03:30,617 - mylogger - ERROR - fail to add test result to TC55552 for the given testcase TC55552 does not exist
2019-10-11 13:03:30,921 - mylogger - ERROR - fail to add test result to TC55553 for the given testcase TC55553 does not exist
2019-10-11 13:03:31,232 - mylogger - ERROR - fail to add test result to TC55554 for the given testcase TC55554 does not exist
2019-10-11 13:03:31,467 - mylogger - ERROR - fail to add test result to TC55555 for the given testcase TC55555 does not exist
2019-10-11 13:03:31,702 - mylogger - ERROR - fail to add test result to TC55556 for the given testcase TC55556 does not exist
2019-10-11 13:03:31,976 - mylogger - ERROR - fail to add test result to TC55557 for the given testcase TC55557 does not exist
2019-10-11 13:03:32,215 - mylogger - ERROR - fail to add test result to TC55558 for the given testcase TC55558 does not exist
2019-10-11 13:03:32,562 - mylogger - ERROR - fail to add test result to TC55559 for the given testcase TC55559 does not exist
2019-10-11 13:03:32,802 - mylogger - ERROR - fail to add test result to TC55560 for the given testcase TC55560 does not exist
2019-10-11 13:03:33,039 - mylogger - ERROR - fail to add test result to TC55561 for the given testcase TC55561 does not exist
2019-10-11 13:03:33,380 - mylogger - ERROR - fail to add test result to TC55562 for the given testcase TC55562 does not exist
2019-10-11 13:03:33,615 - mylogger - ERROR - fail to add test result to TC55563 for the given testcase TC55563 does not exist
2019-10-11 13:03:33,848 - mylogger - ERROR - fail to add test result to TC55564 for the given testcase TC55564 does not exist
2019-10-11 13:03:34,083 - mylogger - ERROR - fail to add test result to TC55565 for the given testcase TC55565 does not exist
2019-10-11 13:03:34,323 - mylogger - ERROR - fail to add test result to TC55566 for the given testcase TC55566 does not exist
2019-10-11 13:03:34,609 - mylogger - ERROR - fail to add test result to TC55567 for the given testcase TC55567 does not exist
2019-10-11 13:03:34,847 - mylogger - ERROR - fail to add test result to TC55568 for the given testcase TC55568 does not exist
2019-10-11 13:03:35,089 - mylogger - ERROR - fail to add test result to TC55569 for the given testcase TC55569 does not exist
2019-10-11 13:03:35,325 - mylogger - ERROR - fail to add test result to TC55570 for the given testcase TC55570 does not exist
2019-10-11 13:03:35,635 - mylogger - ERROR - fail to add test result to TC55571 for the given testcase TC55571 does not exist
2019-10-11 13:03:35,880 - mylogger - ERROR - fail to add test result to TC55572 for the given testcase TC55572 does not exist
2019-10-11 13:03:36,966 - mylogger - ERROR - fail to add test result to TC55573 for the given testcase TC55573 does not exist
2019-10-11 13:03:37,542 - mylogger - ERROR - fail to add test result to TC55574 for the given testcase TC55574 does not exist
2019-10-11 13:03:37,777 - mylogger - ERROR - fail to add test result to TC55575 for the given testcase TC55575 does not exist
2019-10-11 13:03:38,091 - mylogger - ERROR - fail to add test result to TC55576 for the given testcase TC55576 does not exist
2019-10-11 13:03:38,337 - mylogger - ERROR - fail to add test result to TC55577 for the given testcase TC55577 does not exist
2019-10-11 13:03:38,577 - mylogger - ERROR - fail to add test result to TC55578 for the given testcase TC55578 does not exist
2019-10-11 13:03:38,816 - mylogger - ERROR - fail to add test result to TC55579 for the given testcase TC55579 does not exist
2019-10-11 13:03:39,091 - mylogger - ERROR - fail to add test result to TC55580 for the given testcase TC55580 does not exist
2019-10-11 13:03:39,330 - mylogger - ERROR - fail to add test result to TC55581 for the given testcase TC55581 does not exist
2019-10-11 13:03:39,627 - mylogger - ERROR - fail to add test result to TC55582 for the given testcase TC55582 does not exist
2019-10-11 13:03:39,936 - mylogger - ERROR - fail to add test result to TC55583 for the given testcase TC55583 does not exist
2019-10-11 13:03:40,176 - mylogger - ERROR - fail to add test result to TC55584 for the given testcase TC55584 does not exist
2019-10-11 13:03:40,419 - mylogger - ERROR - fail to add test result to TC55585 for the given testcase TC55585 does not exist
2019-10-11 13:03:40,700 - mylogger - ERROR - fail to add test result to TC55586 for the given testcase TC55586 does not exist
2019-10-11 13:03:40,939 - mylogger - ERROR - fail to add test result to TC55587 for the given testcase TC55587 does not exist
2019-10-11 13:03:41,264 - mylogger - ERROR - fail to add test result to TC55588 for the given testcase TC55588 does not exist
2019-10-11 13:03:41,506 - mylogger - ERROR - fail to add test result to TC55589 for the given testcase TC55589 does not exist
2019-10-11 13:03:41,776 - mylogger - ERROR - fail to add test result to TC55590 for the given testcase TC55590 does not exist
2019-10-11 13:03:42,024 - mylogger - ERROR - fail to add test result to TC55591 for the given testcase TC55591 does not exist
2019-10-11 13:03:42,261 - mylogger - ERROR - fail to add test result to TC55592 for the given testcase TC55592 does not exist
2019-10-11 13:03:42,500 - mylogger - ERROR - fail to add test result to TC55593 for the given testcase TC55593 does not exist
2019-10-11 13:03:42,735 - mylogger - ERROR - fail to add test result to TC55594 for the given testcase TC55594 does not exist
2019-10-11 13:03:43,005 - mylogger - ERROR - fail to add test result to TC55595 for the given testcase TC55595 does not exist
2019-10-11 13:03:43,312 - mylogger - ERROR - fail to add test result to TC55596 for the given testcase TC55596 does not exist
2019-10-11 13:03:43,621 - mylogger - ERROR - fail to add test result to TC55597 for the given testcase TC55597 does not exist
2019-10-11 13:03:43,862 - mylogger - ERROR - fail to add test result to TC55598 for the given testcase TC55598 does not exist
2019-10-11 13:03:44,133 - mylogger - ERROR - fail to add test result to TC55599 for the given testcase TC55599 does not exist
2019-10-11 13:03:44,368 - mylogger - ERROR - fail to add test result to TC55600 for the given testcase TC55600 does not exist
2019-10-11 13:03:44,603 - mylogger - ERROR - fail to add test result to TC55601 for the given testcase TC55601 does not exist
2019-10-11 13:03:44,954 - mylogger - ERROR - fail to add test result to TC55602 for the given testcase TC55602 does not exist
2019-10-11 13:03:45,193 - mylogger - ERROR - fail to add test result to TC55603 for the given testcase TC55603 does not exist
2019-10-11 13:03:47,442 - mylogger - INFO - test case result for test case TC55604 is added
2019-10-11 13:09:07,413 - mylogger - INFO - Project for test case TC55543 now become Jiaai (Mendy) Liang
2019-10-11 13:09:08,846 - mylogger - INFO - Project for test case TC55544 now become Ling (Metadata PO)
2019-10-11 13:09:10,343 - mylogger - INFO - Project for test case TC55545 now become Will Hurwood
2019-10-11 13:09:11,689 - mylogger - INFO - Project for test case TC55546 now become Chao Wang
2019-10-11 13:09:13,147 - mylogger - INFO - Project for test case TC55547 now become Kaijie Yang (@kayang)
2019-10-11 13:09:14,581 - mylogger - INFO - Project for test case TC55548 now become Jiaai (Mendy) Liang
2019-10-11 13:09:16,115 - mylogger - INFO - Project for test case TC55549 now become Weili Qi
2019-10-11 13:09:17,464 - mylogger - INFO - Project for test case TC55550 now become Kaijie Yang (@kayang)
2019-10-11 13:09:18,880 - mylogger - INFO - Project for test case TC55551 now become Yunfeng Zhu(Jeremy)
2019-10-11 13:09:20,588 - mylogger - INFO - Project for test case TC55552 now become Hao (Trevor) Xu
2019-10-11 13:09:21,924 - mylogger - INFO - Project for test case TC55553 now become Chao Wang
2019-10-11 13:13:34,221 - mylogger - INFO - Project for test case TC55543 now become SR-Intelligence-Kernel
2019-10-11 13:13:35,914 - mylogger - INFO - Project for test case TC55544 now become SR-Intelligence-Kernel
2019-10-11 13:13:37,572 - mylogger - INFO - Project for test case TC55545 now become SR-Intelligence-Kernel
2019-10-11 13:13:38,977 - mylogger - INFO - Project for test case TC55546 now become SR-Intelligence-Kernel
2019-10-11 13:13:40,585 - mylogger - INFO - Project for test case TC55547 now become SR-Intelligence-Kernel
2019-10-11 13:13:42,012 - mylogger - INFO - Project for test case TC55548 now become SR-Intelligence-Kernel
2019-10-11 13:13:43,572 - mylogger - INFO - Project for test case TC55549 now become SR-Intelligence-Kernel
2019-10-11 13:16:00,241 - mylogger - INFO - adding test case TC55543 to test set TF7806
2019-10-11 13:16:01,876 - mylogger - INFO - adding test case TC55544 to test set TF7806
2019-10-11 13:16:03,300 - mylogger - INFO - adding test case TC55545 to test set TF7806
2019-10-11 13:16:05,191 - mylogger - INFO - adding test case TC55546 to test set TF7806
2019-10-11 13:16:06,627 - mylogger - INFO - adding test case TC55547 to test set TF7806
2019-10-11 13:16:07,989 - mylogger - INFO - adding test case TC55548 to test set TF7806
2019-10-11 13:16:09,323 - mylogger - INFO - adding test case TC55549 to test set TF7806
2019-10-11 13:16:10,700 - mylogger - INFO - adding test case TC55550 to test set TF7806
2019-10-11 13:16:12,118 - mylogger - INFO - adding test case TC55551 to test set TF7806
2019-10-11 13:16:13,475 - mylogger - INFO - adding test case TC55552 to test set TF7806
2019-10-11 13:16:14,869 - mylogger - INFO - adding test case TC55553 to test set TF7806
2019-10-11 13:16:16,306 - mylogger - INFO - adding test case TC55554 to test set TF7806
2019-10-11 13:16:17,733 - mylogger - INFO - adding test case TC55555 to test set TF7806
2019-10-11 13:16:19,169 - mylogger - INFO - adding test case TC55556 to test set TF7806
2019-10-11 13:16:20,801 - mylogger - INFO - adding test case TC55557 to test set TF7806
2019-10-11 13:16:22,242 - mylogger - INFO - adding test case TC55558 to test set TF7806
2019-10-11 13:16:23,610 - mylogger - INFO - adding test case TC55559 to test set TF7806
2019-10-11 13:16:24,973 - mylogger - INFO - adding test case TC55560 to test set TF7806
2019-10-11 13:16:26,357 - mylogger - INFO - adding test case TC55561 to test set TF7806
2019-10-11 13:16:27,716 - mylogger - INFO - adding test case TC55562 to test set TF7806
2019-10-11 13:16:29,102 - mylogger - INFO - adding test case TC55563 to test set TF7806
2019-10-11 13:16:30,527 - mylogger - INFO - adding test case TC55564 to test set TF7806
2019-10-11 13:16:31,859 - mylogger - INFO - adding test case TC55565 to test set TF7806
2019-10-11 13:16:33,208 - mylogger - INFO - adding test case TC55566 to test set TF7806
2019-10-11 13:16:34,648 - mylogger - INFO - adding test case TC55567 to test set TF7806
2019-10-11 13:16:36,240 - mylogger - INFO - adding test case TC55568 to test set TF7806
2019-10-11 13:16:38,040 - mylogger - INFO - adding test case TC55569 to test set TF7806
2019-10-11 13:16:39,546 - mylogger - INFO - adding test case TC55570 to test set TF7806
2019-10-11 13:16:40,943 - mylogger - INFO - adding test case TC55571 to test set TF7806
2019-10-11 13:16:42,414 - mylogger - INFO - adding test case TC55572 to test set TF7806
2019-10-11 13:16:44,270 - mylogger - INFO - adding test case TC55573 to test set TF7806
2019-10-11 13:16:45,689 - mylogger - INFO - adding test case TC55574 to test set TF7806
2019-10-11 13:16:47,136 - mylogger - INFO - adding test case TC55575 to test set TF7806
2019-10-11 13:16:48,558 - mylogger - INFO - adding test case TC55576 to test set TF7806
2019-10-11 13:16:50,098 - mylogger - INFO - adding test case TC55577 to test set TF7806
2019-10-11 13:16:51,938 - mylogger - INFO - adding test case TC55578 to test set TF7806
2019-10-11 13:16:53,650 - mylogger - INFO - adding test case TC55579 to test set TF7806
2019-10-11 13:16:55,092 - mylogger - INFO - adding test case TC55580 to test set TF7806
2019-10-11 13:16:56,554 - mylogger - INFO - adding test case TC55581 to test set TF7806
2019-10-11 13:16:57,930 - mylogger - INFO - adding test case TC55582 to test set TF7806
2019-10-11 13:16:59,317 - mylogger - INFO - adding test case TC55583 to test set TF7806
2019-10-11 13:17:00,681 - mylogger - INFO - adding test case TC55584 to test set TF7806
2019-10-11 13:17:02,207 - mylogger - INFO - adding test case TC55585 to test set TF7806
2019-10-11 13:17:07,470 - mylogger - INFO - adding test case TC55586 to test set TF7806
2019-10-11 13:17:10,112 - mylogger - INFO - adding test case TC55587 to test set TF7806
2019-10-11 13:17:11,500 - mylogger - INFO - adding test case TC55588 to test set TF7806
2019-10-11 13:17:12,909 - mylogger - INFO - adding test case TC55589 to test set TF7806
2019-10-11 13:17:14,325 - mylogger - INFO - adding test case TC55590 to test set TF7806
2019-10-11 13:17:15,875 - mylogger - INFO - adding test case TC55591 to test set TF7806
2019-10-11 13:17:17,243 - mylogger - INFO - adding test case TC55592 to test set TF7806
2019-10-11 13:17:18,681 - mylogger - INFO - adding test case TC55593 to test set TF7806
2019-10-11 13:17:20,041 - mylogger - INFO - adding test case TC55594 to test set TF7806
2019-10-11 13:17:21,389 - mylogger - INFO - adding test case TC55595 to test set TF7806
2019-10-11 13:17:22,761 - mylogger - INFO - adding test case TC55596 to test set TF7806
2019-10-11 13:17:24,139 - mylogger - INFO - adding test case TC55597 to test set TF7806
2019-10-11 13:17:25,540 - mylogger - INFO - adding test case TC55598 to test set TF7806
2019-10-11 13:17:27,058 - mylogger - INFO - adding test case TC55599 to test set TF7806
2019-10-11 13:17:28,425 - mylogger - INFO - adding test case TC55600 to test set TF7806
2019-10-11 13:17:29,828 - mylogger - INFO - adding test case TC55601 to test set TF7806
2019-10-11 13:17:31,504 - mylogger - INFO - adding test case TC55602 to test set TF7806
2019-10-11 13:17:33,009 - mylogger - INFO - adding test case TC55603 to test set TF7806
2019-10-11 13:17:34,408 - mylogger - INFO - adding test case TC55604 to test set TF7806
2019-10-29 10:06:09,963 - mylogger - INFO - test case result for test case TC55543 is added
2019-10-29 10:06:11,790 - mylogger - INFO - test case result for test case TC48803 is added
2019-10-29 10:06:13,516 - mylogger - INFO - test case result for test case TC48804 is added
2019-10-29 10:06:15,356 - mylogger - INFO - test case result for test case TC48805 is added
2019-10-29 10:06:17,050 - mylogger - INFO - test case result for test case TC48806 is added
2019-10-29 10:06:18,651 - mylogger - INFO - test case result for test case TC48807 is added
2019-10-29 10:06:20,371 - mylogger - INFO - test case result for test case TC48812 is added
2019-10-29 10:06:22,216 - mylogger - INFO - test case result for test case TC48811 is added
2019-10-29 10:08:20,866 - mylogger - INFO - test case result for test case TC48802 is added
2019-10-30 17:39:35,644 - mylogger - INFO - test case result for test case TC55441 is added
2019-10-30 17:39:37,387 - mylogger - INFO - test case result for test case TC55380 is added
2019-10-30 17:39:39,150 - mylogger - INFO - test case result for test case TC55378 is added
2019-10-30 17:39:41,071 - mylogger - INFO - test case result for test case TC55377 is added
2019-10-30 17:39:42,808 - mylogger - INFO - test case result for test case TC55411 is added
2019-10-30 17:39:44,549 - mylogger - INFO - test case result for test case TC56571 is added
2019-10-30 17:39:46,317 - mylogger - INFO - test case result for test case TC56572 is added
2019-10-30 17:39:48,141 - mylogger - INFO - test case result for test case TC42265 is added
2019-10-30 17:39:50,022 - mylogger - INFO - test case result for test case TC55402 is added
2019-10-30 17:39:51,724 - mylogger - INFO - test case result for test case TC55410 is added
2019-10-30 17:39:53,665 - mylogger - INFO - test case result for test case TC55373 is added
2019-10-30 17:39:56,250 - mylogger - INFO - test case result for test case TC42267 is added
2019-10-30 17:39:58,674 - mylogger - INFO - test case result for test case TC42270 is added
2019-10-30 17:40:00,498 - mylogger - INFO - test case result for test case TC55444 is added
2019-10-30 17:40:02,333 - mylogger - INFO - test case result for test case TC55417 is added
2019-10-30 17:40:04,108 - mylogger - INFO - test case result for test case TC55419 is added
2019-10-30 17:40:06,273 - mylogger - INFO - test case result for test case TC42274 is added
2019-10-30 17:40:08,265 - mylogger - INFO - test case result for test case TC42275 is added
2019-10-30 17:40:10,050 - mylogger - INFO - test case result for test case TC55382 is added
2019-10-30 17:40:11,737 - mylogger - INFO - test case result for test case TC42276 is added
2019-10-30 17:40:13,533 - mylogger - INFO - test case result for test case TC42271 is added
2019-10-30 17:40:15,415 - mylogger - INFO - test case result for test case TC55405 is added
2019-10-30 17:40:17,249 - mylogger - INFO - test case result for test case TC55384 is added
2019-10-30 17:40:18,984 - mylogger - INFO - test case result for test case TC42268 is added
2019-10-30 17:40:20,759 - mylogger - INFO - test case result for test case TC42263 is added
2019-10-30 17:40:22,654 - mylogger - INFO - test case result for test case TC55451 is added
2019-10-30 17:40:25,569 - mylogger - INFO - test case result for test case TC55408 is added
2019-10-30 17:40:27,579 - mylogger - INFO - test case result for test case TC56574 is added
2019-10-30 17:40:29,294 - mylogger - INFO - test case result for test case TC55383 is added
2019-10-30 17:40:30,980 - mylogger - INFO - test case result for test case TC55448 is added
2019-11-05 13:12:04,651 - mylogger - INFO - test case result for test case TC10047 is added
2019-11-05 13:12:06,900 - mylogger - INFO - test case result for test case TC19965 is added
2019-11-05 13:12:09,071 - mylogger - INFO - test case result for test case TC19966 is added
2019-11-05 13:12:11,336 - mylogger - INFO - test case result for test case TC21620 is added
2019-11-05 13:12:13,455 - mylogger - INFO - test case result for test case TC22187 is added
2019-11-05 13:12:15,603 - mylogger - INFO - test case result for test case TC22237 is added
2019-11-05 13:12:17,961 - mylogger - INFO - test case result for test case TC24136 is added
2019-11-05 13:12:20,141 - mylogger - INFO - test case result for test case TC24139 is added
2019-11-05 13:12:22,389 - mylogger - INFO - test case result for test case TC24141 is added
2019-11-05 13:12:24,923 - mylogger - INFO - test case result for test case TC24345 is added
2019-11-05 13:12:27,790 - mylogger - INFO - test case result for test case TC40145 is added
2019-11-05 13:12:30,150 - mylogger - INFO - test case result for test case TC40146 is added
2019-11-05 13:12:32,296 - mylogger - INFO - test case result for test case TC40419 is added
2019-11-05 13:12:34,353 - mylogger - INFO - test case result for test case TC40423 is added
2019-11-05 13:12:37,211 - mylogger - INFO - test case result for test case TC40427 is added
2019-11-05 13:12:39,361 - mylogger - INFO - test case result for test case TC40428 is added
2019-11-05 13:12:41,420 - mylogger - INFO - test case result for test case TC40429 is added
2019-11-05 13:12:44,381 - mylogger - INFO - test case result for test case TC40432 is added
2019-11-05 13:12:46,530 - mylogger - INFO - test case result for test case TC53021 is added
2019-11-05 13:12:48,782 - mylogger - INFO - test case result for test case TC53235 is added
2019-11-05 13:12:50,919 - mylogger - INFO - test case result for test case TC8870 is added
2019-11-05 13:12:53,347 - mylogger - INFO - test case result for test case TC22849 is added
2019-11-05 13:12:55,439 - mylogger - INFO - test case result for test case TC46909 is added
2019-11-05 13:12:58,190 - mylogger - INFO - test case result for test case TC46914 is added
2019-11-05 13:13:00,626 - mylogger - INFO - test case result for test case TC22169 is added
2019-11-05 13:13:03,427 - mylogger - INFO - test case result for test case TC24567 is added
2019-11-05 13:13:06,344 - mylogger - INFO - test case result for test case TC37209 is added
2019-11-05 13:13:08,443 - mylogger - INFO - test case result for test case TC37211 is added
2019-11-05 13:13:11,619 - mylogger - INFO - test case result for test case TC37213 is added
2019-11-05 13:13:13,861 - mylogger - INFO - test case result for test case TC53475 is added
2019-11-05 13:13:16,124 - mylogger - INFO - test case result for test case TC53476 is added
2019-11-05 13:13:18,277 - mylogger - INFO - test case result for test case TC53477 is added
2019-11-05 13:13:20,364 - mylogger - INFO - test case result for test case TC53479 is added
2019-11-05 13:13:22,388 - mylogger - INFO - test case result for test case TC53482 is added
2019-11-05 13:13:25,451 - mylogger - INFO - test case result for test case TC32292 is added
2019-11-05 13:13:27,853 - mylogger - INFO - test case result for test case TC40870 is added
2019-11-05 13:13:30,692 - mylogger - INFO - test case result for test case TC51634 is added
2019-11-05 13:13:33,020 - mylogger - INFO - test case result for test case TC51635 is added
2019-11-05 13:13:35,938 - mylogger - INFO - test case result for test case TC51636 is added
2019-11-05 13:13:38,550 - mylogger - INFO - test case result for test case TC51637 is added
2019-11-05 13:13:40,984 - mylogger - INFO - test case result for test case TC51638 is added
2019-11-05 13:13:43,518 - mylogger - INFO - test case result for test case TC40873 is added
2019-11-05 13:13:46,262 - mylogger - INFO - test case result for test case TC51640 is added
2019-11-05 13:13:48,836 - mylogger - INFO - test case result for test case TC51644 is added
2019-11-27 16:35:47,521 - mylogger - INFO - test case result for test case TC48802 is added
2019-11-27 16:35:50,037 - mylogger - INFO - test case result for test case TC48803 is added
2019-11-27 16:35:52,414 - mylogger - INFO - test case result for test case TC48804 is added
2019-11-27 16:35:54,748 - mylogger - INFO - test case result for test case TC48805 is added
2019-11-27 16:35:57,639 - mylogger - INFO - test case result for test case TC48806 is added
2019-11-27 16:35:59,971 - mylogger - INFO - test case result for test case TC48807 is added
2019-11-27 16:36:02,734 - mylogger - INFO - test case result for test case TC48811 is added
2019-11-27 16:36:05,603 - mylogger - INFO - test case result for test case TC48812 is added
2019-11-27 18:32:52,026 - mylogger - INFO - adding test case TC54568 to test set TS39974
2019-11-27 18:32:54,427 - mylogger - INFO - adding test case TC19953 to test set TS39974
2019-11-27 18:32:56,100 - mylogger - INFO - adding test case TC53200 to test set TS39974
2019-11-27 18:32:58,465 - mylogger - INFO - adding test case TC54571 to test set TS39974
2019-11-27 18:33:01,439 - mylogger - INFO - adding test case TC54566 to test set TS39974
2019-11-27 18:33:03,367 - mylogger - INFO - adding test case TC54569 to test set TS39974
2019-11-27 18:33:05,048 - mylogger - INFO - adding test case TC54570 to test set TS39974
2019-11-27 18:33:06,863 - mylogger - INFO - adding test case TC54575 to test set TS39974
2019-11-27 18:33:09,360 - mylogger - INFO - adding test case TC34470 to test set TS39974
2019-11-27 18:33:11,688 - mylogger - INFO - adding test case TC54577 to test set TS39974
2019-11-27 18:33:13,555 - mylogger - INFO - adding test case TC46448 to test set TS39974
2019-11-27 18:33:15,394 - mylogger - INFO - adding test case TC54565 to test set TS39974
2019-11-27 18:33:17,207 - mylogger - INFO - adding test case TC54567 to test set TS39974
2019-11-27 18:33:19,330 - mylogger - INFO - adding test case TC54574 to test set TS39974
2019-11-27 18:33:21,005 - mylogger - INFO - adding test case TC54576 to test set TS39974
2019-11-27 18:33:22,838 - mylogger - INFO - adding test case TC19959 to test set TS39974
2019-11-27 18:33:25,911 - mylogger - INFO - adding test case TC54579 to test set TS39974
2019-11-27 19:13:31,329 - mylogger - INFO - adding test case TC37211 to test set TS39981
2019-11-27 19:13:33,030 - mylogger - INFO - adding test case TC53476 to test set TS39981
2019-11-27 19:13:34,779 - mylogger - INFO - adding test case TC53482 to test set TS39981
2019-11-27 19:13:36,599 - mylogger - INFO - adding test case TC22169 to test set TS39981
2019-11-27 19:13:38,370 - mylogger - INFO - adding test case TC24567 to test set TS39981
2019-11-27 19:13:40,136 - mylogger - INFO - adding test case TC53479 to test set TS39981
2019-11-27 19:13:41,945 - mylogger - INFO - adding test case TC37213 to test set TS39981
2019-11-27 19:13:43,719 - mylogger - INFO - adding test case TC53475 to test set TS39981
2019-11-27 19:13:45,538 - mylogger - INFO - adding test case TC37209 to test set TS39981
2019-11-27 19:13:47,477 - mylogger - INFO - adding test case TC57248 to test set TS39981
2019-11-27 19:13:49,858 - mylogger - INFO - adding test case TC53477 to test set TS39981
2019-11-28 13:42:51,542 - mylogger - INFO - Project for test case TC37211 now become SR-Intelligence-Kernel
2019-11-28 13:42:53,692 - mylogger - INFO - Project for test case TC53476 now become SR-Intelligence-Kernel
2019-11-28 13:42:55,858 - mylogger - INFO - Project for test case TC53482 now become SR-Intelligence-Kernel
2019-11-28 13:42:57,788 - mylogger - INFO - Project for test case TC22169 now become SR-Intelligence-Kernel
2019-11-28 13:42:59,735 - mylogger - INFO - Project for test case TC24567 now become SR-Intelligence-Kernel
2019-11-28 13:43:01,595 - mylogger - INFO - Project for test case TC53479 now become SR-Intelligence-Kernel
2019-11-28 13:43:03,526 - mylogger - INFO - Project for test case TC37213 now become SR-Intelligence-Kernel
2019-11-28 13:43:06,126 - mylogger - INFO - Project for test case TC53475 now become SR-Intelligence-Kernel
2019-11-28 13:43:08,851 - mylogger - INFO - Project for test case TC37209 now become SR-Intelligence-Kernel
2019-11-28 13:43:12,332 - mylogger - INFO - Project for test case TC57248 now become SR-Intelligence-Kernel
2019-11-28 13:43:14,481 - mylogger - INFO - Project for test case TC53477 now become SR-Intelligence-Kernel
2019-11-28 17:05:01,266 - mylogger - ERROR - Fail to update test case TC22169, 422 Validation error: TestCaseResult.Production Release Value [ 11.2 GA [2019-Dec-6] ] for field [ Production Release ] is invalid.  Valid values are: {[PM Roadmap, 80/20 Program, 11.2.1 [2020-Mar-13], 11.2.x, 11.2 GA [2019-Dec-06], 11.1.4 [2019-Dec-06], Urgent Research, 11.1.5 [2020-Mar-27], Patch, Never]}
2019-11-28 17:06:30,354 - mylogger - INFO - test case result for test case TC22169 is added
2020-01-10 13:29:14,553 - mylogger - INFO - done
2020-01-13 13:57:14,882 - mylogger - ERROR - Fail to add test case DE132742 to test set US221844: name 'testcasesList' is not defined
2020-01-17 19:33:44,268 - mylogger - INFO - done
2020-01-17 19:37:02,498 - mylogger - INFO - done
2020-01-19 21:30:50,059 - mylogger - INFO - test set for test set TS42072 now become [Regression][11.2.1GA]Manual Regression Test - Kernel Services-Memory
2020-01-19 21:33:28,106 - mylogger - INFO - test set for test set TS42059 now become [GA Validation] Manual Acceptance Test on GA - Kernel Services
2020-01-19 21:33:30,264 - mylogger - INFO - test set for test set TS42060 now become [Regression][11.2.1GA][2nd round]Manual Regression Test - Kernel Services
2020-01-19 21:33:33,200 - mylogger - INFO - test set for test set TS42061 now become [RC Validation][Round 1] Manual Acceptance Test on RC - Kernel Services
2020-01-19 21:33:35,238 - mylogger - INFO - test set for test set TS42062 now become [Acceptance] Sanity Test for 11.2.1GA
2020-01-19 21:33:36,769 - mylogger - INFO - test set for test set TS42063 now become [ABA][11.2.1]ABA failure investigation for Kernel Services-11.2.1.0000.2268
2020-01-19 21:33:38,244 - mylogger - INFO - test set for test set TS42064 now become Windows Sanity Test for Windows Insider Preview Build for 11.2.1 GA
2020-01-19 21:33:40,024 - mylogger - INFO - test set for test set TS42066 now become [Platform Certification] Operating Systems  | Microsoft Windows Server | 10 | Kernel Service ABA Investigation for 11.2.1
2020-01-19 21:33:42,906 - mylogger - INFO - test set for test set TS42067 now become [Regression][11.2.1GA]Manual Regression Test - Kernel Services- Processing failed kafka messages
2020-01-19 21:33:45,155 - mylogger - INFO - test set for test set TS42068 now become [11.2.1 GA][Regression test] [Manual] Critical test cases for customer defects before the manual regression test is approved as finish
2020-01-19 21:33:47,161 - mylogger - INFO - test set for test set TS42069 now become [Regression][11.2.1GA]Manual Regression Test - Kernel Services-Cluster
2020-01-19 21:33:49,047 - mylogger - INFO - test set for test set TS42070 now become [Regression][11.2.1GA]Manual Regression Test - Kernel Services- Session management
2020-01-19 21:33:51,197 - mylogger - INFO - test set for test set TS42071 now become [Regression][11.2.1GA]Manual Regression Test - Kernel Services-Caches
2020-01-19 21:33:52,772 - mylogger - INFO - test set for test set TS42074 now become Oracle JDK smoke test as part of the regression
2020-01-19 21:33:54,373 - mylogger - INFO - test set for test set TS42075 now become Exploratory Testing For 11.2.1 GA
2020-01-19 21:33:56,317 - mylogger - INFO - test set for test set TS42076 now become Team mini blitz test
2020-01-19 21:33:58,224 - mylogger - INFO - test set for test set TS42077 now become CTC Blitz test i24- 11/21/2019
2020-01-19 21:34:00,419 - mylogger - INFO - test set for test set TS42078 now become [ABA][11.2.1]ABA failure investigation for Kernel Services-11.2.1.0000.2248
2020-01-19 21:34:02,871 - mylogger - INFO - test set for test set TS42079 now become TS39974 [Blitz][AQDT] blitz test on AQDT environment
2020-01-19 21:34:04,200 - mylogger - INFO - test set for test set TS42080 now become [Blitz][AstraZeneca] blitz test on AstraZeneca environment
2020-01-19 21:34:06,273 - mylogger - INFO - test set for test set TS42081 now become 11/28 and 11/29 afternoon CTC Blitz Test for kernel team
2020-01-19 21:34:09,322 - mylogger - INFO - test set for test set TS42082 now become 11/28 and 11/29 product exploration test for kernel team
2020-01-19 21:34:10,961 - mylogger - INFO - test set for test set TS42083 now become [Blitz][Kindred] blitz test on Kindred environment
2020-01-19 21:34:12,779 - mylogger - INFO - test set for test set TS42084 now become [Blitz][Citi] blitz test on Citi environment
2020-01-19 21:34:14,238 - mylogger - INFO - test set for test set TS42085 now become [Platform Certification] Statistics | Oracle Database | 18c |  Statistics DB Certification | P2
2020-01-19 21:34:16,610 - mylogger - INFO - test set for test set TS42086 now become [Platform Certification] Statistics | Microsoft SQL Server 2017 |  Statistics DB Certification | P1
2020-01-19 21:34:18,036 - mylogger - INFO - test set for test set TS42087 now become Blitz test - I-23
2020-01-19 21:34:20,177 - mylogger - INFO - test set for test set TS42088 now become [Platform Certification] Operating Systems  | Amazon Linux | 2 | Kernel Service ABA Investigation
2020-01-19 21:34:22,395 - mylogger - INFO - test set for test set TS42089 now become Core Function Certification for F20375
2020-01-19 21:34:24,168 - mylogger - INFO - test set for test set TS42090 now become [Platform Certification] Statistics | IBM Db2 |  12  | Statistics DB Certification
2020-01-19 21:34:25,995 - mylogger - INFO - test set for test set TS42093 now become [Platform Certification] Statistics | Oracle Database Cloud |  18c | Statistics DB Certification | P3 (silver)
2020-01-19 21:34:28,275 - mylogger - INFO - test set for test set TS42095 now become [Platform Certification] Operating Systems  | SUSE | 12.3 | Kernel Service ABA Investigation
2020-01-19 21:34:29,724 - mylogger - INFO - test set for test set TS42096 now become [Platform Certification] Operating Systems  | CENTOS | 7 | Kernel Service ABA Investigation
2020-01-19 21:34:31,672 - mylogger - INFO - test set for test set TS42097 now become [Regression][11.2.1GA]Manual Regression Test - Kernel Services- Server Telemetry
2020-01-19 21:34:33,276 - mylogger - INFO - test set for test set TS42098 now become [ABA][11.2.1]ABA failure investigation for Kernel Services-11.2.1.0000.2208
2020-01-19 21:34:35,740 - mylogger - INFO - test set for test set TS42099 now become team mini blitz test unloading un-certified cube to avoild server shutdown by MCM on 11.2.1-Nov 12th
2020-01-19 21:34:37,591 - mylogger - INFO - test set for test set TS42100 now become [Platform Certification] Statistics | Oracle Database | 19c |  Statistics DB Certification | P1
2020-01-19 21:34:39,068 - mylogger - INFO - test set for test set TS42102 now become [Platform Certification] Statistics | Microsoft SQL Server 2019 |  Statistics DB Certification | P1
2020-01-19 21:34:41,123 - mylogger - INFO - test set for test set TS42103 now become [Platform Certification] Operating Systems  | Red Hat Enterprise Linux | 7.7 | Kernel Service ABA Investigation
2020-01-19 21:34:42,807 - mylogger - INFO - test set for test set TS42104 now become Team mini blitz test unloading un-certified cube to avoid server shutdown by MCM on 11.2.1-Nov 13th
2020-01-19 21:34:44,597 - mylogger - INFO - test set for test set TS42105 now become Blitz test - 11/14/2019
2020-01-19 21:34:47,106 - mylogger - INFO - test set for test set TS42106 now become [Platform Certification] Operating Systems  | Red Hat Enterprise Linux | 7.6 | Kernel Service ABA Investigation
2020-01-19 21:34:49,419 - mylogger - INFO - test set for test set TS42107 now become [Platform Certification] Operating Systems  | Microsoft Windows Server | 2016 | Kernel Service ABA Investigation
2020-01-19 21:34:51,179 - mylogger - INFO - test set for test set TS42108 now become [Platform Certification] Operating Systems  | Microsoft Windows | 2012 | Kernel Service ABA Investigation
2020-01-19 21:34:52,943 - mylogger - INFO - test set for test set TS42109 now become End to End Certification for F20375
2020-01-19 21:34:54,785 - mylogger - INFO - test set for test set TS42110 now become [Platform Certification] Statistics | IBM Db2 |  11.5 | Statistics DB Certification
2020-01-19 21:34:56,213 - mylogger - INFO - test set for test set TS42117 now become [Platform Certification] Statistics | Microsoft SQL Server | 2016 | Statistics DB Certification | P2 (Gold)
2020-01-19 21:34:57,896 - mylogger - INFO - test set for test set TS42119 now become [Platform Certification] Statistics | Oracle MySQL | 5.7.27 | Statistics DB Certification | P2 (Gold)
2020-01-19 21:34:59,243 - mylogger - INFO - test set for test set TS42121 now become [Platform Certification] Statistics | Teradata |  16.2 | Statistics DB Certification | P1
2020-01-19 21:35:01,243 - mylogger - INFO - test set for test set TS42122 now become [Platform Certification] Operating Systems  | CENTOS | 6.9 | Kernel Service ABA Investigation
2020-01-19 21:35:03,150 - mylogger - INFO - test set for test set TS42123 now become [Platform Certification] Operating Systems  | Windows | 2019 | Kernel Service ABA Investigation
2020-01-19 21:35:05,175 - mylogger - INFO - test set for test set TS42124 now become [Platform Certification] Operating Systems  | SUSE | 15 | Kernel Service ABA Investigation
2020-01-19 21:35:07,056 - mylogger - INFO - test set for test set TS42125 now become [Platform Certification] Operating Systems  | Oracle | 7 | Kernel Service ABA Investigation
2020-01-19 21:35:08,711 - mylogger - INFO - test set for test set TS42126 now become [Platform Certification] Operating Systems  | Amazon Linux | 2 | Kernel Service ABA Investigation
2020-01-19 21:35:11,164 - mylogger - INFO - test set for test set TS42127 now become [Platform Certification] Operating Systems  | Redhat | 6 | Kernel Service ABA Investigation
2020-01-19 21:35:14,747 - mylogger - INFO - test set for test set TS42128 now become Execution test using Integer manager against ebay station
2020-01-19 21:35:16,737 - mylogger - INFO - test set for test set TS42129 now become Documentation on instructions  about how to execute smoke test for smart heap
2020-01-19 21:35:18,229 - mylogger - INFO - test set for test set TS42130 now become [Platform Certification] Statistics | IBM Db2 |  10.5  SPS 10 | Statistics DB Certification
2020-01-19 21:35:21,155 - mylogger - INFO - test set for test set TS42133 now become [Platform Certification] Statistics | Oracle Database Cloud |  19c | Statistics DB Certification
2020-01-19 21:36:47,110 - mylogger - INFO - test set for test set TS42059 now become [ Validation] Manual Acceptance Test on  - Kernel Services
2020-01-19 21:36:49,256 - mylogger - INFO - test set for test set TS42060 now become [Regression][11.2.1][2nd round]Manual Regression Test - Kernel Services
2020-01-19 21:36:51,287 - mylogger - INFO - test set for test set TS42061 now become [RC Validation][Round 1] Manual Acceptance Test on RC - Kernel Services
2020-01-19 21:36:53,363 - mylogger - INFO - test set for test set TS42062 now become [Acceptance] Sanity Test for 11.2.1
2020-01-19 21:36:56,336 - mylogger - INFO - test set for test set TS42063 now become [ABA][11.2.1]ABA failure investigation for Kernel Services-11.2.1.0000.2268
2020-01-19 21:36:58,974 - mylogger - INFO - test set for test set TS42064 now become Windows Sanity Test for Windows Insider Preview Build for 11.2.1
2020-01-19 21:37:00,432 - mylogger - INFO - test set for test set TS42066 now become [Platform Certification] Operating Systems  | Microsoft Windows Server | 10 | Kernel Service ABA Investigation for 11.2.1
2020-01-19 21:37:02,448 - mylogger - INFO - test set for test set TS42067 now become [Regression][11.2.1]Manual Regression Test - Kernel Services- Processing failed kafka messages
2020-01-19 21:37:04,677 - mylogger - INFO - test set for test set TS42068 now become [11.2.1 ][Regression test] [Manual] Critical test cases for customer defects before the manual regression test is approved as finish
2020-01-19 21:37:09,227 - mylogger - INFO - test set for test set TS42069 now become [Regression][11.2.1]Manual Regression Test - Kernel Services-Cluster
2020-01-19 21:37:10,791 - mylogger - INFO - test set for test set TS42070 now become [Regression][11.2.1]Manual Regression Test - Kernel Services- Session management
2020-01-19 21:37:12,299 - mylogger - INFO - test set for test set TS42071 now become [Regression][11.2.1]Manual Regression Test - Kernel Services-Caches
2020-01-19 21:37:14,456 - mylogger - INFO - test set for test set TS42074 now become Oracle JDK smoke test as part of the regression
2020-01-19 21:37:16,306 - mylogger - INFO - test set for test set TS42075 now become Exploratory Testing For 11.2.1
2020-01-19 21:37:18,107 - mylogger - INFO - test set for test set TS42076 now become Team mini blitz test
2020-01-19 21:37:20,800 - mylogger - INFO - test set for test set TS42077 now become CTC Blitz test i24- 11/21/2019
2020-01-19 21:37:22,878 - mylogger - INFO - test set for test set TS42078 now become [ABA][11.2.1]ABA failure investigation for Kernel Services-11.2.1.0000.2248
2020-01-19 21:37:25,862 - mylogger - INFO - test set for test set TS42079 now become TS39974 [Blitz][AQDT] blitz test on AQDT environment
2020-01-19 21:37:28,193 - mylogger - INFO - test set for test set TS42080 now become [Blitz][AstraZeneca] blitz test on AstraZeneca environment
2020-01-19 21:37:30,862 - mylogger - INFO - test set for test set TS42081 now become 11/28 and 11/29 afternoon CTC Blitz Test for kernel team
2020-01-19 21:37:33,539 - mylogger - INFO - test set for test set TS42082 now become 11/28 and 11/29 product exploration test for kernel team
2020-01-19 21:37:36,060 - mylogger - INFO - test set for test set TS42083 now become [Blitz][Kindred] blitz test on Kindred environment
2020-01-19 21:37:38,200 - mylogger - INFO - test set for test set TS42084 now become [Blitz][Citi] blitz test on Citi environment
2020-01-19 21:37:40,784 - mylogger - INFO - test set for test set TS42085 now become [Platform Certification] Statistics | Oracle Database | 18c |  Statistics DB Certification | P2
2020-01-19 21:37:43,124 - mylogger - INFO - test set for test set TS42086 now become [Platform Certification] Statistics | Microsoft SQL Server 2017 |  Statistics DB Certification | P1
2020-01-19 21:37:45,102 - mylogger - INFO - test set for test set TS42087 now become Blitz test - I-23
2020-01-19 21:37:46,876 - mylogger - INFO - test set for test set TS42088 now become [Platform Certification] Operating Systems  | Amazon Linux | 2 | Kernel Service ABA Investigation
2020-01-19 21:37:48,413 - mylogger - INFO - test set for test set TS42089 now become Core Function Certification for F20375
2020-01-19 21:37:49,818 - mylogger - INFO - test set for test set TS42090 now become [Platform Certification] Statistics | IBM Db2 |  12  | Statistics DB Certification
2020-01-19 21:37:52,955 - mylogger - INFO - test set for test set TS42093 now become [Platform Certification] Statistics | Oracle Database Cloud |  18c | Statistics DB Certification | P3 (silver)
2020-01-19 21:37:55,546 - mylogger - INFO - test set for test set TS42095 now become [Platform Certification] Operating Systems  | SUSE | 12.3 | Kernel Service ABA Investigation
2020-01-19 21:37:58,007 - mylogger - INFO - test set for test set TS42096 now become [Platform Certification] Operating Systems  | CENTOS | 7 | Kernel Service ABA Investigation
2020-01-19 21:37:59,721 - mylogger - INFO - test set for test set TS42097 now become [Regression][11.2.1]Manual Regression Test - Kernel Services- Server Telemetry
2020-01-19 21:38:01,729 - mylogger - INFO - test set for test set TS42098 now become [ABA][11.2.1]ABA failure investigation for Kernel Services-11.2.1.0000.2208
2020-01-19 21:38:04,115 - mylogger - INFO - test set for test set TS42099 now become team mini blitz test unloading un-certified cube to avoild server shutdown by MCM on 11.2.1-Nov 12th
2020-01-19 21:38:05,550 - mylogger - INFO - test set for test set TS42100 now become [Platform Certification] Statistics | Oracle Database | 19c |  Statistics DB Certification | P1
2020-01-19 21:38:07,138 - mylogger - INFO - test set for test set TS42102 now become [Platform Certification] Statistics | Microsoft SQL Server 2019 |  Statistics DB Certification | P1
2020-01-19 21:38:08,815 - mylogger - INFO - test set for test set TS42103 now become [Platform Certification] Operating Systems  | Red Hat Enterprise Linux | 7.7 | Kernel Service ABA Investigation
2020-01-19 21:38:10,363 - mylogger - INFO - test set for test set TS42104 now become Team mini blitz test unloading un-certified cube to avoid server shutdown by MCM on 11.2.1-Nov 13th
2020-01-19 21:38:11,896 - mylogger - INFO - test set for test set TS42105 now become Blitz test - 11/14/2019
2020-01-19 21:38:15,277 - mylogger - INFO - test set for test set TS42106 now become [Platform Certification] Operating Systems  | Red Hat Enterprise Linux | 7.6 | Kernel Service ABA Investigation
2020-01-19 21:38:17,325 - mylogger - INFO - test set for test set TS42107 now become [Platform Certification] Operating Systems  | Microsoft Windows Server | 2016 | Kernel Service ABA Investigation
2020-01-19 21:38:19,521 - mylogger - INFO - test set for test set TS42108 now become [Platform Certification] Operating Systems  | Microsoft Windows | 2012 | Kernel Service ABA Investigation
2020-01-19 21:38:21,185 - mylogger - INFO - test set for test set TS42109 now become End to End Certification for F20375
2020-01-19 21:38:23,061 - mylogger - INFO - test set for test set TS42110 now become [Platform Certification] Statistics | IBM Db2 |  11.5 | Statistics DB Certification
2020-01-19 21:38:24,904 - mylogger - INFO - test set for test set TS42117 now become [Platform Certification] Statistics | Microsoft SQL Server | 2016 | Statistics DB Certification | P2 (Gold)
2020-01-19 21:38:28,297 - mylogger - INFO - test set for test set TS42119 now become [Platform Certification] Statistics | Oracle MySQL | 5.7.27 | Statistics DB Certification | P2 (Gold)
2020-01-19 21:38:29,902 - mylogger - INFO - test set for test set TS42121 now become [Platform Certification] Statistics | Teradata |  16.2 | Statistics DB Certification | P1
2020-01-19 21:38:31,355 - mylogger - INFO - test set for test set TS42122 now become [Platform Certification] Operating Systems  | CENTOS | 6.9 | Kernel Service ABA Investigation
2020-01-19 21:38:34,012 - mylogger - INFO - test set for test set TS42123 now become [Platform Certification] Operating Systems  | Windows | 2019 | Kernel Service ABA Investigation
2020-01-19 21:38:36,582 - mylogger - INFO - test set for test set TS42124 now become [Platform Certification] Operating Systems  | SUSE | 15 | Kernel Service ABA Investigation
2020-01-19 21:38:38,191 - mylogger - INFO - test set for test set TS42125 now become [Platform Certification] Operating Systems  | Oracle | 7 | Kernel Service ABA Investigation
2020-01-19 21:38:40,059 - mylogger - INFO - test set for test set TS42126 now become [Platform Certification] Operating Systems  | Amazon Linux | 2 | Kernel Service ABA Investigation
2020-01-19 21:38:42,698 - mylogger - INFO - test set for test set TS42127 now become [Platform Certification] Operating Systems  | Redhat | 6 | Kernel Service ABA Investigation
2020-01-19 21:38:44,769 - mylogger - INFO - test set for test set TS42128 now become Execution test using Integer manager against ebay station
2020-01-19 21:38:46,358 - mylogger - INFO - test set for test set TS42129 now become Documentation on instructions  about how to execute smoke test for smart heap
2020-01-19 21:38:48,543 - mylogger - INFO - test set for test set TS42130 now become [Platform Certification] Statistics | IBM Db2 |  10.5  SPS 10 | Statistics DB Certification
2020-01-19 21:38:50,905 - mylogger - INFO - test set for test set TS42133 now become [Platform Certification] Statistics | Oracle Database Cloud |  19c | Statistics DB Certification
2020-01-19 22:13:59,959 - mylogger - INFO - remove testset
2020-01-19 22:15:40,367 - mylogger - INFO - remove testset TS42095
2020-01-19 22:16:07,745 - mylogger - INFO - remove testset TS42095
2020-01-19 22:19:08,497 - mylogger - INFO - remove testset TS42095
2020-01-19 22:21:32,993 - mylogger - INFO - remove testset TS42066
2020-01-19 22:21:34,354 - mylogger - INFO - remove testset TS42088
2020-01-19 22:21:35,625 - mylogger - INFO - remove testset TS42096
2020-01-19 22:21:36,841 - mylogger - INFO - remove testset TS42103
2020-01-19 22:21:38,113 - mylogger - INFO - remove testset TS42106
2020-01-19 22:21:39,973 - mylogger - INFO - remove testset TS42107
2020-01-19 22:21:41,198 - mylogger - INFO - remove testset TS42108
2020-01-19 22:21:42,441 - mylogger - INFO - remove testset TS42122
2020-01-19 22:21:43,642 - mylogger - INFO - remove testset TS42123
2020-01-19 22:21:45,196 - mylogger - INFO - remove testset TS42124
2020-01-19 22:21:46,424 - mylogger - INFO - remove testset TS42125
2020-01-19 22:21:47,595 - mylogger - INFO - remove testset TS42126
2020-01-19 22:21:49,342 - mylogger - INFO - remove testset TS42127
2020-01-31 15:56:35,134 - mylogger - ERROR - fail to add test result to TC5767 for the given testcase TC5767 does not exist
2020-01-31 15:58:07,024 - mylogger - ERROR - fail to add test result to TC5767 for the given testcase TC5767 does not exist
2020-01-31 16:00:07,231 - mylogger - ERROR - fail to add test result to TC5767 for the given testcase TC5767 does not exist
2020-01-31 16:02:00,151 - mylogger - ERROR - fail to add test result to TC57674 for the given testcase TC57674 does not exist
2020-01-31 16:02:52,424 - mylogger - ERROR - Fail to update test case TC57674, 422 Validation error: TestCaseResult.Production Release Value [ 11.1.5 ] for field [ Production Release ] is invalid.  Valid values are: {[11.2.x, 11.2 GA [2019-Dec-06], 11.1.4 [2019-Dec-06], 11.1.5 [2020-Mar-27], 11.2.1, Patch]}
2020-01-31 16:04:07,192 - mylogger - INFO - test case result for test case TC57674 is added
2020-01-31 16:10:42,014 - mylogger - ERROR - Fail to update test case TC57674, 422 Validation error: TestCaseResult.Server OS Value [ CenOS 7.x ] for field [ Server OS ] is invalid.  Valid values are: {[Microsoft Windows 10, Microsoft Windows Server 2016, Docker (Linux on Linux), CentOS 6.x, Amazon Linux 2, CentOS 7.x, SUSE Linux Enterprise Server 12.x, SUSE Linux Enterprise Server 15, Docker (Linux on Windows), Microsoft Windows Server 2019, Red Hat Enterprise Linux 7.x, Microsoft Windows Server 2008 R2 SP1, N/A, Microsoft Windows 8.x, Microsoft Windows Server 2012 R2, Red Hat Enterprise Linux 6.x, Solaris, Oracle Linux 7.5]}
2020-01-31 16:12:07,827 - mylogger - INFO - test case result for test case TC57674 is added
2020-01-31 18:09:09,801 - mylogger - INFO - test case result for test case TC57630 is added
2020-02-01 11:04:59,601 - mylogger - INFO - test case result for test case TC57548 is added
2020-02-01 12:20:04,819 - mylogger - ERROR - fail to add test result to TC24576 for the given testcase TC24576 does not exist
2020-02-01 12:20:08,317 - mylogger - INFO - test case result for test case TC57852 is added
2020-02-01 17:10:23,351 - mylogger - INFO - test case result for test case TC24567 is added
2020-02-01 17:10:25,729 - mylogger - INFO - test case result for test case TC57906 is added
2020-02-01 18:09:13,982 - mylogger - INFO - test case result for test case TC57978 is added
2020-02-03 10:21:30,333 - mylogger - INFO - test case result for test case TC57684 is added
2020-02-03 12:01:12,103 - mylogger - INFO - test case result for test case TC46914 is added
2020-02-03 12:12:31,072 - mylogger - INFO - test case result for test case TC53479 is added
2020-02-03 17:28:28,561 - mylogger - ERROR - fail to add test result to TC57635 for the given testcase TC57635 does not exist
2020-02-03 17:28:31,743 - mylogger - INFO - test case result for test case TC57642 is added
2020-02-03 17:29:38,739 - mylogger - INFO - test case result for test case TC57653 is added
2020-02-03 17:45:44,308 - mylogger - INFO - test case result for test case TC57895 is added
2020-02-04 14:03:38,971 - mylogger - INFO - adding test case TC60426 to test set TS42347
2020-02-04 14:03:41,266 - mylogger - INFO - adding test case TC60438 to test set TS42347
2020-02-04 14:03:43,028 - mylogger - INFO - adding test case TC60425 to test set TS42347
2020-02-04 14:03:45,164 - mylogger - INFO - adding test case TC60427 to test set TS42347
2020-02-04 14:03:47,595 - mylogger - INFO - adding test case TC60428 to test set TS42347
2020-02-04 14:03:50,282 - mylogger - INFO - adding test case TC60429 to test set TS42347
2020-02-04 14:03:54,709 - mylogger - INFO - adding test case TC60430 to test set TS42347
2020-02-04 14:03:57,580 - mylogger - INFO - adding test case TC60431 to test set TS42347
2020-02-04 14:03:59,656 - mylogger - INFO - adding test case TC60432 to test set TS42347
2020-02-04 14:04:02,087 - mylogger - INFO - adding test case TC60433 to test set TS42347
2020-02-04 14:04:04,469 - mylogger - INFO - adding test case TC61067 to test set TS42347
2020-02-04 14:04:06,734 - mylogger - INFO - adding test case TC61068 to test set TS42347
2020-02-04 14:04:08,581 - mylogger - INFO - adding test case TC61069 to test set TS42347
2020-02-04 14:04:11,165 - mylogger - INFO - adding test case TC61070 to test set TS42347
2020-02-04 14:04:13,583 - mylogger - INFO - adding test case TC61071 to test set TS42347
2020-02-04 14:04:15,479 - mylogger - INFO - adding test case TC61072 to test set TS42347
2020-02-04 14:04:17,838 - mylogger - INFO - adding test case TC60434 to test set TS42347
2020-02-04 14:04:19,591 - mylogger - INFO - adding test case TC60437 to test set TS42347
2020-02-04 14:04:21,612 - mylogger - INFO - adding test case TC60439 to test set TS42347
2020-02-04 14:04:23,390 - mylogger - INFO - adding test case TC60435 to test set TS42347
2020-02-04 14:04:25,400 - mylogger - INFO - adding test case TC60436 to test set TS42347
2020-02-04 17:14:44,331 - mylogger - INFO - test case result for test case TC57902 is added
2020-02-04 18:45:50,198 - mylogger - ERROR - Fail to update test case TC58000, 422 Could not convert: "Verdict" must be a string : Value [ Low Pass ] for field [ string ] is invalid.  Valid values are: [ Pass, Fail, Error, Inconclusive, Low pass, Blocked, Unexecuted ]
2020-02-04 18:46:54,051 - mylogger - INFO - test case result for test case TC58000 is added
2020-02-05 11:56:34,468 - mylogger - INFO - test case result for test case TC57997 is added
2020-02-05 12:10:06,396 - mylogger - INFO - test case result for test case TC57994 is added
2020-02-05 15:12:03,501 - mylogger - INFO - test case result for test case TC58031 is added
2020-02-05 15:27:08,422 - mylogger - INFO - test case result for test case TC57628 is added
2020-02-05 16:05:00,312 - mylogger - INFO - test case result for test case TC57629 is added
2020-02-06 15:19:13,855 - mylogger - INFO - test case result for test case TC57751 is added
2020-02-06 15:47:45,418 - mylogger - INFO - test case result for test case TC57752 is added
2020-02-06 15:51:21,070 - mylogger - INFO - test case result for test case TC57754 is added
2020-02-06 17:31:56,588 - mylogger - ERROR - fail to add test result to TC57657 for the given testcase TC57657 does not exist
2020-02-06 17:32:39,027 - mylogger - INFO - test case result for test case TC57675 is added
2020-02-24 10:07:17,358 - mylogger - INFO - Project for test case TC60426 now become SR-Intelligence-Kernel
2020-02-24 10:07:20,225 - mylogger - INFO - Project for test case TC60438 now become SR-Intelligence-Kernel
2020-02-24 10:07:22,211 - mylogger - INFO - Project for test case TC60425 now become SR-Intelligence-Kernel
2020-02-24 10:07:24,934 - mylogger - INFO - Project for test case TC60427 now become SR-Intelligence-Kernel
2020-02-24 10:07:26,943 - mylogger - INFO - Project for test case TC60428 now become SR-Intelligence-Kernel
2020-02-24 10:07:29,850 - mylogger - INFO - Project for test case TC60429 now become SR-Intelligence-Kernel
2020-02-24 10:07:31,859 - mylogger - INFO - Project for test case TC60430 now become SR-Intelligence-Kernel
2020-02-24 10:07:33,849 - mylogger - INFO - Project for test case TC60431 now become SR-Intelligence-Kernel
2020-02-24 10:07:36,714 - mylogger - INFO - Project for test case TC60432 now become SR-Intelligence-Kernel
2020-02-24 10:09:23,338 - mylogger - ERROR - Fail to update test case TC60430, 422 Validation error: TestCaseResult.Production Release Value [ 11.2 1 [2020-Mar-27] ] for field [ Production Release ] is invalid.  Valid values are: {[11.2.x, 11.2 GA [2019-Dec-06], 11.1.4 [2019-Dec-06], 11.1.5 [2020-Mar-27], Q1 2020 Cloud, Q1 2020 TEC Ops, Q1 2020 Off Cycle, 11.2.1, Patch]}
2020-02-24 10:09:24,987 - mylogger - ERROR - Fail to update test case TC61447, 422 Validation error: TestCaseResult.Production Release Value [ 11.2 1 [2020-Mar-27] ] for field [ Production Release ] is invalid.  Valid values are: {[11.2.x, 11.2 GA [2019-Dec-06], 11.1.4 [2019-Dec-06], 11.1.5 [2020-Mar-27], Q1 2020 Cloud, Q1 2020 TEC Ops, Q1 2020 Off Cycle, 11.2.1, Patch]}
2020-02-24 10:10:27,212 - mylogger - ERROR - Fail to update test case TC60430, 422 Validation error: TestCaseResult.Production Release Value [ 11.2 1 [2020-Mar-27] ] for field [ Production Release ] is invalid.  Valid values are: {[11.2.x, 11.2 GA [2019-Dec-06], 11.1.4 [2019-Dec-06], 11.1.5 [2020-Mar-27], Q1 2020 Cloud, Q1 2020 TEC Ops, Q1 2020 Off Cycle, 11.2.1, Patch]}
2020-02-24 10:10:29,057 - mylogger - ERROR - Fail to update test case TC61447, 422 Validation error: TestCaseResult.Production Release Value [ 11.2 1 [2020-Mar-27] ] for field [ Production Release ] is invalid.  Valid values are: {[11.2.x, 11.2 GA [2019-Dec-06], 11.1.4 [2019-Dec-06], 11.1.5 [2020-Mar-27], Q1 2020 Cloud, Q1 2020 TEC Ops, Q1 2020 Off Cycle, 11.2.1, Patch]}
2020-02-24 10:12:14,327 - mylogger - INFO - test case result for test case TC60430 is added
2020-02-24 10:12:16,477 - mylogger - INFO - test case result for test case TC61447 is added
2020-02-24 17:05:56,344 - mylogger - INFO - adding test case TC60425 to test set TS43495
2020-02-24 17:05:59,044 - mylogger - INFO - adding test case TC60426 to test set TS43495
2020-02-24 17:06:00,893 - mylogger - INFO - adding test case TC60427 to test set TS43495
2020-02-24 17:06:02,617 - mylogger - INFO - adding test case TC60429 to test set TS43495
2020-02-24 17:06:04,634 - mylogger - INFO - adding test case TC60430 to test set TS43495
2020-02-24 17:06:06,581 - mylogger - INFO - adding test case TC60431 to test set TS43495
2020-02-24 17:06:08,343 - mylogger - INFO - adding test case TC60432 to test set TS43495
2020-02-24 17:06:10,101 - mylogger - INFO - adding test case TC60434 to test set TS43495
2020-02-24 17:06:13,338 - mylogger - INFO - adding test case TC60435 to test set TS43495
2020-02-24 17:06:15,999 - mylogger - INFO - adding test case TC60436 to test set TS43495
2020-02-24 17:06:17,945 - mylogger - INFO - adding test case TC60438 to test set TS43495
2020-02-24 17:06:19,787 - mylogger - INFO - adding test case TC60439 to test set TS43495
2020-02-24 17:06:21,632 - mylogger - INFO - adding test case TC61067 to test set TS43495
2020-02-24 17:06:23,475 - mylogger - INFO - adding test case TC61068 to test set TS43495
2020-02-24 17:06:25,455 - mylogger - INFO - adding test case TC61069 to test set TS43495
2020-02-24 17:06:27,469 - mylogger - INFO - adding test case TC61070 to test set TS43495
2020-02-24 17:06:29,313 - mylogger - INFO - adding test case TC61071 to test set TS43495
2020-02-24 17:06:31,779 - mylogger - INFO - adding test case TC61072 to test set TS43495
2020-02-24 17:06:33,641 - mylogger - INFO - adding test case TC61447 to test set TS43495
2020-02-24 17:08:01,415 - mylogger - INFO - adding test case TC60425 to test set TS43496
2020-02-24 17:08:03,093 - mylogger - INFO - adding test case TC60426 to test set TS43496
2020-02-24 17:08:05,098 - mylogger - INFO - adding test case TC60427 to test set TS43496
2020-02-24 17:08:07,005 - mylogger - INFO - adding test case TC60429 to test set TS43496
2020-02-24 17:08:08,743 - mylogger - INFO - adding test case TC60430 to test set TS43496
2020-02-24 17:08:10,429 - mylogger - INFO - adding test case TC60431 to test set TS43496
2020-02-24 17:08:13,021 - mylogger - INFO - adding test case TC60432 to test set TS43496
2020-02-24 17:08:14,993 - mylogger - INFO - adding test case TC60434 to test set TS43496
2020-02-24 17:08:17,145 - mylogger - INFO - adding test case TC60435 to test set TS43496
2020-02-24 17:08:18,986 - mylogger - INFO - adding test case TC60436 to test set TS43496
2020-02-24 17:08:20,931 - mylogger - INFO - adding test case TC60438 to test set TS43496
2020-02-24 17:08:22,468 - mylogger - ERROR - Fail to add test case TC60439 to test set TS43496: 'Results'
2020-02-24 17:08:24,466 - mylogger - INFO - adding test case TC61067 to test set TS43496
2020-02-24 17:08:26,310 - mylogger - INFO - adding test case TC61068 to test set TS43496
2020-02-24 17:08:28,101 - mylogger - INFO - adding test case TC61069 to test set TS43496
2020-02-24 17:08:29,943 - mylogger - INFO - adding test case TC61070 to test set TS43496
2020-02-24 17:08:32,298 - mylogger - INFO - adding test case TC61071 to test set TS43496
2020-02-24 17:08:34,045 - mylogger - INFO - adding test case TC61072 to test set TS43496
2020-02-24 17:08:35,878 - mylogger - INFO - adding test case TC61447 to test set TS43496
2020-02-24 17:11:15,838 - mylogger - INFO - adding test case TC60436 to test set TS43497
2020-02-24 17:11:18,092 - mylogger - INFO - adding test case TC60434 to test set TS43497
2020-02-24 17:11:20,650 - mylogger - INFO - adding test case TC60430 to test set TS43497
2020-02-24 17:11:23,425 - mylogger - INFO - adding test case TC61447 to test set TS43497
2020-03-02 21:02:56,225 - mylogger - INFO - done
2020-03-02 21:05:24,700 - mylogger - INFO - done
2020-03-02 21:07:04,029 - mylogger - INFO - done
2020-03-02 21:09:58,038 - mylogger - INFO - done
2020-03-02 21:12:48,715 - mylogger - INFO - done
2020-03-08 23:04:10,716 - mylogger - INFO - adding test case TC62455 to test set TS44547
2020-03-08 23:04:13,423 - mylogger - INFO - adding test case TC62456 to test set TS44547
2020-03-08 23:04:16,245 - mylogger - INFO - adding test case TC62457 to test set TS44547
2020-03-08 23:04:18,139 - mylogger - INFO - adding test case TC62458 to test set TS44550
2020-03-08 23:04:20,003 - mylogger - INFO - adding test case TC62512 to test set TS44548
2020-03-08 23:04:21,863 - mylogger - INFO - adding test case TC62521 to test set TS44548
2020-03-08 23:04:23,823 - mylogger - INFO - adding test case TC62528 to test set TS44548
2020-03-08 23:04:26,394 - mylogger - INFO - adding test case TC62534 to test set TS44548
2020-03-08 23:04:28,241 - mylogger - INFO - adding test case TC62550 to test set TS44549
2020-03-08 23:04:30,223 - mylogger - INFO - adding test case TC62564 to test set TS44549
2020-03-08 23:04:32,322 - mylogger - INFO - adding test case TC62513 to test set TS44548
2020-03-08 23:04:34,307 - mylogger - INFO - adding test case TC62514 to test set TS44548
2020-03-08 23:04:36,931 - mylogger - INFO - adding test case TC62515 to test set TS44548
2020-03-08 23:04:38,877 - mylogger - INFO - adding test case TC62516 to test set TS44548
2020-03-08 23:04:40,778 - mylogger - INFO - adding test case TC62518 to test set TS44548
2020-03-08 23:04:42,640 - mylogger - INFO - adding test case TC62545 to test set TS44548
2020-03-08 23:04:44,713 - mylogger - INFO - adding test case TC62546 to test set TS44548
2020-03-08 23:04:46,620 - mylogger - INFO - adding test case TC62547 to test set TS44548
2020-03-08 23:04:48,469 - mylogger - INFO - adding test case TC62549 to test set TS44548
2020-03-08 23:04:50,447 - mylogger - INFO - adding test case TC62566 to test set TS44549
2020-03-08 23:04:52,598 - mylogger - INFO - adding test case TC62517 to test set TS44548
2020-03-08 23:04:54,426 - mylogger - INFO - adding test case TC62537 to test set TS44548
2020-03-08 23:04:56,385 - mylogger - INFO - adding test case TC62541 to test set TS44548
2020-03-08 23:04:58,332 - mylogger - INFO - adding test case TC62554 to test set TS44549
2020-03-08 23:05:00,087 - mylogger - INFO - adding test case TC62559 to test set TS44549
2020-03-08 23:05:02,963 - mylogger - INFO - adding test case TC62563 to test set TS44549
2020-03-08 23:05:04,887 - mylogger - INFO - adding test case TC62568 to test set TS44549
2020-03-08 23:05:06,830 - mylogger - INFO - adding test case TC62569 to test set TS44549
2020-03-08 23:05:10,054 - mylogger - INFO - adding test case TC62570 to test set TS44549
2020-03-08 23:05:12,054 - mylogger - INFO - adding test case TC62572 to test set TS44549
2020-03-08 23:05:14,680 - mylogger - INFO - adding test case TC62522 to test set TS44548
2020-03-08 23:05:16,597 - mylogger - INFO - adding test case TC62523 to test set TS44548
2020-03-08 23:05:18,508 - mylogger - INFO - adding test case TC62524 to test set TS44548
2020-03-08 23:05:20,451 - mylogger - INFO - adding test case TC62544 to test set TS44548
2020-03-08 23:05:22,501 - mylogger - INFO - adding test case TC62527 to test set TS44548
2020-03-08 23:05:24,564 - mylogger - INFO - adding test case TC62530 to test set TS44548
2020-03-08 23:05:26,517 - mylogger - INFO - adding test case TC62532 to test set TS44548
2020-03-08 23:05:28,546 - mylogger - INFO - adding test case TC62551 to test set TS44549
2020-03-08 23:05:30,590 - mylogger - INFO - adding test case TC62553 to test set TS44549
2020-03-08 23:05:33,109 - mylogger - INFO - adding test case TC62565 to test set TS44549
2020-03-08 23:05:35,586 - mylogger - INFO - adding test case TC62525 to test set TS44548
2020-03-08 23:05:37,552 - mylogger - INFO - adding test case TC62535 to test set TS44548
2020-03-08 23:05:39,497 - mylogger - INFO - adding test case TC62542 to test set TS44548
2020-03-08 23:05:41,403 - mylogger - INFO - adding test case TC62531 to test set TS44548
2020-03-08 23:05:44,107 - mylogger - INFO - adding test case TC62552 to test set TS44549
2020-03-08 23:05:46,596 - mylogger - INFO - adding test case TC62556 to test set TS44549
2020-03-08 23:05:48,509 - mylogger - INFO - adding test case TC62557 to test set TS44549
2020-03-08 23:05:50,354 - mylogger - INFO - adding test case TC62560 to test set TS44549
2020-03-08 23:05:52,255 - mylogger - INFO - adding test case TC62571 to test set TS44549
2020-03-08 23:05:54,143 - mylogger - INFO - adding test case TC62573 to test set TS44549
2020-03-08 23:05:56,496 - mylogger - INFO - adding test case TC62509 to test set TS44548
2020-03-08 23:05:58,452 - mylogger - INFO - adding test case TC62510 to test set TS44548
2020-03-08 23:06:00,387 - mylogger - INFO - adding test case TC62511 to test set TS44548
2020-03-08 23:06:02,743 - mylogger - INFO - adding test case TC62526 to test set TS44548
2020-03-08 23:06:04,688 - mylogger - INFO - adding test case TC62540 to test set TS44548
2020-03-08 23:06:06,673 - mylogger - INFO - adding test case TC62529 to test set TS44548
2020-03-08 23:06:09,255 - mylogger - INFO - adding test case TC62548 to test set TS44548
2020-03-08 23:06:11,113 - mylogger - INFO - adding test case TC62558 to test set TS44549
2020-03-08 23:06:13,390 - mylogger - INFO - adding test case TC62561 to test set TS44549
2020-03-08 23:06:15,440 - mylogger - INFO - adding test case TC62567 to test set TS44549
2020-03-08 23:06:18,127 - mylogger - INFO - adding test case TC62520 to test set TS44548
2020-03-08 23:06:20,135 - mylogger - INFO - adding test case TC62536 to test set TS44548
2020-03-08 23:06:22,097 - mylogger - INFO - adding test case TC62538 to test set TS44548
2020-03-08 23:06:24,145 - mylogger - INFO - adding test case TC62539 to test set TS44548
2020-03-08 23:06:26,191 - mylogger - INFO - adding test case TC62543 to test set TS44548
2020-03-08 23:06:28,173 - mylogger - INFO - adding test case TC62533 to test set TS44548
2020-03-08 23:06:30,696 - mylogger - INFO - adding test case TC62555 to test set TS44549
2020-03-08 23:06:32,558 - mylogger - INFO - adding test case TC62562 to test set TS44549
2020-03-08 23:06:34,363 - mylogger - INFO - adding test case TC62574 to test set TS44549
2020-03-08 23:26:02,363 - mylogger - INFO - adding test case TC62455 to test set TS44551
2020-03-08 23:26:04,516 - mylogger - INFO - adding test case TC62456 to test set TS44551
2020-03-08 23:26:07,239 - mylogger - INFO - adding test case TC62457 to test set TS44551
2020-03-08 23:26:09,428 - mylogger - INFO - adding test case TC62458 to test set TS44554
2020-03-08 23:26:11,480 - mylogger - INFO - adding test case TC62512 to test set TS44552
2020-03-08 23:26:14,091 - mylogger - INFO - adding test case TC62521 to test set TS44552
2020-03-08 23:26:16,134 - mylogger - INFO - adding test case TC62528 to test set TS44552
2020-03-08 23:26:18,030 - mylogger - INFO - adding test case TC62534 to test set TS44552
2020-03-08 23:26:20,795 - mylogger - INFO - adding test case TC62550 to test set TS44553
2020-03-08 23:26:23,670 - mylogger - INFO - adding test case TC62564 to test set TS44553
2020-03-08 23:26:25,916 - mylogger - INFO - adding test case TC62513 to test set TS44552
2020-03-08 23:26:28,065 - mylogger - INFO - adding test case TC62514 to test set TS44552
2020-03-08 23:26:30,054 - mylogger - INFO - adding test case TC62515 to test set TS44552
2020-03-08 23:26:32,068 - mylogger - INFO - adding test case TC62516 to test set TS44552
2020-03-08 23:26:34,200 - mylogger - INFO - adding test case TC62518 to test set TS44552
2020-03-08 23:26:36,115 - mylogger - INFO - adding test case TC62545 to test set TS44552
2020-03-08 23:26:38,136 - mylogger - INFO - adding test case TC62546 to test set TS44552
2020-03-08 23:26:40,968 - mylogger - INFO - adding test case TC62547 to test set TS44552
2020-03-08 23:26:42,885 - mylogger - INFO - adding test case TC62549 to test set TS44552
2020-03-08 23:26:45,883 - mylogger - INFO - adding test case TC62566 to test set TS44553
2020-03-08 23:26:47,931 - mylogger - INFO - adding test case TC62517 to test set TS44552
2020-03-08 23:26:49,877 - mylogger - INFO - adding test case TC62537 to test set TS44552
2020-03-08 23:26:51,725 - mylogger - INFO - adding test case TC62541 to test set TS44552
2020-03-08 23:26:54,485 - mylogger - INFO - adding test case TC62554 to test set TS44553
2020-03-08 23:26:57,284 - mylogger - INFO - adding test case TC62559 to test set TS44553
2020-03-08 23:26:59,912 - mylogger - INFO - adding test case TC62563 to test set TS44553
2020-03-08 23:27:02,223 - mylogger - INFO - adding test case TC62568 to test set TS44553
2020-03-08 23:27:05,442 - mylogger - INFO - adding test case TC62569 to test set TS44553
2020-03-08 23:27:07,695 - mylogger - INFO - adding test case TC62570 to test set TS44553
2020-03-08 23:27:10,399 - mylogger - INFO - adding test case TC62572 to test set TS44553
2020-03-08 23:27:13,020 - mylogger - INFO - adding test case TC62522 to test set TS44552
2020-03-08 23:27:14,970 - mylogger - INFO - adding test case TC62523 to test set TS44552
2020-03-08 23:27:17,737 - mylogger - INFO - adding test case TC62524 to test set TS44552
2020-03-08 23:27:19,778 - mylogger - INFO - adding test case TC62544 to test set TS44552
2020-03-08 23:27:21,928 - mylogger - INFO - adding test case TC62527 to test set TS44552
2020-03-08 23:27:24,591 - mylogger - INFO - adding test case TC62530 to test set TS44552
2020-03-08 23:27:27,270 - mylogger - INFO - adding test case TC62532 to test set TS44552
2020-03-08 23:27:29,919 - mylogger - INFO - adding test case TC62551 to test set TS44553
2020-03-08 23:27:31,912 - mylogger - INFO - adding test case TC62553 to test set TS44553
2020-03-08 23:27:34,006 - mylogger - INFO - adding test case TC62565 to test set TS44553
2020-03-08 23:27:35,902 - mylogger - INFO - adding test case TC62525 to test set TS44552
2020-03-08 23:27:37,958 - mylogger - INFO - adding test case TC62535 to test set TS44552
2020-03-08 23:27:39,874 - mylogger - INFO - adding test case TC62542 to test set TS44552
2020-03-08 23:27:41,900 - mylogger - INFO - adding test case TC62531 to test set TS44552
2020-03-08 23:27:43,948 - mylogger - INFO - adding test case TC62552 to test set TS44553
2020-03-08 23:27:45,997 - mylogger - INFO - adding test case TC62556 to test set TS44553
2020-03-08 23:27:48,034 - mylogger - INFO - adding test case TC62557 to test set TS44553
2020-03-08 23:27:50,037 - mylogger - INFO - adding test case TC62560 to test set TS44553
2020-03-08 23:27:53,369 - mylogger - INFO - adding test case TC62571 to test set TS44553
2020-03-08 23:27:55,388 - mylogger - INFO - adding test case TC62573 to test set TS44553
2020-03-08 23:27:57,323 - mylogger - INFO - adding test case TC62509 to test set TS44552
2020-03-08 23:27:59,871 - mylogger - INFO - adding test case TC62510 to test set TS44552
2020-03-08 23:28:01,865 - mylogger - INFO - adding test case TC62511 to test set TS44552
2020-03-08 23:28:05,069 - mylogger - INFO - adding test case TC62526 to test set TS44552
2020-03-08 23:28:06,950 - mylogger - INFO - adding test case TC62540 to test set TS44552
2020-03-08 23:28:09,648 - mylogger - INFO - adding test case TC62529 to test set TS44552
2020-03-08 23:28:11,696 - mylogger - INFO - adding test case TC62548 to test set TS44552
2020-03-08 23:28:13,642 - mylogger - INFO - adding test case TC62558 to test set TS44553
2020-03-08 23:28:16,303 - mylogger - INFO - adding test case TC62561 to test set TS44553
2020-03-08 23:28:18,193 - mylogger - INFO - adding test case TC62567 to test set TS44553
2020-03-08 23:28:20,403 - mylogger - INFO - adding test case TC62520 to test set TS44552
2020-03-08 23:28:23,164 - mylogger - INFO - adding test case TC62536 to test set TS44552
2020-03-08 23:28:25,111 - mylogger - INFO - adding test case TC62538 to test set TS44552
2020-03-08 23:28:27,355 - mylogger - INFO - adding test case TC62539 to test set TS44552
2020-03-08 23:28:30,025 - mylogger - INFO - adding test case TC62543 to test set TS44552
2020-03-08 23:28:32,074 - mylogger - INFO - adding test case TC62533 to test set TS44552
2020-03-08 23:28:34,634 - mylogger - INFO - adding test case TC62555 to test set TS44553
2020-03-08 23:28:36,981 - mylogger - INFO - adding test case TC62562 to test set TS44553
2020-03-08 23:28:39,035 - mylogger - INFO - adding test case TC62574 to test set TS44553
2020-03-18 19:01:02,970 - mylogger - ERROR - Fail to add test case TC62458 to test set US212804: name 'testcasesList' is not defined
2020-03-18 19:01:03,883 - mylogger - ERROR - Fail to add test case TC62509 to test set US212804: name 'testcasesList' is not defined
2020-03-18 19:01:04,900 - mylogger - ERROR - Fail to add test case TC62510 to test set US212804: name 'testcasesList' is not defined
2020-03-18 19:01:07,235 - mylogger - ERROR - Fail to add test case TC62511 to test set US212804: name 'testcasesList' is not defined
2020-03-18 19:01:08,157 - mylogger - ERROR - Fail to add test case TC62513 to test set US212804: name 'testcasesList' is not defined
2020-03-18 19:01:09,411 - mylogger - ERROR - Fail to add test case TC62514 to test set US212804: name 'testcasesList' is not defined
2020-03-18 19:01:10,428 - mylogger - ERROR - Fail to add test case TC62515 to test set US212804: name 'testcasesList' is not defined
2020-03-18 19:01:12,099 - mylogger - ERROR - Fail to add test case TC62516 to test set US212804: name 'testcasesList' is not defined
2020-03-18 19:01:13,444 - mylogger - ERROR - Fail to add test case TC62518 to test set US212804: name 'testcasesList' is not defined
2020-03-18 19:01:14,624 - mylogger - ERROR - Fail to add test case TC62520 to test set US212804: name 'testcasesList' is not defined
2020-03-18 19:01:15,855 - mylogger - ERROR - Fail to add test case TC62521 to test set US212804: name 'testcasesList' is not defined
2020-03-18 19:01:16,768 - mylogger - ERROR - Fail to add test case TC62522 to test set US212804: name 'testcasesList' is not defined
2020-03-18 19:01:17,629 - mylogger - ERROR - Fail to add test case TC62524 to test set US212804: name 'testcasesList' is not defined
2020-03-18 19:01:18,659 - mylogger - ERROR - Fail to add test case TC62525 to test set US212804: name 'testcasesList' is not defined
2020-03-18 19:01:19,722 - mylogger - ERROR - Fail to add test case TC62526 to test set US212804: name 'testcasesList' is not defined
2020-03-18 19:01:21,205 - mylogger - ERROR - Fail to add test case TC62527 to test set US212804: name 'testcasesList' is not defined
2020-03-18 19:01:22,062 - mylogger - ERROR - Fail to add test case TC62529 to test set US212804: name 'testcasesList' is not defined
2020-03-18 19:01:22,943 - mylogger - ERROR - Fail to add test case TC62530 to test set US212804: name 'testcasesList' is not defined
2020-03-18 19:01:23,934 - mylogger - ERROR - Fail to add test case TC62531 to test set US212804: name 'testcasesList' is not defined
2020-03-18 19:01:24,830 - mylogger - ERROR - Fail to add test case TC62532 to test set US212804: name 'testcasesList' is not defined
2020-03-18 19:01:25,691 - mylogger - ERROR - Fail to add test case TC62534 to test set US212804: name 'testcasesList' is not defined
2020-03-18 19:01:26,543 - mylogger - ERROR - Fail to add test case TC62535 to test set US212804: name 'testcasesList' is not defined
2020-03-18 19:01:27,616 - mylogger - ERROR - Fail to add test case TC62536 to test set US212804: name 'testcasesList' is not defined
2020-03-18 19:01:28,640 - mylogger - ERROR - Fail to add test case TC62537 to test set US212804: name 'testcasesList' is not defined
2020-03-18 19:01:30,288 - mylogger - ERROR - Fail to add test case TC62539 to test set US212804: name 'testcasesList' is not defined
2020-03-18 19:01:31,794 - mylogger - ERROR - Fail to add test case TC62540 to test set US212804: name 'testcasesList' is not defined
2020-03-18 19:01:33,357 - mylogger - ERROR - Fail to add test case TC62541 to test set US212804: name 'testcasesList' is not defined
2020-03-18 19:01:34,323 - mylogger - ERROR - Fail to add test case TC62542 to test set US212804: name 'testcasesList' is not defined
2020-03-18 19:01:35,211 - mylogger - ERROR - Fail to add test case TC62544 to test set US212804: name 'testcasesList' is not defined
2020-03-18 19:01:36,749 - mylogger - ERROR - Fail to add test case TC62545 to test set US212804: name 'testcasesList' is not defined
2020-03-18 19:01:38,377 - mylogger - ERROR - Fail to add test case TC62546 to test set US212804: name 'testcasesList' is not defined
2020-03-18 19:01:39,492 - mylogger - ERROR - Fail to add test case TC62547 to test set US212804: name 'testcasesList' is not defined
2020-03-18 19:01:40,877 - mylogger - ERROR - Fail to add test case TC62549 to test set US212804: name 'testcasesList' is not defined
2020-03-18 19:01:41,993 - mylogger - ERROR - Fail to add test case TC62550 to test set US212804: name 'testcasesList' is not defined
2020-03-18 19:01:42,852 - mylogger - ERROR - Fail to add test case TC62551 to test set US212804: name 'testcasesList' is not defined
2020-03-18 19:01:43,984 - mylogger - ERROR - Fail to add test case TC62552 to test set US212804: name 'testcasesList' is not defined
2020-03-18 19:01:45,434 - mylogger - ERROR - Fail to add test case TC62554 to test set US212804: name 'testcasesList' is not defined
2020-03-18 19:01:46,661 - mylogger - ERROR - Fail to add test case TC62555 to test set US212804: name 'testcasesList' is not defined
2020-03-18 19:01:47,623 - mylogger - ERROR - Fail to add test case TC62556 to test set US212804: name 'testcasesList' is not defined
2020-03-18 19:01:48,671 - mylogger - ERROR - Fail to add test case TC62557 to test set US212804: name 'testcasesList' is not defined
2020-03-18 19:01:50,181 - mylogger - ERROR - Fail to add test case TC62559 to test set US212804: name 'testcasesList' is not defined
2020-03-18 19:01:51,117 - mylogger - ERROR - Fail to add test case TC62560 to test set US212804: name 'testcasesList' is not defined
2020-03-18 19:01:53,010 - mylogger - ERROR - Fail to add test case TC62561 to test set US212804: name 'testcasesList' is not defined
2020-03-18 19:05:28,004 - mylogger - ERROR - Fail to add test case TC62458 to test set US212804: name 'testcasesList' is not defined
2020-03-18 19:06:35,740 - mylogger - ERROR - Fail to add test case TC62458 to test set US212804: 'str' object has no attribute 'FormattedID'
2020-03-18 19:06:38,326 - mylogger - ERROR - Fail to add test case TC62509 to test set US212804: 'str' object has no attribute 'FormattedID'
2020-03-18 19:06:39,841 - mylogger - ERROR - Fail to add test case TC62510 to test set US212804: 'str' object has no attribute 'FormattedID'
2020-03-18 19:06:41,711 - mylogger - ERROR - Fail to add test case TC62511 to test set US212804: 'str' object has no attribute 'FormattedID'
2020-03-18 19:06:43,321 - mylogger - ERROR - Fail to add test case TC62513 to test set US212804: 'str' object has no attribute 'FormattedID'
2020-03-18 19:06:44,853 - mylogger - ERROR - Fail to add test case TC62514 to test set US212804: 'str' object has no attribute 'FormattedID'
2020-03-18 19:06:46,490 - mylogger - ERROR - Fail to add test case TC62515 to test set US212804: 'str' object has no attribute 'FormattedID'
2020-03-18 19:06:48,845 - mylogger - ERROR - Fail to add test case TC62516 to test set US212804: 'str' object has no attribute 'FormattedID'
2020-03-18 19:06:50,494 - mylogger - ERROR - Fail to add test case TC62518 to test set US212804: 'str' object has no attribute 'FormattedID'
2020-03-18 19:06:52,032 - mylogger - ERROR - Fail to add test case TC62520 to test set US212804: 'str' object has no attribute 'FormattedID'
2020-03-18 19:06:54,068 - mylogger - ERROR - Fail to add test case TC62521 to test set US212804: 'str' object has no attribute 'FormattedID'
2020-03-18 19:06:55,812 - mylogger - ERROR - Fail to add test case TC62522 to test set US212804: 'str' object has no attribute 'FormattedID'
2020-03-18 19:06:57,578 - mylogger - ERROR - Fail to add test case TC62524 to test set US212804: 'str' object has no attribute 'FormattedID'
2020-03-18 19:06:59,698 - mylogger - ERROR - Fail to add test case TC62525 to test set US212804: 'str' object has no attribute 'FormattedID'
2020-03-18 19:07:01,543 - mylogger - ERROR - Fail to add test case TC62526 to test set US212804: 'str' object has no attribute 'FormattedID'
2020-03-18 19:07:03,935 - mylogger - ERROR - Fail to add test case TC62527 to test set US212804: 'str' object has no attribute 'FormattedID'
2020-03-18 19:07:05,551 - mylogger - ERROR - Fail to add test case TC62529 to test set US212804: 'str' object has no attribute 'FormattedID'
2020-03-18 19:10:51,968 - mylogger - ERROR - Fail to add test case TC62458 to test set US212804: 'str' object has no attribute 'FormattedID'
2020-03-18 19:10:53,291 - mylogger - ERROR - Fail to add test case TC62509 to test set US212804: 'str' object has no attribute 'FormattedID'
2020-03-18 19:10:54,946 - mylogger - ERROR - Fail to add test case TC62510 to test set US212804: 'str' object has no attribute 'FormattedID'
2020-03-18 19:10:56,408 - mylogger - ERROR - Fail to add test case TC62511 to test set US212804: 'str' object has no attribute 'FormattedID'
2020-03-18 19:10:58,090 - mylogger - ERROR - Fail to add test case TC62513 to test set US212804: 'str' object has no attribute 'FormattedID'
2020-03-18 19:10:59,461 - mylogger - ERROR - Fail to add test case TC62514 to test set US212804: 'str' object has no attribute 'FormattedID'
2020-03-18 19:11:01,066 - mylogger - ERROR - Fail to add test case TC62515 to test set US212804: 'str' object has no attribute 'FormattedID'
2020-03-18 19:11:02,631 - mylogger - ERROR - Fail to add test case TC62516 to test set US212804: 'str' object has no attribute 'FormattedID'
2020-03-18 19:11:04,673 - mylogger - ERROR - Fail to add test case TC62518 to test set US212804: 'str' object has no attribute 'FormattedID'
2020-03-18 19:11:05,977 - mylogger - ERROR - Fail to add test case TC62520 to test set US212804: 'str' object has no attribute 'FormattedID'
2020-03-18 19:11:07,387 - mylogger - ERROR - Fail to add test case TC62521 to test set US212804: 'str' object has no attribute 'FormattedID'
2020-03-18 19:11:08,775 - mylogger - ERROR - Fail to add test case TC62522 to test set US212804: 'str' object has no attribute 'FormattedID'
2020-03-18 19:11:10,313 - mylogger - ERROR - Fail to add test case TC62524 to test set US212804: 'str' object has no attribute 'FormattedID'
2020-03-18 19:11:11,916 - mylogger - ERROR - Fail to add test case TC62525 to test set US212804: 'str' object has no attribute 'FormattedID'
2020-03-18 19:11:13,458 - mylogger - ERROR - Fail to add test case TC62526 to test set US212804: 'str' object has no attribute 'FormattedID'
2020-03-18 19:11:14,962 - mylogger - ERROR - Fail to add test case TC62527 to test set US212804: 'str' object has no attribute 'FormattedID'
2020-03-18 19:11:16,421 - mylogger - ERROR - Fail to add test case TC62529 to test set US212804: 'str' object has no attribute 'FormattedID'
2020-03-18 19:11:18,290 - mylogger - ERROR - Fail to add test case TC62530 to test set US212804: 'str' object has no attribute 'FormattedID'
2020-03-18 19:11:20,630 - mylogger - ERROR - Fail to add test case TC62531 to test set US212804: 'str' object has no attribute 'FormattedID'
2020-03-18 19:11:22,262 - mylogger - ERROR - Fail to add test case TC62532 to test set US212804: 'str' object has no attribute 'FormattedID'
2020-03-18 19:11:24,626 - mylogger - ERROR - Fail to add test case TC62534 to test set US212804: 'str' object has no attribute 'FormattedID'
2020-03-18 19:11:26,353 - mylogger - ERROR - Fail to add test case TC62535 to test set US212804: 'str' object has no attribute 'FormattedID'
2020-03-18 19:11:27,995 - mylogger - ERROR - Fail to add test case TC62536 to test set US212804: 'str' object has no attribute 'FormattedID'
2020-03-18 19:11:30,257 - mylogger - ERROR - Fail to add test case TC62537 to test set US212804: 'str' object has no attribute 'FormattedID'
2020-03-18 19:11:32,086 - mylogger - ERROR - Fail to add test case TC62539 to test set US212804: 'str' object has no attribute 'FormattedID'
2020-03-18 19:11:33,876 - mylogger - ERROR - Fail to add test case TC62540 to test set US212804: 'str' object has no attribute 'FormattedID'
2020-03-18 19:11:35,775 - mylogger - ERROR - Fail to add test case TC62541 to test set US212804: 'str' object has no attribute 'FormattedID'
2020-03-18 19:11:38,961 - mylogger - ERROR - Fail to add test case TC62542 to test set US212804: 'str' object has no attribute 'FormattedID'
2020-03-18 19:11:40,807 - mylogger - ERROR - Fail to add test case TC62544 to test set US212804: 'str' object has no attribute 'FormattedID'
2020-03-18 19:11:42,482 - mylogger - ERROR - Fail to add test case TC62545 to test set US212804: 'str' object has no attribute 'FormattedID'
2020-03-18 19:11:44,821 - mylogger - ERROR - Fail to add test case TC62546 to test set US212804: 'str' object has no attribute 'FormattedID'
2020-03-18 19:11:47,242 - mylogger - ERROR - Fail to add test case TC62547 to test set US212804: 'str' object has no attribute 'FormattedID'
2020-03-18 19:11:49,651 - mylogger - ERROR - Fail to add test case TC62549 to test set US212804: 'str' object has no attribute 'FormattedID'
2020-03-18 19:11:51,444 - mylogger - ERROR - Fail to add test case TC62550 to test set US212804: 'str' object has no attribute 'FormattedID'
2020-03-18 19:11:53,183 - mylogger - ERROR - Fail to add test case TC62551 to test set US212804: 'str' object has no attribute 'FormattedID'
2020-03-18 19:11:55,026 - mylogger - ERROR - Fail to add test case TC62552 to test set US212804: 'str' object has no attribute 'FormattedID'
2020-03-18 19:11:56,779 - mylogger - ERROR - Fail to add test case TC62554 to test set US212804: 'str' object has no attribute 'FormattedID'
2020-03-18 19:11:58,710 - mylogger - ERROR - Fail to add test case TC62555 to test set US212804: 'str' object has no attribute 'FormattedID'
2020-03-18 19:12:00,721 - mylogger - ERROR - Fail to add test case TC62556 to test set US212804: 'str' object has no attribute 'FormattedID'
2020-03-18 19:12:02,612 - mylogger - ERROR - Fail to add test case TC62557 to test set US212804: 'str' object has no attribute 'FormattedID'
2020-03-18 19:12:04,549 - mylogger - ERROR - Fail to add test case TC62559 to test set US212804: 'str' object has no attribute 'FormattedID'
2020-03-18 19:12:06,317 - mylogger - ERROR - Fail to add test case TC62560 to test set US212804: 'str' object has no attribute 'FormattedID'
2020-03-18 19:12:08,264 - mylogger - ERROR - Fail to add test case TC62561 to test set US212804: 'str' object has no attribute 'FormattedID'
2020-03-18 19:12:10,501 - mylogger - ERROR - Fail to add test case TC62562 to test set US212804: 'str' object has no attribute 'FormattedID'
2020-03-18 19:12:13,062 - mylogger - ERROR - Fail to add test case TC62564 to test set US212804: 'str' object has no attribute 'FormattedID'
2020-03-18 19:12:14,729 - mylogger - ERROR - Fail to add test case TC62565 to test set US212804: 'str' object has no attribute 'FormattedID'
2020-03-18 19:12:17,144 - mylogger - ERROR - Fail to add test case TC62566 to test set US212804: 'str' object has no attribute 'FormattedID'
2020-03-18 19:12:19,011 - mylogger - ERROR - Fail to add test case TC62567 to test set US212804: 'str' object has no attribute 'FormattedID'
2020-03-18 19:12:20,835 - mylogger - ERROR - Fail to add test case TC62569 to test set US212804: 'str' object has no attribute 'FormattedID'
2020-03-18 19:12:23,193 - mylogger - ERROR - Fail to add test case TC62570 to test set US212804: 'str' object has no attribute 'FormattedID'
2020-03-18 19:12:24,770 - mylogger - ERROR - Fail to add test case TC62571 to test set US212804: 'str' object has no attribute 'FormattedID'
2020-03-18 19:12:26,624 - mylogger - ERROR - Fail to add test case TC62572 to test set US212804: 'str' object has no attribute 'FormattedID'
2020-03-18 19:12:28,611 - mylogger - ERROR - Fail to add test case TC62574 to test set US212804: 'str' object has no attribute 'FormattedID'
2020-03-18 19:12:30,357 - mylogger - ERROR - Fail to add test case TC62640 to test set US212804: 'str' object has no attribute 'FormattedID'
2020-03-18 19:12:33,963 - mylogger - ERROR - Fail to add test case TC62740 to test set US212804: 'str' object has no attribute 'FormattedID'
2020-03-18 19:12:36,297 - mylogger - ERROR - Fail to add test case TC62741 to test set US212804: 'str' object has no attribute 'FormattedID'
2020-03-18 19:12:38,006 - mylogger - ERROR - Fail to add test case TC62742 to test set US212804: 'str' object has no attribute 'FormattedID'
2020-03-18 19:12:39,629 - mylogger - ERROR - Fail to add test case TC62743 to test set US212804: 'str' object has no attribute 'FormattedID'
2020-03-18 19:12:42,640 - mylogger - ERROR - Fail to add test case TC62744 to test set US212804: 'str' object has no attribute 'FormattedID'
2020-03-18 19:12:44,912 - mylogger - ERROR - Fail to add test case TC62745 to test set US212804: 'str' object has no attribute 'FormattedID'
2020-03-18 19:12:46,635 - mylogger - ERROR - Fail to add test case TC63465 to test set US212804: 'str' object has no attribute 'FormattedID'
2020-03-18 19:12:49,126 - mylogger - ERROR - Fail to add test case TC63466 to test set US212804: 'str' object has no attribute 'FormattedID'
2020-03-18 19:12:50,923 - mylogger - ERROR - Fail to add test case TC63467 to test set US212804: 'str' object has no attribute 'FormattedID'
2020-03-18 19:12:52,574 - mylogger - ERROR - Fail to add test case TC63474 to test set US212804: 'str' object has no attribute 'FormattedID'
2020-03-18 19:12:54,314 - mylogger - ERROR - Fail to add test case TC63475 to test set US212804: 'str' object has no attribute 'FormattedID'
2020-03-18 19:12:56,055 - mylogger - ERROR - Fail to add test case TC63476 to test set US212804: 'str' object has no attribute 'FormattedID'
2020-03-18 19:12:57,733 - mylogger - ERROR - Fail to add test case TC63477 to test set US212804: 'str' object has no attribute 'FormattedID'
2020-03-18 19:13:00,079 - mylogger - ERROR - Fail to add test case TC63481 to test set US212804: 'str' object has no attribute 'FormattedID'
2020-03-18 19:13:01,902 - mylogger - ERROR - Fail to add test case TC63482 to test set US212804: 'str' object has no attribute 'FormattedID'
2020-03-18 19:13:03,692 - mylogger - ERROR - Fail to add test case TC63483 to test set US212804: 'str' object has no attribute 'FormattedID'
2020-03-18 19:13:06,151 - mylogger - ERROR - Fail to add test case TC63484 to test set US212804: 'str' object has no attribute 'FormattedID'
2020-03-23 11:11:42,204 - mylogger - INFO - adding test case TC53509 to test set TS42221
2020-03-23 11:11:44,966 - mylogger - INFO - adding test case TC53510 to test set TS42221
2020-03-23 11:11:47,472 - mylogger - INFO - adding test case TC53728 to test set TS42221
2020-03-23 11:11:49,985 - mylogger - INFO - adding test case TC53729 to test set TS42221
2020-03-23 11:11:52,544 - mylogger - INFO - adding test case TC53733 to test set TS42221
2020-03-23 11:11:54,839 - mylogger - INFO - adding test case TC53735 to test set TS42221
2020-03-23 11:11:56,844 - mylogger - INFO - adding test case TC53736 to test set TS42221
2020-03-23 11:11:58,940 - mylogger - INFO - adding test case TC54348 to test set TS42221
2020-03-23 11:12:00,839 - mylogger - INFO - adding test case TC54349 to test set TS42221
2020-03-23 11:12:02,843 - mylogger - INFO - adding test case TC54350 to test set TS42221
2020-03-23 11:12:04,935 - mylogger - INFO - adding test case TC54351 to test set TS42221
2020-03-23 11:12:06,757 - mylogger - INFO - adding test case TC54352 to test set TS42221
2020-03-23 11:12:08,723 - mylogger - INFO - adding test case TC54418 to test set TS42221
2020-03-23 11:12:11,179 - mylogger - INFO - adding test case TC54419 to test set TS42221
2020-03-23 11:12:13,231 - mylogger - INFO - adding test case TC54459 to test set TS42221
2020-03-23 11:12:15,103 - mylogger - INFO - adding test case TC59693 to test set TS42221
2020-03-23 11:12:17,023 - mylogger - INFO - adding test case TC59694 to test set TS42221
2020-03-23 11:12:19,170 - mylogger - INFO - adding test case TC59695 to test set TS42221
2020-03-23 11:12:20,987 - mylogger - INFO - adding test case TC59696 to test set TS42221
2020-03-23 11:12:22,963 - mylogger - INFO - adding test case TC59769 to test set TS42221
2020-03-23 11:12:25,007 - mylogger - INFO - adding test case TC60182 to test set TS42221
2020-03-23 11:12:27,156 - mylogger - INFO - adding test case TC63577 to test set TS42221
2020-03-23 11:12:30,433 - mylogger - INFO - adding test case TC31832 to test set TS42221
2020-03-23 11:12:33,112 - mylogger - INFO - adding test case TC27947 to test set TS42221
2020-03-23 11:12:35,492 - mylogger - INFO - adding test case TC18968 to test set TS42221
2020-03-23 11:12:37,292 - mylogger - INFO - adding test case TC7827 to test set TS42221
2020-03-24 16:24:58,955 - mylogger - ERROR - Fail to add test case TC63659 to test set US260622: 'str' object has no attribute 'FormattedID'
2020-03-24 16:25:02,188 - mylogger - ERROR - Fail to add test case TC63960 to test set US260622: 'str' object has no attribute 'FormattedID'
2020-03-24 16:25:04,978 - mylogger - ERROR - Fail to add test case TC63961 to test set US260622: 'str' object has no attribute 'FormattedID'
2020-03-24 16:25:07,886 - mylogger - ERROR - Fail to add test case TC63962 to test set US260622: 'str' object has no attribute 'FormattedID'
2020-03-24 16:25:10,359 - mylogger - ERROR - Fail to add test case TC63965 to test set US260622: 'str' object has no attribute 'FormattedID'
2020-03-24 16:25:12,675 - mylogger - ERROR - Fail to add test case TC63966 to test set US260622: 'str' object has no attribute 'FormattedID'
2020-03-24 16:25:14,932 - mylogger - ERROR - Fail to add test case TC63967 to test set US260622: 'str' object has no attribute 'FormattedID'
2020-03-24 16:25:17,388 - mylogger - ERROR - Fail to add test case TC63963 to test set US260622: 'str' object has no attribute 'FormattedID'
2020-03-24 16:25:19,949 - mylogger - ERROR - Fail to add test case TC63964 to test set US260622: 'str' object has no attribute 'FormattedID'
2020-03-24 16:34:47,284 - mylogger - INFO - adding test case TC63659 to test set TS46379
2020-03-24 16:34:49,544 - mylogger - INFO - adding test case TC63960 to test set TS46379
2020-03-24 16:34:51,785 - mylogger - INFO - adding test case TC63961 to test set TS46379
2020-03-24 16:34:54,016 - mylogger - INFO - adding test case TC63962 to test set TS46379
2020-03-24 16:34:56,779 - mylogger - INFO - adding test case TC63963 to test set TS46380
2020-03-24 16:34:59,532 - mylogger - INFO - adding test case TC63964 to test set TS46381
2020-03-24 16:35:01,717 - mylogger - INFO - adding test case TC63965 to test set TS46379
2020-03-24 16:35:03,947 - mylogger - INFO - adding test case TC63966 to test set TS46379
2020-03-24 16:35:07,333 - mylogger - INFO - adding test case TC63967 to test set TS46379
2020-04-09 18:36:56,122 - mylogger - INFO - adding test case TC63659 to test set TS46999
2020-04-09 18:36:59,195 - mylogger - INFO - adding test case TC63960 to test set TS46999
2020-04-09 18:37:01,086 - mylogger - INFO - adding test case TC63961 to test set TS46999
2020-04-09 18:37:03,220 - mylogger - INFO - adding test case TC63963 to test set TS46999
2020-04-09 18:37:05,081 - mylogger - INFO - adding test case TC63964 to test set TS46999
2020-04-09 18:37:07,128 - mylogger - INFO - adding test case TC63965 to test set TS46999
2020-04-09 18:37:09,075 - mylogger - INFO - adding test case TC63966 to test set TS46999
2020-04-09 18:37:12,199 - mylogger - INFO - adding test case TC63967 to test set TS46999
2020-04-09 18:38:31,500 - mylogger - INFO - adding test case TC62458 to test set TS46999
2020-04-09 18:38:33,956 - mylogger - INFO - adding test case TC62513 to test set TS46999
2020-04-09 18:38:35,730 - mylogger - INFO - adding test case TC62521 to test set TS46999
2020-04-09 18:38:37,715 - mylogger - INFO - adding test case TC62545 to test set TS46999
2020-04-09 18:38:40,305 - mylogger - INFO - adding test case TC62546 to test set TS46999
2020-04-09 18:38:42,148 - mylogger - INFO - adding test case TC62534 to test set TS46999
2020-04-09 18:38:44,095 - mylogger - INFO - adding test case TC62547 to test set TS46999
2020-04-09 18:38:46,552 - mylogger - INFO - adding test case TC62550 to test set TS46999
2020-04-09 18:38:48,395 - mylogger - INFO - adding test case TC62564 to test set TS46999
2020-04-09 18:38:50,344 - mylogger - INFO - adding test case TC62640 to test set TS46999
2020-04-09 18:38:52,286 - mylogger - INFO - adding test case TC62514 to test set TS46999
2020-04-09 18:38:54,203 - mylogger - INFO - adding test case TC62515 to test set TS46999
2020-04-09 18:38:56,076 - mylogger - INFO - adding test case TC62516 to test set TS46999
2020-04-09 18:38:57,844 - mylogger - INFO - adding test case TC62518 to test set TS46999
2020-04-09 18:38:59,648 - mylogger - INFO - adding test case TC62549 to test set TS46999
2020-04-09 18:39:02,836 - mylogger - INFO - adding test case TC62554 to test set TS46999
2020-04-09 18:39:04,752 - mylogger - INFO - adding test case TC62559 to test set TS46999
2020-04-09 18:39:06,568 - mylogger - INFO - adding test case TC62566 to test set TS46999
2020-04-09 18:39:08,466 - mylogger - INFO - adding test case TC62569 to test set TS46999
2020-04-09 18:39:11,129 - mylogger - INFO - adding test case TC62572 to test set TS46999
2020-04-09 18:39:13,048 - mylogger - INFO - adding test case TC62522 to test set TS46999
2020-04-09 18:39:15,619 - mylogger - INFO - adding test case TC62524 to test set TS46999
2020-04-09 18:39:17,477 - mylogger - INFO - adding test case TC62537 to test set TS46999
2020-04-09 18:39:19,526 - mylogger - INFO - adding test case TC62541 to test set TS46999
2020-04-09 18:39:21,368 - mylogger - INFO - adding test case TC62544 to test set TS46999
2020-04-09 18:39:23,928 - mylogger - INFO - adding test case TC62527 to test set TS46999
2020-04-09 18:39:25,772 - mylogger - INFO - adding test case TC62530 to test set TS46999
2020-04-09 18:39:27,719 - mylogger - INFO - adding test case TC62532 to test set TS46999
2020-04-09 18:39:30,276 - mylogger - INFO - adding test case TC62565 to test set TS46999
2020-04-09 18:39:32,327 - mylogger - INFO - adding test case TC62570 to test set TS46999
2020-04-09 18:39:34,987 - mylogger - INFO - adding test case TC62525 to test set TS46999
2020-04-09 18:39:37,547 - mylogger - INFO - adding test case TC62535 to test set TS46999
2020-04-09 18:39:39,494 - mylogger - INFO - adding test case TC62542 to test set TS46999
2020-04-09 18:39:41,746 - mylogger - INFO - adding test case TC62531 to test set TS46999
2020-04-09 18:39:43,796 - mylogger - INFO - adding test case TC62551 to test set TS46999
2020-04-09 18:39:45,740 - mylogger - INFO - adding test case TC62552 to test set TS46999
2020-04-09 18:39:47,621 - mylogger - INFO - adding test case TC62556 to test set TS46999
2020-04-09 18:39:49,531 - mylogger - INFO - adding test case TC62557 to test set TS46999
2020-04-09 18:39:51,371 - mylogger - INFO - adding test case TC62560 to test set TS46999
2020-04-09 18:39:53,354 - mylogger - INFO - adding test case TC62571 to test set TS46999
2020-04-09 18:39:55,674 - mylogger - INFO - adding test case TC62509 to test set TS46999
2020-04-09 18:39:58,166 - mylogger - INFO - adding test case TC62510 to test set TS46999
2020-04-09 18:40:00,179 - mylogger - INFO - adding test case TC62511 to test set TS46999
2020-04-09 18:40:02,656 - mylogger - INFO - adding test case TC62526 to test set TS46999
2020-04-09 18:40:04,585 - mylogger - INFO - adding test case TC62536 to test set TS46999
2020-04-09 18:40:08,283 - mylogger - INFO - adding test case TC62539 to test set TS46999
2020-04-09 18:40:10,215 - mylogger - INFO - adding test case TC62540 to test set TS46999
2020-04-09 18:40:11,964 - mylogger - INFO - adding test case TC62529 to test set TS46999
2020-04-09 18:40:14,608 - mylogger - INFO - adding test case TC62561 to test set TS46999
2020-04-09 18:40:17,074 - mylogger - INFO - adding test case TC62567 to test set TS46999
2020-04-09 18:40:18,969 - mylogger - INFO - adding test case TC62520 to test set TS46999
2020-04-09 18:40:21,477 - mylogger - INFO - adding test case TC62555 to test set TS46999
2020-04-09 18:40:23,322 - mylogger - INFO - adding test case TC62562 to test set TS46999
2020-04-09 18:40:25,266 - mylogger - INFO - adding test case TC62574 to test set TS46999
2020-04-09 18:40:27,038 - mylogger - INFO - adding test case TC63475 to test set TS46999
2020-04-09 18:40:29,059 - mylogger - INFO - adding test case TC63477 to test set TS46999
2020-04-09 18:40:31,002 - mylogger - INFO - adding test case TC63481 to test set TS46999
2020-04-09 18:40:33,087 - mylogger - INFO - adding test case TC63483 to test set TS46999
2020-04-09 18:40:34,996 - mylogger - INFO - adding test case TC64009 to test set TS46999
2020-04-09 18:40:36,854 - mylogger - INFO - adding test case TC64010 to test set TS46999
2020-04-09 18:40:38,783 - mylogger - INFO - adding test case TC62740 to test set TS46999
2020-04-09 18:40:40,626 - mylogger - INFO - adding test case TC62741 to test set TS46999
2020-04-09 18:40:42,393 - mylogger - INFO - adding test case TC62742 to test set TS46999
2020-04-09 18:40:44,240 - mylogger - INFO - adding test case TC62743 to test set TS46999
2020-04-09 18:40:46,144 - mylogger - INFO - adding test case TC62744 to test set TS46999
2020-04-09 18:40:47,901 - mylogger - INFO - adding test case TC63474 to test set TS46999
2020-04-09 18:40:50,355 - mylogger - INFO - adding test case TC63476 to test set TS46999
2020-04-09 18:40:52,300 - mylogger - INFO - adding test case TC63482 to test set TS46999
2020-04-09 18:40:54,315 - mylogger - INFO - adding test case TC63484 to test set TS46999
2020-05-13 15:18:18,255 - mylogger - ERROR - Fail to add test case TC63577 to test set TS43707: 'RallyRESTResponse' object has no attribute '_type'
2020-05-13 15:18:19,095 - mylogger - ERROR - Fail to add test case TC55747 to test set TS43707: 'RallyRESTResponse' object has no attribute '_type'
2020-05-13 15:18:19,905 - mylogger - ERROR - Fail to add test case TC59377 to test set TS43707: 'RallyRESTResponse' object has no attribute '_type'
2020-05-13 15:18:20,786 - mylogger - ERROR - Fail to add test case TC54418 to test set TS43707: 'RallyRESTResponse' object has no attribute '_type'
2020-05-13 15:18:21,795 - mylogger - ERROR - Fail to add test case TC53728 to test set TS43707: 'RallyRESTResponse' object has no attribute '_type'
2020-05-13 15:18:22,594 - mylogger - ERROR - Fail to add test case TC53735 to test set TS43707: 'RallyRESTResponse' object has no attribute '_type'
2020-05-13 15:18:23,541 - mylogger - ERROR - Fail to add test case TC53510 to test set TS43707: 'RallyRESTResponse' object has no attribute '_type'
2020-05-13 15:18:24,398 - mylogger - ERROR - Fail to add test case TC53733 to test set TS43707: 'RallyRESTResponse' object has no attribute '_type'
2020-05-13 15:18:25,195 - mylogger - ERROR - Fail to add test case TC54419 to test set TS43707: 'RallyRESTResponse' object has no attribute '_type'
2020-05-13 15:18:26,014 - mylogger - ERROR - Fail to add test case TC7805 to test set TS43707: 'RallyRESTResponse' object has no attribute '_type'
2020-05-13 15:18:26,804 - mylogger - ERROR - Fail to add test case TC53729 to test set TS43707: 'RallyRESTResponse' object has no attribute '_type'
2020-05-13 15:18:27,679 - mylogger - ERROR - Fail to add test case TC53736 to test set TS43707: 'RallyRESTResponse' object has no attribute '_type'
2020-05-13 15:18:28,600 - mylogger - ERROR - Fail to add test case TC53509 to test set TS43707: 'RallyRESTResponse' object has no attribute '_type'
2020-05-13 15:18:29,382 - mylogger - ERROR - Fail to add test case TC54459 to test set TS43707: 'RallyRESTResponse' object has no attribute '_type'
2020-05-13 15:18:30,195 - mylogger - ERROR - Fail to add test case TC54352 to test set TS43707: 'RallyRESTResponse' object has no attribute '_type'
2020-05-13 15:18:30,986 - mylogger - ERROR - Fail to add test case TC54351 to test set TS43707: 'RallyRESTResponse' object has no attribute '_type'
2020-05-13 15:18:31,791 - mylogger - ERROR - Fail to add test case TC54350 to test set TS43707: 'RallyRESTResponse' object has no attribute '_type'
2020-05-13 15:18:32,595 - mylogger - ERROR - Fail to add test case TC54349 to test set TS43707: 'RallyRESTResponse' object has no attribute '_type'
2020-05-13 15:18:33,717 - mylogger - ERROR - Fail to add test case TC54348 to test set TS43707: 'RallyRESTResponse' object has no attribute '_type'
2020-05-13 15:18:34,519 - mylogger - ERROR - Fail to add test case TC59696 to test set TS43707: 'RallyRESTResponse' object has no attribute '_type'
2020-05-13 15:18:35,359 - mylogger - ERROR - Fail to add test case TC59695 to test set TS43707: 'RallyRESTResponse' object has no attribute '_type'
2020-05-13 15:18:36,157 - mylogger - ERROR - Fail to add test case TC59694 to test set TS43707: 'RallyRESTResponse' object has no attribute '_type'
2020-05-13 15:18:36,946 - mylogger - ERROR - Fail to add test case TC59693 to test set TS43707: 'RallyRESTResponse' object has no attribute '_type'
2020-05-13 15:18:37,814 - mylogger - ERROR - Fail to add test case TC59769 to test set TS43707: 'RallyRESTResponse' object has no attribute '_type'
2020-05-13 15:18:38,604 - mylogger - ERROR - Fail to add test case TC59502 to test set TS43707: 'RallyRESTResponse' object has no attribute '_type'
2020-05-13 15:18:39,437 - mylogger - ERROR - Fail to add test case TC7838 to test set TS43707: 'RallyRESTResponse' object has no attribute '_type'
2020-05-13 15:18:40,270 - mylogger - ERROR - Fail to add test case TC7808 to test set TS43707: 'RallyRESTResponse' object has no attribute '_type'
2020-05-13 15:18:41,070 - mylogger - ERROR - Fail to add test case TC7804 to test set TS43707: 'RallyRESTResponse' object has no attribute '_type'
2020-05-13 15:19:30,661 - mylogger - ERROR - Fail to add test case TC63577 to test set TS43707: 'RallyRESTResponse' object has no attribute '_type'
2020-05-13 15:19:31,647 - mylogger - ERROR - Fail to add test case TC55747 to test set TS43707: 'RallyRESTResponse' object has no attribute '_type'
2020-05-13 15:19:32,445 - mylogger - ERROR - Fail to add test case TC59377 to test set TS43707: 'RallyRESTResponse' object has no attribute '_type'
2020-05-13 15:19:33,270 - mylogger - ERROR - Fail to add test case TC54418 to test set TS43707: 'RallyRESTResponse' object has no attribute '_type'
2020-05-13 15:19:34,055 - mylogger - ERROR - Fail to add test case TC53728 to test set TS43707: 'RallyRESTResponse' object has no attribute '_type'
2020-05-13 15:19:34,850 - mylogger - ERROR - Fail to add test case TC53735 to test set TS43707: 'RallyRESTResponse' object has no attribute '_type'
2020-05-13 15:19:35,675 - mylogger - ERROR - Fail to add test case TC53510 to test set TS43707: 'RallyRESTResponse' object has no attribute '_type'
2020-05-13 15:19:36,491 - mylogger - ERROR - Fail to add test case TC53733 to test set TS43707: 'RallyRESTResponse' object has no attribute '_type'
2020-05-13 15:19:37,306 - mylogger - ERROR - Fail to add test case TC54419 to test set TS43707: 'RallyRESTResponse' object has no attribute '_type'
2020-05-13 15:19:38,103 - mylogger - ERROR - Fail to add test case TC7805 to test set TS43707: 'RallyRESTResponse' object has no attribute '_type'
2020-05-13 15:19:38,896 - mylogger - ERROR - Fail to add test case TC53729 to test set TS43707: 'RallyRESTResponse' object has no attribute '_type'
2020-05-13 15:19:39,765 - mylogger - ERROR - Fail to add test case TC53736 to test set TS43707: 'RallyRESTResponse' object has no attribute '_type'
2020-05-13 15:19:40,798 - mylogger - ERROR - Fail to add test case TC53509 to test set TS43707: 'RallyRESTResponse' object has no attribute '_type'
2020-05-13 15:19:41,588 - mylogger - ERROR - Fail to add test case TC54459 to test set TS43707: 'RallyRESTResponse' object has no attribute '_type'
2020-05-13 15:19:42,394 - mylogger - ERROR - Fail to add test case TC54352 to test set TS43707: 'RallyRESTResponse' object has no attribute '_type'
2020-05-13 15:19:43,185 - mylogger - ERROR - Fail to add test case TC54351 to test set TS43707: 'RallyRESTResponse' object has no attribute '_type'
2020-05-13 15:19:43,979 - mylogger - ERROR - Fail to add test case TC54350 to test set TS43707: 'RallyRESTResponse' object has no attribute '_type'
2020-05-13 15:19:44,892 - mylogger - ERROR - Fail to add test case TC54349 to test set TS43707: 'RallyRESTResponse' object has no attribute '_type'
2020-05-13 15:19:45,784 - mylogger - ERROR - Fail to add test case TC54348 to test set TS43707: 'RallyRESTResponse' object has no attribute '_type'
2020-05-13 15:19:46,573 - mylogger - ERROR - Fail to add test case TC59696 to test set TS43707: 'RallyRESTResponse' object has no attribute '_type'
2020-05-13 15:19:47,365 - mylogger - ERROR - Fail to add test case TC59695 to test set TS43707: 'RallyRESTResponse' object has no attribute '_type'
2020-05-13 15:19:48,181 - mylogger - ERROR - Fail to add test case TC59694 to test set TS43707: 'RallyRESTResponse' object has no attribute '_type'
2020-05-13 15:19:48,980 - mylogger - ERROR - Fail to add test case TC59693 to test set TS43707: 'RallyRESTResponse' object has no attribute '_type'
2020-05-13 15:19:49,933 - mylogger - ERROR - Fail to add test case TC59769 to test set TS43707: 'RallyRESTResponse' object has no attribute '_type'
2020-05-13 15:19:50,735 - mylogger - ERROR - Fail to add test case TC59502 to test set TS43707: 'RallyRESTResponse' object has no attribute '_type'
2020-05-13 15:19:51,532 - mylogger - ERROR - Fail to add test case TC7838 to test set TS43707: 'RallyRESTResponse' object has no attribute '_type'
2020-05-13 15:19:52,355 - mylogger - ERROR - Fail to add test case TC7808 to test set TS43707: 'RallyRESTResponse' object has no attribute '_type'
2020-05-13 15:19:53,153 - mylogger - ERROR - Fail to add test case TC7804 to test set TS43707: 'RallyRESTResponse' object has no attribute '_type'
2020-05-13 15:22:32,455 - mylogger - ERROR - Fail to add test case TC63577 to test set TS43707: 'RallyRESTResponse' object has no attribute '_type'
2020-05-13 15:42:07,695 - mylogger - INFO - adding test case TC63577 to test set TS43706
2020-05-13 15:42:09,520 - mylogger - INFO - adding test case TC55747 to test set TS43706
2020-05-13 15:42:11,102 - mylogger - INFO - adding test case TC59377 to test set TS43706
2020-05-13 15:42:13,086 - mylogger - INFO - adding test case TC54418 to test set TS43706
2020-05-13 15:42:14,695 - mylogger - INFO - adding test case TC53728 to test set TS43706
2020-05-13 15:42:16,376 - mylogger - INFO - adding test case TC53735 to test set TS43706
2020-05-13 15:42:18,128 - mylogger - INFO - adding test case TC53510 to test set TS43706
2020-05-13 15:42:19,745 - mylogger - INFO - adding test case TC53733 to test set TS43706
2020-05-13 15:42:21,524 - mylogger - INFO - adding test case TC54419 to test set TS43706
2020-05-13 15:42:23,253 - mylogger - INFO - adding test case TC7805 to test set TS43706
2020-05-13 15:42:24,871 - mylogger - INFO - adding test case TC53729 to test set TS43706
2020-05-13 15:42:27,212 - mylogger - INFO - adding test case TC53736 to test set TS43706
2020-05-13 15:42:28,959 - mylogger - INFO - adding test case TC53509 to test set TS43706
2020-05-13 15:42:30,464 - mylogger - INFO - adding test case TC54459 to test set TS43706
2020-05-13 15:42:32,122 - mylogger - INFO - adding test case TC54352 to test set TS43706
2020-05-13 15:42:33,634 - mylogger - INFO - adding test case TC54351 to test set TS43706
2020-05-13 15:42:35,158 - mylogger - INFO - adding test case TC54350 to test set TS43706
2020-05-13 15:42:36,740 - mylogger - INFO - adding test case TC54349 to test set TS43706
2020-05-13 15:42:38,336 - mylogger - INFO - adding test case TC54348 to test set TS43706
2020-05-13 15:42:39,912 - mylogger - INFO - adding test case TC59696 to test set TS43706
2020-05-13 15:42:41,446 - mylogger - INFO - adding test case TC59695 to test set TS43706
2020-05-13 15:42:43,098 - mylogger - INFO - adding test case TC59694 to test set TS43706
2020-05-13 15:42:44,899 - mylogger - INFO - adding test case TC59693 to test set TS43706
2020-05-13 15:42:46,722 - mylogger - INFO - adding test case TC59769 to test set TS43706
2020-05-13 15:42:48,349 - mylogger - INFO - adding test case TC59502 to test set TS43706
2020-05-13 15:42:49,757 - mylogger - INFO - adding test case TC7838 to test set TS43706
2020-05-13 15:42:51,396 - mylogger - INFO - adding test case TC7808 to test set TS43706
2020-05-13 15:42:52,779 - mylogger - INFO - adding test case TC7804 to test set TS43706
2020-05-14 11:56:38,057 - mylogger - INFO - adding test case TC63577 to test set TS49284
2020-05-14 11:56:39,741 - mylogger - INFO - adding test case TC55747 to test set TS49284
2020-05-14 11:56:41,129 - mylogger - INFO - adding test case TC59377 to test set TS49284
2020-05-14 11:56:42,646 - mylogger - INFO - adding test case TC54418 to test set TS49284
2020-05-14 11:56:44,229 - mylogger - INFO - adding test case TC53728 to test set TS49284
2020-05-14 11:56:45,613 - mylogger - INFO - adding test case TC53735 to test set TS49284
2020-05-14 11:56:47,243 - mylogger - INFO - adding test case TC53510 to test set TS49284
2020-05-14 11:56:48,837 - mylogger - INFO - adding test case TC53733 to test set TS49284
2020-05-14 11:56:50,303 - mylogger - INFO - adding test case TC54419 to test set TS49284
2020-05-14 11:56:52,487 - mylogger - INFO - adding test case TC7805 to test set TS49284
2020-05-14 11:56:53,929 - mylogger - INFO - adding test case TC53729 to test set TS49284
2020-05-14 11:56:55,454 - mylogger - INFO - adding test case TC53736 to test set TS49284
2020-05-14 11:56:57,077 - mylogger - INFO - adding test case TC53509 to test set TS49284
2020-05-14 11:56:58,456 - mylogger - INFO - adding test case TC54459 to test set TS49284
2020-05-14 11:56:59,911 - mylogger - INFO - adding test case TC54352 to test set TS49284
2020-05-14 11:57:01,287 - mylogger - INFO - adding test case TC54351 to test set TS49284
2020-05-14 11:57:02,937 - mylogger - INFO - adding test case TC54350 to test set TS49284
2020-05-14 11:57:04,422 - mylogger - INFO - adding test case TC54349 to test set TS49284
2020-05-14 11:57:05,924 - mylogger - INFO - adding test case TC54348 to test set TS49284
2020-05-14 11:57:07,762 - mylogger - INFO - adding test case TC59696 to test set TS49284
2020-05-14 11:57:09,478 - mylogger - INFO - adding test case TC59695 to test set TS49284
2020-05-14 11:57:11,092 - mylogger - INFO - adding test case TC59694 to test set TS49284
2020-05-14 11:57:12,642 - mylogger - INFO - adding test case TC59693 to test set TS49284
2020-05-14 11:57:14,388 - mylogger - INFO - adding test case TC59769 to test set TS49284
2020-05-14 11:57:16,138 - mylogger - INFO - adding test case TC59502 to test set TS49284
2020-05-14 11:57:17,510 - mylogger - INFO - adding test case TC7838 to test set TS49284
2020-05-14 11:57:19,048 - mylogger - INFO - adding test case TC7808 to test set TS49284
2020-05-14 11:57:20,452 - mylogger - INFO - adding test case TC7804 to test set TS49284
2020-05-14 11:57:38,431 - mylogger - INFO - adding test case TC63577 to test set TS49286
2020-05-14 11:57:39,749 - mylogger - INFO - adding test case TC55747 to test set TS49286
2020-05-14 11:57:41,594 - mylogger - INFO - adding test case TC59377 to test set TS49286
2020-05-14 11:57:43,476 - mylogger - INFO - adding test case TC54418 to test set TS49286
2020-05-14 11:57:44,922 - mylogger - INFO - adding test case TC53728 to test set TS49286
2020-05-14 11:57:46,352 - mylogger - INFO - adding test case TC53735 to test set TS49286
2020-05-14 11:57:47,676 - mylogger - INFO - adding test case TC53510 to test set TS49286
2020-05-14 11:57:49,000 - mylogger - INFO - adding test case TC53733 to test set TS49286
2020-05-14 11:57:50,379 - mylogger - INFO - adding test case TC54419 to test set TS49286
2020-05-14 11:57:51,780 - mylogger - INFO - adding test case TC7805 to test set TS49286
2020-05-14 11:57:53,195 - mylogger - INFO - adding test case TC53729 to test set TS49286
2020-05-14 11:57:54,673 - mylogger - INFO - adding test case TC53736 to test set TS49286
2020-05-14 11:57:55,971 - mylogger - INFO - adding test case TC53509 to test set TS49286
2020-05-14 11:57:57,395 - mylogger - INFO - adding test case TC54459 to test set TS49286
2020-05-14 11:57:58,734 - mylogger - INFO - adding test case TC54352 to test set TS49286
2020-05-14 11:58:00,051 - mylogger - INFO - adding test case TC54351 to test set TS49286
2020-05-14 11:58:01,425 - mylogger - INFO - adding test case TC54350 to test set TS49286
2020-05-14 11:58:02,731 - mylogger - INFO - adding test case TC54349 to test set TS49286
2020-05-14 11:58:04,087 - mylogger - INFO - adding test case TC54348 to test set TS49286
2020-05-14 11:58:05,553 - mylogger - INFO - adding test case TC59696 to test set TS49286
2020-05-14 11:58:07,064 - mylogger - INFO - adding test case TC59695 to test set TS49286
2020-05-14 11:58:08,588 - mylogger - INFO - adding test case TC59694 to test set TS49286
2020-05-14 11:58:10,195 - mylogger - INFO - adding test case TC59693 to test set TS49286
2020-05-14 11:58:11,658 - mylogger - INFO - adding test case TC59769 to test set TS49286
2020-05-14 11:58:13,141 - mylogger - INFO - adding test case TC59502 to test set TS49286
2020-05-14 11:58:14,558 - mylogger - INFO - adding test case TC7838 to test set TS49286
2020-05-14 11:58:15,925 - mylogger - INFO - adding test case TC7808 to test set TS49286
2020-05-14 11:58:17,262 - mylogger - INFO - adding test case TC7804 to test set TS49286
2020-06-29 18:43:38,146 - mylogger - INFO - adding test case TC59693 to test set TS50722
2020-06-29 18:43:39,885 - mylogger - INFO - adding test case TC59769 to test set TS50722
2020-06-29 18:43:41,863 - mylogger - INFO - adding test case TC59694 to test set TS50722
2020-06-29 18:43:43,468 - mylogger - INFO - adding test case TC59695 to test set TS50722
2020-06-29 18:43:45,313 - mylogger - INFO - adding test case TC59696 to test set TS50722
2020-06-29 18:43:48,228 - mylogger - INFO - adding test case TC60209 to test set TS50722
2020-06-29 18:43:49,822 - mylogger - INFO - adding test case TC65769 to test set TS50722
2020-06-29 18:43:51,446 - mylogger - INFO - adding test case TC59693 to test set TS50722
2020-06-29 18:43:53,088 - mylogger - INFO - adding test case TC59769 to test set TS50722
2020-06-29 18:43:54,483 - mylogger - INFO - adding test case TC59694 to test set TS50722
2020-06-29 18:43:56,091 - mylogger - INFO - adding test case TC59695 to test set TS50722
2020-06-29 18:43:57,501 - mylogger - INFO - adding test case TC59696 to test set TS50722
2020-06-29 18:43:59,003 - mylogger - INFO - adding test case TC60209 to test set TS50722
2020-06-29 18:44:00,419 - mylogger - INFO - adding test case TC65769 to test set TS50722
2020-06-29 18:44:02,111 - mylogger - INFO - adding test case TC54459 to test set TS50722
2020-06-29 18:44:04,123 - mylogger - INFO - adding test case TC54350 to test set TS50722
2020-06-29 18:44:05,996 - mylogger - INFO - adding test case TC54352 to test set TS50722
2020-06-29 18:44:08,159 - mylogger - INFO - adding test case TC54348 to test set TS50722
2020-06-29 18:44:10,100 - mylogger - INFO - adding test case TC54349 to test set TS50722
2020-06-29 18:44:11,912 - mylogger - INFO - adding test case TC54351 to test set TS50722
2020-06-29 18:44:13,842 - mylogger - INFO - adding test case TC63577 to test set TS50722
2020-06-29 18:44:15,417 - mylogger - INFO - adding test case TC60432 to test set TS50722
2020-06-29 18:44:17,581 - mylogger - INFO - adding test case TC60439 to test set TS50722
2020-06-29 18:44:19,931 - mylogger - INFO - adding test case TC64740 to test set TS50722
2020-06-29 18:44:21,882 - mylogger - INFO - adding test case TC66575 to test set TS50722
2020-06-29 18:44:23,554 - mylogger - INFO - adding test case TC54459 to test set TS50722
2020-06-29 18:44:25,107 - mylogger - INFO - adding test case TC54350 to test set TS50722
2020-06-29 18:44:26,618 - mylogger - INFO - adding test case TC54352 to test set TS50722
2020-06-29 18:44:28,115 - mylogger - INFO - adding test case TC54348 to test set TS50722
2020-06-29 18:44:29,485 - mylogger - INFO - adding test case TC54349 to test set TS50722
2020-06-29 18:44:30,971 - mylogger - INFO - adding test case TC54351 to test set TS50722
2020-06-29 18:44:32,508 - mylogger - INFO - adding test case TC63577 to test set TS50722
2020-06-29 18:44:34,048 - mylogger - INFO - adding test case TC60432 to test set TS50722
2020-06-29 18:44:35,356 - mylogger - INFO - adding test case TC60439 to test set TS50722
2020-06-29 18:44:36,976 - mylogger - INFO - adding test case TC64740 to test set TS50722
2020-06-29 18:44:38,515 - mylogger - INFO - adding test case TC66575 to test set TS50722
2020-06-29 18:44:40,197 - mylogger - INFO - adding test case TC55417 to test set TS50722
2020-06-29 18:44:41,931 - mylogger - INFO - adding test case TC42270 to test set TS50722
2020-06-29 18:44:43,289 - mylogger - INFO - adding test case TC55417 to test set TS50722
2020-06-29 18:44:44,713 - mylogger - INFO - adding test case TC42270 to test set TS50722
2020-06-29 18:44:46,730 - mylogger - INFO - adding test case TC55747 to test set TS50722
2020-06-29 18:44:48,260 - mylogger - INFO - adding test case TC55747 to test set TS50722
2020-06-29 18:44:49,943 - mylogger - INFO - adding test case TC53509 to test set TS50722
2020-06-29 18:44:52,074 - mylogger - INFO - adding test case TC53728 to test set TS50722
2020-06-29 18:44:54,578 - mylogger - INFO - adding test case TC53735 to test set TS50722
2020-06-29 18:44:56,788 - mylogger - INFO - adding test case TC53733 to test set TS50722
2020-06-29 18:44:58,525 - mylogger - INFO - adding test case TC53510 to test set TS50722
2020-06-29 18:45:00,371 - mylogger - INFO - adding test case TC53729 to test set TS50722
2020-06-29 18:45:02,095 - mylogger - INFO - adding test case TC53736 to test set TS50722
2020-06-29 18:45:03,957 - mylogger - INFO - adding test case TC54418 to test set TS50722
2020-06-29 18:45:06,045 - mylogger - INFO - adding test case TC54419 to test set TS50722
2020-06-29 18:45:07,844 - mylogger - INFO - adding test case TC59377 to test set TS50722
2020-06-29 18:45:09,733 - mylogger - INFO - adding test case TC55380 to test set TS50722
2020-06-29 18:45:11,749 - mylogger - INFO - adding test case TC7805 to test set TS50722
2020-06-29 18:45:15,152 - mylogger - INFO - adding test case TC53509 to test set TS50722
2020-06-29 18:45:18,276 - mylogger - INFO - adding test case TC53728 to test set TS50722
2020-06-29 18:45:19,801 - mylogger - INFO - adding test case TC53735 to test set TS50722
2020-06-29 18:45:21,427 - mylogger - INFO - adding test case TC53733 to test set TS50722
2020-06-29 18:45:22,898 - mylogger - INFO - adding test case TC53510 to test set TS50722
2020-06-29 18:45:24,379 - mylogger - INFO - adding test case TC53729 to test set TS50722
2020-06-29 18:45:25,853 - mylogger - INFO - adding test case TC53736 to test set TS50722
2020-06-29 18:45:27,260 - mylogger - INFO - adding test case TC54418 to test set TS50722
2020-06-29 18:45:28,827 - mylogger - INFO - adding test case TC54419 to test set TS50722
2020-06-29 18:45:30,271 - mylogger - INFO - adding test case TC59377 to test set TS50722
2020-06-29 18:45:31,674 - mylogger - INFO - adding test case TC55380 to test set TS50722
2020-06-29 18:45:33,089 - mylogger - INFO - adding test case TC7805 to test set TS50722
2020-06-29 18:58:34,355 - mylogger - INFO - adding test case TC59693 to test set TS50770
2020-06-29 18:58:36,183 - mylogger - INFO - adding test case TC59769 to test set TS50770
2020-06-29 18:58:37,979 - mylogger - INFO - adding test case TC59694 to test set TS50770
2020-06-29 18:58:39,645 - mylogger - INFO - adding test case TC59695 to test set TS50770
2020-06-29 18:58:41,199 - mylogger - INFO - adding test case TC59696 to test set TS50770
2020-06-29 18:58:42,945 - mylogger - INFO - adding test case TC60209 to test set TS50770
2020-06-29 18:58:44,679 - mylogger - INFO - adding test case TC65769 to test set TS50770
2020-06-29 18:58:46,212 - mylogger - INFO - adding test case TC59693 to test set TS50770
2020-06-29 18:58:47,645 - mylogger - INFO - adding test case TC59769 to test set TS50770
2020-06-29 18:58:49,094 - mylogger - INFO - adding test case TC59694 to test set TS50770
2020-06-29 18:58:50,529 - mylogger - INFO - adding test case TC59695 to test set TS50770
2020-06-29 18:58:51,938 - mylogger - INFO - adding test case TC59696 to test set TS50770
2020-06-29 18:58:53,594 - mylogger - INFO - adding test case TC60209 to test set TS50770
2020-06-29 18:58:55,130 - mylogger - INFO - adding test case TC65769 to test set TS50770
2020-06-29 18:58:56,923 - mylogger - INFO - adding test case TC59649 to test set TS50770
2020-06-29 18:58:58,975 - mylogger - INFO - adding test case TC59650 to test set TS50770
2020-06-29 18:59:00,798 - mylogger - INFO - adding test case TC59651 to test set TS50770
2020-06-29 18:59:02,654 - mylogger - INFO - adding test case TC59652 to test set TS50770
2020-06-29 18:59:04,668 - mylogger - INFO - adding test case TC59653 to test set TS50770
2020-06-29 18:59:07,650 - mylogger - INFO - adding test case TC59654 to test set TS50770
2020-06-29 18:59:09,822 - mylogger - INFO - adding test case TC59655 to test set TS50770
2020-06-29 18:59:11,939 - mylogger - INFO - adding test case TC7805 to test set TS50770
2020-06-29 18:59:13,382 - mylogger - INFO - adding test case TC59649 to test set TS50770
2020-06-29 18:59:14,949 - mylogger - INFO - adding test case TC59650 to test set TS50770
2020-06-29 18:59:16,430 - mylogger - INFO - adding test case TC59651 to test set TS50770
2020-06-29 18:59:17,970 - mylogger - INFO - adding test case TC59652 to test set TS50770
2020-06-29 18:59:19,518 - mylogger - INFO - adding test case TC59653 to test set TS50770
2020-06-29 18:59:21,138 - mylogger - INFO - adding test case TC59654 to test set TS50770
2020-06-29 18:59:23,644 - mylogger - INFO - adding test case TC59655 to test set TS50770
2020-06-29 18:59:25,219 - mylogger - INFO - adding test case TC7805 to test set TS50770
2020-06-29 18:59:27,336 - mylogger - INFO - adding test case TC54459 to test set TS50770
2020-06-29 18:59:29,349 - mylogger - INFO - adding test case TC59758 to test set TS50770
2020-06-29 18:59:31,190 - mylogger - INFO - adding test case TC53368 to test set TS50770
2020-06-29 18:59:32,897 - mylogger - INFO - adding test case TC53383 to test set TS50770
2020-06-29 18:59:34,775 - mylogger - INFO - adding test case TC53384 to test set TS50770
2020-06-29 18:59:36,417 - mylogger - INFO - adding test case TC55448 to test set TS50770
2020-06-29 18:59:39,420 - mylogger - INFO - adding test case TC13088 to test set TS50770
2020-06-29 18:59:41,483 - mylogger - INFO - adding test case TC53476 to test set TS50770
2020-06-29 18:59:43,274 - mylogger - INFO - adding test case TC55419 to test set TS50770
2020-06-29 18:59:44,870 - mylogger - INFO - adding test case TC63779 to test set TS50770
2020-06-29 18:59:46,340 - mylogger - INFO - adding test case TC54459 to test set TS50770
2020-06-29 18:59:47,842 - mylogger - INFO - adding test case TC59758 to test set TS50770
2020-06-29 18:59:49,308 - mylogger - INFO - adding test case TC53368 to test set TS50770
2020-06-29 18:59:50,688 - mylogger - INFO - adding test case TC53383 to test set TS50770
2020-06-29 18:59:52,088 - mylogger - INFO - adding test case TC53384 to test set TS50770
2020-06-29 18:59:53,507 - mylogger - INFO - adding test case TC55448 to test set TS50770
2020-06-29 18:59:54,826 - mylogger - INFO - adding test case TC13088 to test set TS50770
2020-06-29 18:59:56,363 - mylogger - INFO - adding test case TC53476 to test set TS50770
2020-06-29 18:59:57,780 - mylogger - INFO - adding test case TC55419 to test set TS50770
2020-06-29 18:59:59,114 - mylogger - INFO - adding test case TC63779 to test set TS50770
2020-06-29 19:00:00,822 - mylogger - INFO - adding test case TC53509 to test set TS50770
2020-06-29 19:00:02,497 - mylogger - INFO - adding test case TC53728 to test set TS50770
2020-06-29 19:00:04,326 - mylogger - INFO - adding test case TC53735 to test set TS50770
2020-06-29 19:00:06,845 - mylogger - INFO - adding test case TC53733 to test set TS50770
2020-06-29 19:00:08,608 - mylogger - INFO - adding test case TC53510 to test set TS50770
2020-06-29 19:00:11,225 - mylogger - INFO - adding test case TC53729 to test set TS50770
2020-06-29 19:00:13,532 - mylogger - INFO - adding test case TC53736 to test set TS50770
2020-06-29 19:00:15,215 - mylogger - INFO - adding test case TC54418 to test set TS50770
2020-06-29 19:00:17,178 - mylogger - INFO - adding test case TC54419 to test set TS50770
2020-06-29 19:00:18,905 - mylogger - INFO - adding test case TC59377 to test set TS50770
2020-06-29 19:00:20,554 - mylogger - INFO - adding test case TC55380 to test set TS50770
2020-06-29 19:00:21,919 - mylogger - INFO - adding test case TC7805 to test set TS50770
2020-06-29 19:00:23,347 - mylogger - INFO - adding test case TC53509 to test set TS50770
2020-06-29 19:00:24,845 - mylogger - INFO - adding test case TC53728 to test set TS50770
2020-06-29 19:00:26,201 - mylogger - INFO - adding test case TC53735 to test set TS50770
2020-06-29 19:00:27,900 - mylogger - INFO - adding test case TC53733 to test set TS50770
2020-06-29 19:00:29,314 - mylogger - INFO - adding test case TC53510 to test set TS50770
2020-06-29 19:00:30,855 - mylogger - INFO - adding test case TC53729 to test set TS50770
2020-06-29 19:00:32,395 - mylogger - INFO - adding test case TC53736 to test set TS50770
2020-06-29 19:00:33,737 - mylogger - INFO - adding test case TC54418 to test set TS50770
2020-06-29 19:00:35,185 - mylogger - INFO - adding test case TC54419 to test set TS50770
2020-06-29 19:00:36,518 - mylogger - INFO - adding test case TC59377 to test set TS50770
2020-06-29 19:00:38,153 - mylogger - INFO - adding test case TC55380 to test set TS50770
2020-06-29 19:00:39,638 - mylogger - INFO - adding test case TC7805 to test set TS50770
2020-06-29 19:00:41,537 - mylogger - INFO - adding test case TC55747 to test set TS50770
2020-06-29 19:00:42,909 - mylogger - INFO - adding test case TC55747 to test set TS50770
2020-06-29 19:00:44,839 - mylogger - INFO - adding test case TC55417 to test set TS50770
2020-06-29 19:00:46,666 - mylogger - INFO - adding test case TC42270 to test set TS50770
2020-06-29 19:00:48,086 - mylogger - INFO - adding test case TC55417 to test set TS50770
2020-06-29 19:00:49,721 - mylogger - INFO - adding test case TC42270 to test set TS50770
2020-06-29 19:00:51,456 - mylogger - INFO - adding test case TC55384 to test set TS50770
2020-06-29 19:00:53,361 - mylogger - INFO - adding test case TC60213 to test set TS50770
2020-06-29 19:00:55,014 - mylogger - INFO - adding test case TC55405 to test set TS50770
2020-06-29 19:00:56,693 - mylogger - INFO - adding test case TC60220 to test set TS50770
2020-06-29 19:00:58,648 - mylogger - INFO - adding test case TC55411 to test set TS50770
2020-06-29 19:01:00,390 - mylogger - INFO - adding test case TC62740 to test set TS50770
2020-06-29 19:01:02,120 - mylogger - INFO - adding test case TC62743 to test set TS50770
2020-06-29 19:01:03,957 - mylogger - INFO - adding test case TC62744 to test set TS50770
2020-06-29 19:01:05,720 - mylogger - INFO - adding test case TC62742 to test set TS50770
2020-06-29 19:01:07,643 - mylogger - INFO - adding test case TC62741 to test set TS50770
2020-06-29 19:01:09,431 - mylogger - INFO - adding test case TC60217 to test set TS50770
2020-06-29 19:01:11,234 - mylogger - INFO - adding test case TC62196 to test set TS50770
2020-06-29 19:01:13,017 - mylogger - INFO - adding test case TC64742 to test set TS50770
2020-06-29 19:01:14,815 - mylogger - INFO - adding test case TC66360 to test set TS50770
2020-06-29 19:01:16,550 - mylogger - INFO - adding test case TC66728 to test set TS50770
2020-06-29 19:01:18,708 - mylogger - INFO - adding test case TC66729 to test set TS50770
2020-06-29 19:01:20,450 - mylogger - INFO - adding test case TC66737 to test set TS50770
2020-06-29 19:01:21,901 - mylogger - INFO - adding test case TC55384 to test set TS50770
2020-06-29 19:01:23,236 - mylogger - INFO - adding test case TC60213 to test set TS50770
2020-06-29 19:01:24,734 - mylogger - INFO - adding test case TC55405 to test set TS50770
2020-06-29 19:01:26,254 - mylogger - INFO - adding test case TC60220 to test set TS50770
2020-06-29 19:01:27,709 - mylogger - INFO - adding test case TC55411 to test set TS50770
2020-06-29 19:01:29,248 - mylogger - INFO - adding test case TC62740 to test set TS50770
2020-06-29 19:01:30,692 - mylogger - INFO - adding test case TC62743 to test set TS50770
2020-06-29 19:01:32,119 - mylogger - INFO - adding test case TC62744 to test set TS50770
2020-06-29 19:01:33,655 - mylogger - INFO - adding test case TC62742 to test set TS50770
2020-06-29 19:01:35,346 - mylogger - INFO - adding test case TC62741 to test set TS50770
2020-06-29 19:01:36,765 - mylogger - INFO - adding test case TC60217 to test set TS50770
2020-06-29 19:01:38,261 - mylogger - INFO - adding test case TC62196 to test set TS50770
2020-06-29 19:01:39,764 - mylogger - INFO - adding test case TC64742 to test set TS50770
2020-06-29 19:01:41,222 - mylogger - INFO - adding test case TC66360 to test set TS50770
2020-06-29 19:01:42,859 - mylogger - INFO - adding test case TC66728 to test set TS50770
2020-06-29 19:01:44,513 - mylogger - INFO - adding test case TC66729 to test set TS50770
2020-06-29 19:01:46,138 - mylogger - INFO - adding test case TC66737 to test set TS50770
2020-06-29 19:20:22,724 - mylogger - INFO - adding test case TC59693 to test set TS50770
2020-06-29 19:20:24,359 - mylogger - INFO - adding test case TC59769 to test set TS50770
2020-06-29 19:20:25,911 - mylogger - INFO - adding test case TC59694 to test set TS50770
2020-06-29 19:20:27,466 - mylogger - INFO - adding test case TC59695 to test set TS50770
2020-06-29 19:20:28,976 - mylogger - INFO - adding test case TC59696 to test set TS50770
2020-06-29 19:20:30,414 - mylogger - INFO - adding test case TC60209 to test set TS50770
2020-06-29 19:20:32,020 - mylogger - INFO - adding test case TC65769 to test set TS50770
2020-06-29 19:20:33,848 - mylogger - INFO - adding test case TC59693 to test set TS50770
2020-06-29 19:20:35,442 - mylogger - INFO - adding test case TC59769 to test set TS50770
2020-06-29 19:20:36,942 - mylogger - INFO - adding test case TC59694 to test set TS50770
2020-06-29 19:20:38,633 - mylogger - INFO - adding test case TC59695 to test set TS50770
2020-06-29 19:20:40,132 - mylogger - INFO - adding test case TC59696 to test set TS50770
2020-06-29 19:20:41,728 - mylogger - INFO - adding test case TC60209 to test set TS50770
2020-06-29 19:20:43,198 - mylogger - INFO - adding test case TC65769 to test set TS50770
2020-06-29 19:20:44,589 - mylogger - INFO - adding test case TC59649 to test set TS50770
2020-06-29 19:20:45,937 - mylogger - INFO - adding test case TC59650 to test set TS50770
2020-06-29 19:20:47,325 - mylogger - INFO - adding test case TC59651 to test set TS50770
2020-06-29 19:20:48,732 - mylogger - INFO - adding test case TC59652 to test set TS50770
2020-06-29 19:20:50,147 - mylogger - INFO - adding test case TC59653 to test set TS50770
2020-06-29 19:20:51,703 - mylogger - INFO - adding test case TC59654 to test set TS50770
2020-06-29 19:20:53,234 - mylogger - INFO - adding test case TC59655 to test set TS50770
2020-06-29 19:20:55,291 - mylogger - INFO - adding test case TC7805 to test set TS50770
2020-06-29 19:20:56,919 - mylogger - INFO - adding test case TC59649 to test set TS50770
2020-06-29 19:20:58,262 - mylogger - INFO - adding test case TC59650 to test set TS50770
2020-06-29 19:21:00,100 - mylogger - INFO - adding test case TC59651 to test set TS50770
2020-06-29 19:21:01,533 - mylogger - INFO - adding test case TC59652 to test set TS50770
2020-06-29 19:21:03,071 - mylogger - INFO - adding test case TC59653 to test set TS50770
2020-06-29 19:21:04,534 - mylogger - INFO - adding test case TC59654 to test set TS50770
2020-06-29 19:21:05,992 - mylogger - INFO - adding test case TC59655 to test set TS50770
2020-06-29 19:21:07,722 - mylogger - INFO - adding test case TC7805 to test set TS50770
2020-06-29 19:21:09,268 - mylogger - INFO - adding test case TC54459 to test set TS50770
2020-06-29 19:21:10,836 - mylogger - INFO - adding test case TC59758 to test set TS50770
2020-06-29 19:21:12,273 - mylogger - INFO - adding test case TC53368 to test set TS50770
2020-06-29 19:21:13,924 - mylogger - INFO - adding test case TC53383 to test set TS50770
2020-06-29 19:21:15,428 - mylogger - INFO - adding test case TC53384 to test set TS50770
2020-06-29 19:21:16,886 - mylogger - INFO - adding test case TC55448 to test set TS50770
2020-06-29 19:21:18,439 - mylogger - INFO - adding test case TC13088 to test set TS50770
2020-06-29 19:21:20,117 - mylogger - INFO - adding test case TC53476 to test set TS50770
2020-06-29 19:21:21,831 - mylogger - INFO - adding test case TC55419 to test set TS50770
2020-06-29 19:21:23,353 - mylogger - INFO - adding test case TC63779 to test set TS50770
2020-06-29 19:21:24,994 - mylogger - INFO - adding test case TC54459 to test set TS50770
2020-06-29 19:21:26,518 - mylogger - INFO - adding test case TC59758 to test set TS50770
2020-06-29 19:21:27,950 - mylogger - INFO - adding test case TC53368 to test set TS50770
2020-06-29 19:21:29,588 - mylogger - INFO - adding test case TC53383 to test set TS50770
2020-06-29 19:21:31,020 - mylogger - INFO - adding test case TC53384 to test set TS50770
2020-06-29 19:21:32,445 - mylogger - INFO - adding test case TC55448 to test set TS50770
2020-06-29 19:21:33,986 - mylogger - INFO - adding test case TC13088 to test set TS50770
2020-06-29 19:21:35,565 - mylogger - INFO - adding test case TC53476 to test set TS50770
2020-06-29 19:21:36,912 - mylogger - INFO - adding test case TC55419 to test set TS50770
2020-06-29 19:21:38,395 - mylogger - INFO - adding test case TC63779 to test set TS50770
2020-06-29 19:21:40,176 - mylogger - INFO - adding test case TC53509 to test set TS50770
2020-06-29 19:21:41,682 - mylogger - INFO - adding test case TC53728 to test set TS50770
2020-06-29 19:21:43,142 - mylogger - INFO - adding test case TC53735 to test set TS50770
2020-06-29 19:21:44,563 - mylogger - INFO - adding test case TC53733 to test set TS50770
2020-06-29 19:21:46,117 - mylogger - INFO - adding test case TC53510 to test set TS50770
2020-06-29 19:21:47,606 - mylogger - INFO - adding test case TC53729 to test set TS50770
2020-06-29 19:21:49,045 - mylogger - INFO - adding test case TC53736 to test set TS50770
2020-06-29 19:21:50,581 - mylogger - INFO - adding test case TC54418 to test set TS50770
2020-06-29 19:21:52,007 - mylogger - INFO - adding test case TC54419 to test set TS50770
2020-06-29 19:21:53,445 - mylogger - INFO - adding test case TC59377 to test set TS50770
2020-06-29 19:21:55,332 - mylogger - INFO - adding test case TC55380 to test set TS50770
2020-06-29 19:21:56,768 - mylogger - INFO - adding test case TC7805 to test set TS50770
2020-06-29 19:21:58,916 - mylogger - INFO - adding test case TC53509 to test set TS50770
2020-06-29 19:22:00,825 - mylogger - INFO - adding test case TC53728 to test set TS50770
2020-06-29 19:22:02,172 - mylogger - INFO - adding test case TC53735 to test set TS50770
2020-06-29 19:22:03,598 - mylogger - INFO - adding test case TC53733 to test set TS50770
2020-06-29 19:22:05,285 - mylogger - INFO - adding test case TC53510 to test set TS50770
2020-06-29 19:22:06,939 - mylogger - INFO - adding test case TC53729 to test set TS50770
2020-06-29 19:22:08,395 - mylogger - INFO - adding test case TC53736 to test set TS50770
2020-06-29 19:22:09,933 - mylogger - INFO - adding test case TC54418 to test set TS50770
2020-06-29 19:22:11,274 - mylogger - INFO - adding test case TC54419 to test set TS50770
2020-06-29 19:22:12,687 - mylogger - INFO - adding test case TC59377 to test set TS50770
2020-06-29 19:22:14,226 - mylogger - INFO - adding test case TC55380 to test set TS50770
2020-06-29 19:22:15,715 - mylogger - INFO - adding test case TC7805 to test set TS50770
2020-06-29 19:22:17,288 - mylogger - INFO - adding test case TC55747 to test set TS50770
2020-06-29 19:22:18,670 - mylogger - INFO - adding test case TC55747 to test set TS50770
2020-06-29 19:22:20,933 - mylogger - INFO - adding test case TC55417 to test set TS50770
2020-06-29 19:22:23,735 - mylogger - INFO - adding test case TC42270 to test set TS50770
2020-06-29 19:22:25,189 - mylogger - INFO - adding test case TC55417 to test set TS50770
2020-06-29 19:22:26,627 - mylogger - INFO - adding test case TC42270 to test set TS50770
2020-06-29 19:22:28,103 - mylogger - INFO - adding test case TC55384 to test set TS50770
2020-06-29 19:22:29,621 - mylogger - INFO - adding test case TC60213 to test set TS50770
2020-06-29 19:22:32,155 - mylogger - INFO - adding test case TC55405 to test set TS50770
2020-06-29 19:22:33,895 - mylogger - INFO - adding test case TC60220 to test set TS50770
2020-06-29 19:22:35,433 - mylogger - INFO - adding test case TC55411 to test set TS50770
2020-06-29 19:22:36,875 - mylogger - INFO - adding test case TC62740 to test set TS50770
2020-06-29 19:22:38,404 - mylogger - INFO - adding test case TC62743 to test set TS50770
2020-06-29 19:22:39,835 - mylogger - INFO - adding test case TC62744 to test set TS50770
2020-06-29 19:22:41,303 - mylogger - INFO - adding test case TC62742 to test set TS50770
2020-06-29 19:22:42,857 - mylogger - INFO - adding test case TC62741 to test set TS50770
2020-06-29 19:22:44,521 - mylogger - INFO - adding test case TC60217 to test set TS50770
2020-06-29 19:22:45,923 - mylogger - INFO - adding test case TC62196 to test set TS50770
2020-06-29 19:22:47,310 - mylogger - INFO - adding test case TC64742 to test set TS50770
2020-06-29 19:22:48,738 - mylogger - INFO - adding test case TC66360 to test set TS50770
2020-06-29 19:22:50,100 - mylogger - INFO - adding test case TC66728 to test set TS50770
2020-06-29 19:22:51,965 - mylogger - INFO - adding test case TC66729 to test set TS50770
2020-06-29 19:22:53,452 - mylogger - INFO - adding test case TC66737 to test set TS50770
2020-06-29 19:22:54,858 - mylogger - INFO - adding test case TC55384 to test set TS50770
2020-06-29 19:22:56,198 - mylogger - INFO - adding test case TC60213 to test set TS50770
2020-06-29 19:22:57,766 - mylogger - INFO - adding test case TC55405 to test set TS50770
2020-06-29 19:22:59,178 - mylogger - INFO - adding test case TC60220 to test set TS50770
2020-06-29 19:23:00,827 - mylogger - INFO - adding test case TC55411 to test set TS50770
2020-06-29 19:23:02,360 - mylogger - INFO - adding test case TC62740 to test set TS50770
2020-06-29 19:23:03,803 - mylogger - INFO - adding test case TC62743 to test set TS50770
2020-06-29 19:23:05,349 - mylogger - INFO - adding test case TC62744 to test set TS50770
2020-06-29 19:23:07,054 - mylogger - INFO - adding test case TC62742 to test set TS50770
2020-06-29 19:23:08,647 - mylogger - INFO - adding test case TC62741 to test set TS50770
2020-06-29 19:23:10,149 - mylogger - INFO - adding test case TC60217 to test set TS50770
2020-06-29 19:23:11,587 - mylogger - INFO - adding test case TC62196 to test set TS50770
2020-06-29 19:23:13,016 - mylogger - INFO - adding test case TC64742 to test set TS50770
2020-06-29 19:23:14,716 - mylogger - INFO - adding test case TC66360 to test set TS50770
2020-06-29 19:23:16,236 - mylogger - INFO - adding test case TC66728 to test set TS50770
2020-06-29 19:23:17,662 - mylogger - INFO - adding test case TC66729 to test set TS50770
2020-06-29 19:23:19,158 - mylogger - INFO - adding test case TC66737 to test set TS50770
2020-06-29 21:27:16,521 - mylogger - INFO - adding test case TC66737 to test set TS50783
2020-06-29 21:27:19,071 - mylogger - INFO - adding test case TC55417 to test set TS50783
2020-06-29 21:27:21,416 - mylogger - INFO - adding test case TC59377 to test set TS50783
2020-06-29 21:27:24,801 - mylogger - INFO - adding test case TC53729 to test set TS50783
2020-06-29 21:27:27,732 - mylogger - INFO - adding test case TC53733 to test set TS50783
2020-06-29 21:27:30,100 - mylogger - INFO - adding test case TC53510 to test set TS50783
2020-06-29 21:27:32,482 - mylogger - INFO - adding test case TC55380 to test set TS50783
2020-06-29 21:27:36,468 - mylogger - INFO - adding test case TC62743 to test set TS50783
2020-06-29 21:27:38,926 - mylogger - INFO - adding test case TC66360 to test set TS50783
2020-06-29 21:27:41,281 - mylogger - INFO - adding test case TC55747 to test set TS50783
2020-06-29 21:27:44,251 - mylogger - INFO - adding test case TC59650 to test set TS50783
2020-06-29 21:27:47,323 - mylogger - INFO - adding test case TC55384 to test set TS50783
2020-06-29 21:27:50,827 - mylogger - INFO - adding test case TC59653 to test set TS50783
2020-06-29 21:27:53,159 - mylogger - INFO - adding test case TC53476 to test set TS50783
2020-06-29 21:27:55,997 - mylogger - INFO - adding test case TC62740 to test set TS50783
2020-06-29 21:27:58,986 - mylogger - INFO - adding test case TC66728 to test set TS50783
2020-06-29 21:28:01,430 - mylogger - INFO - adding test case TC55448 to test set TS50783
2020-06-29 21:28:04,321 - mylogger - INFO - adding test case TC55411 to test set TS50783
2020-06-29 21:28:07,104 - mylogger - INFO - adding test case TC60213 to test set TS50783
2020-06-29 21:28:09,442 - mylogger - INFO - adding test case TC62196 to test set TS50783
2020-06-29 21:28:14,972 - mylogger - INFO - adding test case TC59654 to test set TS50783
2020-06-29 21:28:18,145 - mylogger - INFO - adding test case TC62744 to test set TS50783
2020-06-29 21:28:21,562 - mylogger - INFO - adding test case TC62742 to test set TS50783
2020-06-29 21:28:25,218 - mylogger - INFO - adding test case TC62741 to test set TS50783
2020-06-29 21:28:29,427 - mylogger - INFO - adding test case TC60217 to test set TS50783
2020-06-29 21:28:33,020 - mylogger - INFO - adding test case TC7805 to test set TS50783
2020-06-29 21:28:36,125 - mylogger - INFO - adding test case TC55419 to test set TS50783
2020-06-29 21:28:38,933 - mylogger - INFO - adding test case TC65769 to test set TS50783
2020-06-29 21:28:42,321 - mylogger - INFO - adding test case TC60220 to test set TS50783
2020-06-29 21:28:45,486 - mylogger - INFO - adding test case TC42270 to test set TS50783
2020-06-29 21:28:48,866 - mylogger - INFO - adding test case TC63779 to test set TS50783
2020-06-29 21:28:52,346 - mylogger - INFO - adding test case TC54418 to test set TS50783
2020-06-29 21:28:55,522 - mylogger - INFO - adding test case TC53368 to test set TS50783
2020-06-29 21:28:59,073 - mylogger - INFO - adding test case TC59649 to test set TS50783
2020-06-29 21:29:01,770 - mylogger - INFO - adding test case TC66729 to test set TS50783
2020-06-29 21:29:05,964 - mylogger - INFO - adding test case TC64742 to test set TS50783
2020-06-29 21:29:09,127 - mylogger - INFO - adding test case TC59693 to test set TS50783
2020-06-29 21:29:12,957 - mylogger - INFO - adding test case TC59769 to test set TS50783
2020-06-29 21:29:16,481 - mylogger - INFO - adding test case TC55405 to test set TS50783
2020-06-29 21:29:20,202 - mylogger - INFO - adding test case TC53383 to test set TS50783
2020-06-29 21:29:23,374 - mylogger - INFO - adding test case TC59696 to test set TS50783
2020-06-29 21:29:26,387 - mylogger - INFO - adding test case TC59758 to test set TS50783
2020-06-29 21:29:29,723 - mylogger - INFO - adding test case TC53384 to test set TS50783
2020-06-29 21:29:32,897 - mylogger - INFO - adding test case TC54419 to test set TS50783
2020-06-29 21:29:35,998 - mylogger - INFO - adding test case TC59695 to test set TS50783
2020-06-29 21:29:38,939 - mylogger - INFO - adding test case TC59655 to test set TS50783
2020-06-29 21:29:41,810 - mylogger - INFO - adding test case TC60209 to test set TS50783
2020-06-29 21:29:44,676 - mylogger - INFO - adding test case TC59652 to test set TS50783
2020-06-29 21:29:48,787 - mylogger - INFO - adding test case TC13088 to test set TS50783
2020-06-29 21:29:51,912 - mylogger - INFO - adding test case TC53509 to test set TS50783
2020-06-29 21:29:55,055 - mylogger - INFO - adding test case TC53736 to test set TS50783
2020-06-29 21:29:57,984 - mylogger - INFO - adding test case TC59694 to test set TS50783
2020-06-29 21:30:01,030 - mylogger - INFO - adding test case TC53735 to test set TS50783
2020-06-29 21:30:04,987 - mylogger - INFO - adding test case TC59651 to test set TS50783
2020-06-29 21:30:08,430 - mylogger - INFO - adding test case TC53728 to test set TS50783
2020-06-29 21:30:12,238 - mylogger - INFO - adding test case TC54459 to test set TS50783
2020-06-30 22:24:03,289 - mylogger - INFO - adding test case TC7804 to test set TS43797
2020-06-30 22:24:05,442 - mylogger - INFO - adding test case TC42270 to test set TS43797
2020-06-30 22:24:08,409 - mylogger - INFO - adding test case TC53509 to test set TS43797
2020-06-30 22:24:10,739 - mylogger - INFO - adding test case TC53510 to test set TS43797
2020-06-30 22:24:13,337 - mylogger - INFO - adding test case TC53728 to test set TS43797
2020-06-30 22:24:15,577 - mylogger - INFO - adding test case TC53729 to test set TS43797
2020-06-30 22:24:17,932 - mylogger - INFO - adding test case TC53733 to test set TS43797
2020-06-30 22:24:20,167 - mylogger - INFO - adding test case TC53735 to test set TS43797
2020-06-30 22:24:22,541 - mylogger - INFO - adding test case TC53736 to test set TS43797
2020-06-30 22:24:25,101 - mylogger - INFO - adding test case TC54348 to test set TS43797
2020-06-30 22:24:28,070 - mylogger - INFO - adding test case TC54349 to test set TS43797
2020-06-30 22:24:30,322 - mylogger - INFO - adding test case TC54350 to test set TS43797
2020-06-30 22:24:33,610 - mylogger - INFO - adding test case TC54351 to test set TS43797
2020-06-30 22:24:36,306 - mylogger - INFO - adding test case TC54352 to test set TS43797
2020-06-30 22:24:38,719 - mylogger - INFO - adding test case TC54418 to test set TS43797
2020-06-30 22:24:40,972 - mylogger - INFO - adding test case TC54419 to test set TS43797
2020-06-30 22:24:43,337 - mylogger - INFO - adding test case TC54459 to test set TS43797
2020-06-30 22:24:45,580 - mylogger - INFO - adding test case TC55380 to test set TS43797
2020-06-30 22:24:48,038 - mylogger - INFO - adding test case TC55417 to test set TS43797
2020-06-30 22:24:50,905 - mylogger - INFO - adding test case TC55747 to test set TS43797
2020-06-30 22:24:53,260 - mylogger - INFO - adding test case TC59377 to test set TS43797
2020-06-30 22:24:55,478 - mylogger - INFO - adding test case TC59693 to test set TS43797
2020-06-30 22:24:58,278 - mylogger - INFO - adding test case TC59694 to test set TS43797
2020-06-30 22:25:00,391 - mylogger - INFO - adding test case TC59695 to test set TS43797
2020-06-30 22:25:02,885 - mylogger - INFO - adding test case TC59696 to test set TS43797
2020-06-30 22:25:05,344 - mylogger - INFO - adding test case TC59769 to test set TS43797
2020-06-30 22:25:07,699 - mylogger - INFO - adding test case TC60209 to test set TS43797
2020-06-30 22:25:10,363 - mylogger - INFO - adding test case TC60432 to test set TS43797
2020-06-30 22:25:12,644 - mylogger - INFO - adding test case TC60439 to test set TS43797
2020-06-30 22:25:15,072 - mylogger - INFO - adding test case TC61116 to test set TS43797
2020-06-30 22:25:17,606 - mylogger - INFO - adding test case TC63577 to test set TS43797
2020-06-30 22:25:19,782 - mylogger - INFO - adding test case TC64740 to test set TS43797
2020-06-30 22:25:22,650 - mylogger - INFO - adding test case TC65769 to test set TS43797
2020-06-30 22:25:25,211 - mylogger - INFO - adding test case TC66575 to test set TS43797
2020-06-30 22:38:13,873 - mylogger - INFO - adding test case TC7804 to test set TS43798
2020-06-30 22:38:16,538 - mylogger - INFO - adding test case TC42270 to test set TS43798
2020-06-30 22:38:19,355 - mylogger - INFO - adding test case TC53509 to test set TS43798
2020-06-30 22:38:21,704 - mylogger - INFO - adding test case TC53510 to test set TS43798
2020-06-30 22:38:24,065 - mylogger - INFO - adding test case TC53728 to test set TS43798
2020-06-30 22:38:26,237 - mylogger - INFO - adding test case TC53729 to test set TS43798
2020-06-30 22:38:28,570 - mylogger - INFO - adding test case TC53733 to test set TS43798
2020-06-30 22:38:30,823 - mylogger - INFO - adding test case TC53735 to test set TS43798
2020-06-30 22:38:32,961 - mylogger - INFO - adding test case TC53736 to test set TS43798
2020-06-30 22:38:35,022 - mylogger - INFO - adding test case TC54348 to test set TS43798
2020-06-30 22:38:37,745 - mylogger - INFO - adding test case TC54349 to test set TS43798
2020-06-30 22:38:40,448 - mylogger - INFO - adding test case TC54350 to test set TS43798
2020-06-30 22:38:42,599 - mylogger - INFO - adding test case TC54351 to test set TS43798
2020-06-30 22:38:44,954 - mylogger - INFO - adding test case TC54352 to test set TS43798
2020-06-30 22:38:47,207 - mylogger - INFO - adding test case TC54418 to test set TS43798
2020-06-30 22:38:49,972 - mylogger - INFO - adding test case TC54419 to test set TS43798
2020-06-30 22:38:52,430 - mylogger - INFO - adding test case TC54459 to test set TS43798
2020-06-30 22:38:54,582 - mylogger - INFO - adding test case TC55380 to test set TS43798
2020-06-30 22:38:56,630 - mylogger - INFO - adding test case TC55417 to test set TS43798
2020-06-30 22:38:59,700 - mylogger - INFO - adding test case TC55747 to test set TS43798
2020-06-30 22:39:01,943 - mylogger - INFO - adding test case TC59377 to test set TS43798
2020-06-30 22:39:04,397 - mylogger - INFO - adding test case TC59693 to test set TS43798
2020-06-30 22:39:06,663 - mylogger - INFO - adding test case TC59694 to test set TS43798
2020-06-30 22:39:08,839 - mylogger - INFO - adding test case TC59695 to test set TS43798
2020-06-30 22:39:11,067 - mylogger - INFO - adding test case TC59696 to test set TS43798
2020-06-30 22:39:13,171 - mylogger - INFO - adding test case TC59769 to test set TS43798
2020-06-30 22:39:15,326 - mylogger - INFO - adding test case TC60209 to test set TS43798
2020-06-30 22:39:18,140 - mylogger - INFO - adding test case TC60432 to test set TS43798
2020-06-30 22:39:20,286 - mylogger - INFO - adding test case TC60439 to test set TS43798
2020-06-30 22:39:22,433 - mylogger - INFO - adding test case TC61116 to test set TS43798
2020-06-30 22:39:24,530 - mylogger - INFO - adding test case TC63577 to test set TS43798
2020-06-30 22:39:26,733 - mylogger - INFO - adding test case TC64740 to test set TS43798
2020-06-30 22:39:29,294 - mylogger - INFO - adding test case TC65769 to test set TS43798
2020-06-30 22:39:32,058 - mylogger - INFO - adding test case TC66575 to test set TS43798
2020-06-30 22:41:42,313 - mylogger - INFO - adding test case TC7804 to test set TS43799
2020-06-30 22:41:46,103 - mylogger - INFO - adding test case TC42270 to test set TS43799
2020-06-30 22:41:49,242 - mylogger - INFO - adding test case TC53509 to test set TS43799
2020-06-30 22:41:52,348 - mylogger - INFO - adding test case TC53510 to test set TS43799
2020-06-30 22:41:55,992 - mylogger - INFO - adding test case TC53728 to test set TS43799
2020-06-30 22:41:59,042 - mylogger - INFO - adding test case TC53729 to test set TS43799
2020-06-30 22:42:02,588 - mylogger - INFO - adding test case TC53733 to test set TS43799
2020-06-30 22:42:05,660 - mylogger - INFO - adding test case TC53735 to test set TS43799
2020-06-30 22:42:08,730 - mylogger - INFO - adding test case TC53736 to test set TS43799
2020-06-30 22:42:11,909 - mylogger - INFO - adding test case TC54348 to test set TS43799
2020-06-30 22:42:14,724 - mylogger - INFO - adding test case TC54349 to test set TS43799
2020-06-30 22:42:17,641 - mylogger - INFO - adding test case TC54350 to test set TS43799
2020-06-30 22:42:21,225 - mylogger - INFO - adding test case TC54351 to test set TS43799
2020-06-30 22:42:24,529 - mylogger - INFO - adding test case TC54352 to test set TS43799
2020-06-30 22:42:27,547 - mylogger - INFO - adding test case TC54418 to test set TS43799
2020-06-30 22:42:30,645 - mylogger - INFO - adding test case TC54419 to test set TS43799
2020-06-30 22:42:33,592 - mylogger - INFO - adding test case TC54459 to test set TS43799
2020-06-30 22:42:36,585 - mylogger - INFO - adding test case TC55380 to test set TS43799
2020-06-30 22:42:39,518 - mylogger - INFO - adding test case TC55417 to test set TS43799
2020-06-30 22:42:42,933 - mylogger - INFO - adding test case TC55747 to test set TS43799
2020-06-30 22:42:45,811 - mylogger - INFO - adding test case TC59377 to test set TS43799
2020-06-30 22:42:49,693 - mylogger - INFO - adding test case TC59693 to test set TS43799
2020-06-30 22:42:53,070 - mylogger - INFO - adding test case TC59694 to test set TS43799
2020-06-30 22:42:56,144 - mylogger - INFO - adding test case TC59695 to test set TS43799
2020-06-30 22:42:59,749 - mylogger - INFO - adding test case TC59696 to test set TS43799
2020-06-30 22:43:04,130 - mylogger - INFO - adding test case TC59769 to test set TS43799
2020-06-30 22:43:07,075 - mylogger - INFO - adding test case TC60209 to test set TS43799
2020-06-30 22:43:11,196 - mylogger - INFO - adding test case TC60432 to test set TS43799
2020-06-30 22:43:14,253 - mylogger - INFO - adding test case TC60439 to test set TS43799
2020-06-30 22:43:18,672 - mylogger - INFO - adding test case TC61116 to test set TS43799
2020-06-30 22:43:21,948 - mylogger - INFO - adding test case TC63577 to test set TS43799
2020-06-30 22:43:24,972 - mylogger - INFO - adding test case TC64740 to test set TS43799
2020-06-30 22:43:27,785 - mylogger - INFO - adding test case TC65769 to test set TS43799
2020-06-30 22:43:31,676 - mylogger - INFO - adding test case TC66575 to test set TS43799
2020-08-07 22:24:11,373 - mylogger - INFO - adding test case TC62509 to test set TS52178
2020-08-07 22:24:14,471 - mylogger - INFO - adding test case TC62513 to test set TS52178
2020-08-07 22:24:18,233 - mylogger - INFO - adding test case TC62514 to test set TS52178
2020-08-07 22:24:22,330 - mylogger - INFO - adding test case TC62518 to test set TS52178
2020-08-07 22:24:25,812 - mylogger - INFO - adding test case TC62520 to test set TS52178
2020-08-07 22:24:28,703 - mylogger - INFO - adding test case TC62524 to test set TS52178
2020-08-07 22:24:31,774 - mylogger - INFO - adding test case TC62535 to test set TS52178
2020-08-07 22:24:35,377 - mylogger - INFO - adding test case TC62539 to test set TS52178
2020-08-07 22:24:38,406 - mylogger - INFO - adding test case TC62545 to test set TS52178
2020-08-07 22:24:41,197 - mylogger - INFO - adding test case TC62530 to test set TS52178
2020-08-07 22:24:44,554 - mylogger - INFO - adding test case TC62534 to test set TS52178
2020-08-07 22:24:48,238 - mylogger - INFO - adding test case TC62549 to test set TS52178
2020-08-07 22:24:51,002 - mylogger - INFO - adding test case TC62550 to test set TS52178
2020-08-07 22:24:54,177 - mylogger - INFO - adding test case TC62554 to test set TS52178
2020-08-07 22:24:57,047 - mylogger - INFO - adding test case TC62555 to test set TS52178
2020-08-07 22:24:59,808 - mylogger - INFO - adding test case TC62559 to test set TS52178
2020-08-07 22:25:02,983 - mylogger - INFO - adding test case TC62560 to test set TS52178
2020-08-07 22:25:06,280 - mylogger - INFO - adding test case TC62564 to test set TS52178
2020-08-07 22:25:09,127 - mylogger - INFO - adding test case TC62565 to test set TS52178
2020-08-07 22:25:11,893 - mylogger - INFO - adding test case TC62569 to test set TS52178
2020-08-07 22:25:15,579 - mylogger - INFO - adding test case TC62570 to test set TS52178
2020-08-07 22:25:18,344 - mylogger - INFO - adding test case TC62574 to test set TS52178
2020-08-07 22:25:21,211 - mylogger - INFO - adding test case TC62740 to test set TS52178
2020-08-07 22:25:23,984 - mylogger - INFO - adding test case TC62741 to test set TS52178
2020-08-07 22:25:27,405 - mylogger - INFO - adding test case TC62742 to test set TS52178
2020-08-07 22:25:30,121 - mylogger - INFO - adding test case TC62743 to test set TS52178
2020-08-07 22:25:33,395 - mylogger - INFO - adding test case TC62744 to test set TS52178
2020-08-07 22:25:36,058 - mylogger - INFO - adding test case TC64009 to test set TS52178
2020-08-07 22:25:39,028 - mylogger - INFO - adding test case TC64010 to test set TS52178
2020-08-07 22:32:52,638 - mylogger - INFO - adding test case TC62509 to test set TS52178
2020-08-07 22:32:55,151 - mylogger - INFO - adding test case TC62513 to test set TS52178
2020-08-07 22:32:57,330 - mylogger - INFO - adding test case TC62514 to test set TS52178
2020-08-07 22:32:59,759 - mylogger - INFO - adding test case TC62518 to test set TS52178
2020-08-07 22:33:03,176 - mylogger - INFO - adding test case TC62520 to test set TS52178
2020-08-07 22:33:05,320 - mylogger - INFO - adding test case TC62524 to test set TS52178
2020-08-07 22:33:07,524 - mylogger - INFO - adding test case TC62535 to test set TS52178
2020-08-07 22:33:10,204 - mylogger - INFO - adding test case TC62539 to test set TS52178
2020-08-07 22:33:12,688 - mylogger - INFO - adding test case TC62545 to test set TS52178
2020-08-07 22:33:15,632 - mylogger - INFO - adding test case TC62530 to test set TS52178
2020-08-07 22:33:17,987 - mylogger - INFO - adding test case TC62534 to test set TS52178
2020-08-07 22:33:20,377 - mylogger - INFO - adding test case TC62549 to test set TS52178
2020-08-07 22:33:22,622 - mylogger - INFO - adding test case TC62550 to test set TS52178
2020-08-07 22:33:24,950 - mylogger - INFO - adding test case TC62554 to test set TS52178
2020-08-07 22:33:28,022 - mylogger - INFO - adding test case TC62555 to test set TS52178
2020-08-07 22:33:30,173 - mylogger - INFO - adding test case TC62559 to test set TS52178
2020-08-07 22:33:32,528 - mylogger - INFO - adding test case TC62560 to test set TS52178
2020-08-07 22:33:34,985 - mylogger - INFO - adding test case TC62564 to test set TS52178
2020-08-07 22:33:37,544 - mylogger - INFO - adding test case TC62565 to test set TS52178
2020-08-07 22:33:40,309 - mylogger - INFO - adding test case TC62569 to test set TS52178
2020-08-07 22:33:43,246 - mylogger - INFO - adding test case TC62570 to test set TS52178
2020-08-07 22:33:45,757 - mylogger - INFO - adding test case TC62574 to test set TS52178
2020-08-07 22:33:47,946 - mylogger - INFO - adding test case TC64009 to test set TS52178
2020-08-07 22:33:51,062 - mylogger - INFO - adding test case TC64010 to test set TS52178
2020-08-10 10:08:32,764 - mylogger - INFO - adding test case TC7804 to test set TS43796
2020-08-10 10:08:35,115 - mylogger - INFO - adding test case TC42270 to test set TS43796
2020-08-10 10:08:37,528 - mylogger - INFO - adding test case TC53509 to test set TS43796
2020-08-10 10:08:39,931 - mylogger - INFO - adding test case TC53510 to test set TS43796
2020-08-10 10:08:42,200 - mylogger - INFO - adding test case TC53728 to test set TS43796
2020-08-10 10:08:44,537 - mylogger - INFO - adding test case TC53729 to test set TS43796
2020-08-10 10:08:46,924 - mylogger - INFO - adding test case TC53733 to test set TS43796
2020-08-10 10:08:49,345 - mylogger - INFO - adding test case TC53735 to test set TS43796
2020-08-10 10:08:51,645 - mylogger - INFO - adding test case TC53736 to test set TS43796
2020-08-10 10:08:53,081 - mylogger - INFO - adding test case TC54348 to test set TS43796
2020-08-10 10:08:54,800 - mylogger - INFO - adding test case TC54349 to test set TS43796
2020-08-10 10:08:56,407 - mylogger - INFO - adding test case TC54350 to test set TS43796
2020-08-10 10:08:57,805 - mylogger - INFO - adding test case TC54351 to test set TS43796
2020-08-10 10:08:59,369 - mylogger - INFO - adding test case TC54352 to test set TS43796
2020-08-10 10:09:00,807 - mylogger - INFO - adding test case TC54418 to test set TS43796
2020-08-10 10:09:02,706 - mylogger - INFO - adding test case TC54419 to test set TS43796
2020-08-10 10:09:06,147 - mylogger - INFO - adding test case TC54459 to test set TS43796
2020-08-10 10:09:07,630 - mylogger - INFO - adding test case TC55380 to test set TS43796
2020-08-10 10:09:09,532 - mylogger - INFO - adding test case TC55417 to test set TS43796
2020-08-10 10:09:11,025 - mylogger - INFO - adding test case TC55747 to test set TS43796
2020-08-10 10:09:12,516 - mylogger - INFO - adding test case TC59377 to test set TS43796
2020-08-10 10:09:14,171 - mylogger - INFO - adding test case TC59693 to test set TS43796
2020-08-10 10:09:15,643 - mylogger - INFO - adding test case TC59694 to test set TS43796
2020-08-10 10:09:17,337 - mylogger - INFO - adding test case TC59695 to test set TS43796
2020-08-10 10:09:18,963 - mylogger - INFO - adding test case TC59696 to test set TS43796
2020-08-10 10:09:20,592 - mylogger - INFO - adding test case TC59769 to test set TS43796
2020-08-10 10:09:22,000 - mylogger - INFO - adding test case TC60209 to test set TS43796
2020-08-10 10:09:23,566 - mylogger - INFO - adding test case TC60432 to test set TS43796
2020-08-10 10:09:25,079 - mylogger - INFO - adding test case TC60439 to test set TS43796
2020-08-10 10:09:26,563 - mylogger - INFO - adding test case TC61116 to test set TS43796
2020-08-10 10:09:27,984 - mylogger - INFO - adding test case TC63577 to test set TS43796
2020-08-10 10:09:29,441 - mylogger - INFO - adding test case TC64740 to test set TS43796
2020-08-10 10:09:30,884 - mylogger - INFO - adding test case TC65769 to test set TS43796
2020-08-10 10:09:32,537 - mylogger - INFO - adding test case TC66575 to test set TS43796
2020-08-10 10:09:34,025 - mylogger - INFO - adding test case TC7804 to test set TS43800
2020-08-10 10:09:36,294 - mylogger - INFO - adding test case TC42270 to test set TS43800
2020-08-10 10:09:38,938 - mylogger - INFO - adding test case TC53509 to test set TS43800
2020-08-10 10:09:41,396 - mylogger - INFO - adding test case TC53510 to test set TS43800
2020-08-10 10:09:43,902 - mylogger - INFO - adding test case TC53728 to test set TS43800
2020-08-10 10:09:46,305 - mylogger - INFO - adding test case TC53729 to test set TS43800
2020-08-10 10:09:48,869 - mylogger - INFO - adding test case TC53733 to test set TS43800
2020-08-10 10:09:51,205 - mylogger - INFO - adding test case TC53735 to test set TS43800
2020-08-10 10:09:53,498 - mylogger - INFO - adding test case TC53736 to test set TS43800
2020-08-10 10:09:55,928 - mylogger - INFO - adding test case TC54348 to test set TS43800
2020-08-10 10:09:58,257 - mylogger - INFO - adding test case TC54349 to test set TS43800
2020-08-10 10:10:00,715 - mylogger - INFO - adding test case TC54350 to test set TS43800
2020-08-10 10:10:02,936 - mylogger - INFO - adding test case TC54351 to test set TS43800
2020-08-10 10:10:05,272 - mylogger - INFO - adding test case TC54352 to test set TS43800
2020-08-10 10:10:07,605 - mylogger - INFO - adding test case TC54418 to test set TS43800
2020-08-10 10:10:10,046 - mylogger - INFO - adding test case TC54419 to test set TS43800
2020-08-10 10:10:12,280 - mylogger - INFO - adding test case TC54459 to test set TS43800
2020-08-10 10:10:14,048 - mylogger - INFO - adding test case TC55380 to test set TS43800
2020-08-10 10:10:16,302 - mylogger - INFO - adding test case TC55417 to test set TS43800
2020-08-10 10:10:18,718 - mylogger - INFO - adding test case TC55747 to test set TS43800
2020-08-10 10:10:21,202 - mylogger - INFO - adding test case TC59377 to test set TS43800
2020-08-10 10:10:23,554 - mylogger - INFO - adding test case TC59693 to test set TS43800
2020-08-10 10:10:25,950 - mylogger - INFO - adding test case TC59694 to test set TS43800
2020-08-10 10:10:28,117 - mylogger - INFO - adding test case TC59695 to test set TS43800
2020-08-10 10:10:30,336 - mylogger - INFO - adding test case TC59696 to test set TS43800
2020-08-10 10:10:32,897 - mylogger - INFO - adding test case TC59769 to test set TS43800
2020-08-10 10:10:34,628 - mylogger - INFO - adding test case TC60209 to test set TS43800
2020-08-10 10:10:36,956 - mylogger - INFO - adding test case TC60432 to test set TS43800
2020-08-10 10:10:39,558 - mylogger - INFO - adding test case TC60439 to test set TS43800
2020-08-10 10:10:41,895 - mylogger - INFO - adding test case TC61116 to test set TS43800
2020-08-10 10:10:44,297 - mylogger - INFO - adding test case TC63577 to test set TS43800
2020-08-10 10:10:46,093 - mylogger - INFO - adding test case TC64740 to test set TS43800
2020-08-10 10:10:47,875 - mylogger - INFO - adding test case TC65769 to test set TS43800
2020-08-10 10:10:49,589 - mylogger - INFO - adding test case TC66575 to test set TS43800
2020-08-10 10:10:50,443 - mylogger - ERROR - Fail to add test case TC7804 to test set TS83801: 'RallyRESTResponse' object has no attribute '_type'
2020-08-10 10:10:51,258 - mylogger - ERROR - Fail to add test case TC42270 to test set TS83801: 'RallyRESTResponse' object has no attribute '_type'
2020-08-10 10:10:52,176 - mylogger - ERROR - Fail to add test case TC53509 to test set TS83801: 'RallyRESTResponse' object has no attribute '_type'
2020-08-10 10:10:53,011 - mylogger - ERROR - Fail to add test case TC53510 to test set TS83801: 'RallyRESTResponse' object has no attribute '_type'
2020-08-10 10:10:53,889 - mylogger - ERROR - Fail to add test case TC53728 to test set TS83801: 'RallyRESTResponse' object has no attribute '_type'
2020-08-10 10:10:54,888 - mylogger - ERROR - Fail to add test case TC53729 to test set TS83801: 'RallyRESTResponse' object has no attribute '_type'
2020-08-10 10:10:55,833 - mylogger - ERROR - Fail to add test case TC53733 to test set TS83801: 'RallyRESTResponse' object has no attribute '_type'
2020-08-10 10:10:56,859 - mylogger - ERROR - Fail to add test case TC53735 to test set TS83801: 'RallyRESTResponse' object has no attribute '_type'
2020-08-10 10:10:57,770 - mylogger - ERROR - Fail to add test case TC53736 to test set TS83801: 'RallyRESTResponse' object has no attribute '_type'
2020-08-10 10:10:58,733 - mylogger - ERROR - Fail to add test case TC54348 to test set TS83801: 'RallyRESTResponse' object has no attribute '_type'
2020-08-10 10:10:59,626 - mylogger - ERROR - Fail to add test case TC54349 to test set TS83801: 'RallyRESTResponse' object has no attribute '_type'
2020-08-10 10:11:00,645 - mylogger - ERROR - Fail to add test case TC54350 to test set TS83801: 'RallyRESTResponse' object has no attribute '_type'
2020-08-10 10:11:01,463 - mylogger - ERROR - Fail to add test case TC54351 to test set TS83801: 'RallyRESTResponse' object has no attribute '_type'
2020-08-10 10:11:02,370 - mylogger - ERROR - Fail to add test case TC54352 to test set TS83801: 'RallyRESTResponse' object has no attribute '_type'
2020-08-10 10:11:03,234 - mylogger - ERROR - Fail to add test case TC54418 to test set TS83801: 'RallyRESTResponse' object has no attribute '_type'
2020-08-10 10:11:04,028 - mylogger - ERROR - Fail to add test case TC54419 to test set TS83801: 'RallyRESTResponse' object has no attribute '_type'
2020-08-10 10:11:04,892 - mylogger - ERROR - Fail to add test case TC54459 to test set TS83801: 'RallyRESTResponse' object has no attribute '_type'
2020-08-10 10:11:05,699 - mylogger - ERROR - Fail to add test case TC55380 to test set TS83801: 'RallyRESTResponse' object has no attribute '_type'
2020-08-10 10:11:06,495 - mylogger - ERROR - Fail to add test case TC55417 to test set TS83801: 'RallyRESTResponse' object has no attribute '_type'
2020-08-10 10:11:07,308 - mylogger - ERROR - Fail to add test case TC55747 to test set TS83801: 'RallyRESTResponse' object has no attribute '_type'
2020-08-10 10:11:08,225 - mylogger - ERROR - Fail to add test case TC59377 to test set TS83801: 'RallyRESTResponse' object has no attribute '_type'
2020-08-10 10:11:09,066 - mylogger - ERROR - Fail to add test case TC59693 to test set TS83801: 'RallyRESTResponse' object has no attribute '_type'
2020-08-10 10:11:09,865 - mylogger - ERROR - Fail to add test case TC59694 to test set TS83801: 'RallyRESTResponse' object has no attribute '_type'
2020-08-10 10:11:10,727 - mylogger - ERROR - Fail to add test case TC59695 to test set TS83801: 'RallyRESTResponse' object has no attribute '_type'
2020-08-10 10:11:11,535 - mylogger - ERROR - Fail to add test case TC59696 to test set TS83801: 'RallyRESTResponse' object has no attribute '_type'
2020-08-10 10:11:12,378 - mylogger - ERROR - Fail to add test case TC59769 to test set TS83801: 'RallyRESTResponse' object has no attribute '_type'
2020-08-10 10:11:13,170 - mylogger - ERROR - Fail to add test case TC60209 to test set TS83801: 'RallyRESTResponse' object has no attribute '_type'
2020-08-10 10:11:14,060 - mylogger - ERROR - Fail to add test case TC60432 to test set TS83801: 'RallyRESTResponse' object has no attribute '_type'
2020-08-10 10:11:14,868 - mylogger - ERROR - Fail to add test case TC60439 to test set TS83801: 'RallyRESTResponse' object has no attribute '_type'
2020-08-10 10:11:15,800 - mylogger - ERROR - Fail to add test case TC61116 to test set TS83801: 'RallyRESTResponse' object has no attribute '_type'
2020-08-10 10:11:16,730 - mylogger - ERROR - Fail to add test case TC63577 to test set TS83801: 'RallyRESTResponse' object has no attribute '_type'
2020-08-10 10:11:17,648 - mylogger - ERROR - Fail to add test case TC64740 to test set TS83801: 'RallyRESTResponse' object has no attribute '_type'
2020-08-10 10:11:18,511 - mylogger - ERROR - Fail to add test case TC65769 to test set TS83801: 'RallyRESTResponse' object has no attribute '_type'
2020-08-10 10:11:19,361 - mylogger - ERROR - Fail to add test case TC66575 to test set TS83801: 'RallyRESTResponse' object has no attribute '_type'
2020-08-10 10:17:53,065 - mylogger - INFO - adding test case TC7804 to test set TS43801
2020-08-10 10:17:54,844 - mylogger - INFO - adding test case TC42270 to test set TS43801
2020-08-10 10:17:56,653 - mylogger - INFO - adding test case TC53509 to test set TS43801
2020-08-10 10:17:58,644 - mylogger - INFO - adding test case TC53510 to test set TS43801
2020-08-10 10:18:00,489 - mylogger - INFO - adding test case TC53728 to test set TS43801
2020-08-10 10:18:02,448 - mylogger - INFO - adding test case TC53729 to test set TS43801
2020-08-10 10:18:04,380 - mylogger - INFO - adding test case TC53733 to test set TS43801
2020-08-10 10:18:06,427 - mylogger - INFO - adding test case TC53735 to test set TS43801
2020-08-10 10:18:08,362 - mylogger - INFO - adding test case TC53736 to test set TS43801
2020-08-10 10:18:10,108 - mylogger - INFO - adding test case TC54348 to test set TS43801
2020-08-10 10:18:12,061 - mylogger - INFO - adding test case TC54349 to test set TS43801
2020-08-10 10:18:13,877 - mylogger - INFO - adding test case TC54350 to test set TS43801
2020-08-10 10:18:15,728 - mylogger - INFO - adding test case TC54351 to test set TS43801
2020-08-10 10:18:17,387 - mylogger - INFO - adding test case TC54352 to test set TS43801
2020-08-10 10:18:19,226 - mylogger - INFO - adding test case TC54418 to test set TS43801
2020-08-10 10:18:21,186 - mylogger - INFO - adding test case TC54419 to test set TS43801
2020-08-10 10:18:22,888 - mylogger - INFO - adding test case TC54459 to test set TS43801
2020-08-10 10:18:24,943 - mylogger - INFO - adding test case TC55380 to test set TS43801
2020-08-10 10:18:27,113 - mylogger - INFO - adding test case TC55417 to test set TS43801
2020-08-10 10:18:29,407 - mylogger - INFO - adding test case TC55747 to test set TS43801
2020-08-10 10:18:31,516 - mylogger - INFO - adding test case TC59377 to test set TS43801
2020-08-10 10:18:33,543 - mylogger - INFO - adding test case TC59693 to test set TS43801
2020-08-10 10:18:35,757 - mylogger - INFO - adding test case TC59694 to test set TS43801
2020-08-10 10:18:37,734 - mylogger - INFO - adding test case TC59695 to test set TS43801
2020-08-10 10:18:39,780 - mylogger - INFO - adding test case TC59696 to test set TS43801
2020-08-10 10:18:43,146 - mylogger - INFO - adding test case TC59769 to test set TS43801
2020-08-10 10:18:45,336 - mylogger - INFO - adding test case TC60209 to test set TS43801
2020-08-10 10:18:47,638 - mylogger - INFO - adding test case TC60432 to test set TS43801
2020-08-10 10:18:49,646 - mylogger - INFO - adding test case TC60439 to test set TS43801
2020-08-10 10:18:51,733 - mylogger - INFO - adding test case TC61116 to test set TS43801
2020-08-10 10:18:53,704 - mylogger - INFO - adding test case TC63577 to test set TS43801
2020-08-10 10:18:56,190 - mylogger - INFO - adding test case TC64740 to test set TS43801
2020-08-10 10:18:58,150 - mylogger - INFO - adding test case TC65769 to test set TS43801
2020-08-10 10:19:00,192 - mylogger - INFO - adding test case TC66575 to test set TS43801
